Archive member included to satisfy reference by file (symbol)

c:/program files (x86)/atollic/truestudio for stm32 9.0.1/armtools/bin/../lib/gcc/arm-atollic-eabi/6.3.1/../../../../arm-atollic-eabi/lib/armv7e-m/fpu\libc_nano.a(lib_a-init.o)
                              startup\startup_stm32f429xx.o (__libc_init_array)
c:/program files (x86)/atollic/truestudio for stm32 9.0.1/armtools/bin/../lib/gcc/arm-atollic-eabi/6.3.1/../../../../arm-atollic-eabi/lib/armv7e-m/fpu\libc_nano.a(lib_a-malloc.o)
                              Middlewares\ST\STM32_USB_Device_Library\Class\CDC\Src\usbd_cdc.o (malloc)
c:/program files (x86)/atollic/truestudio for stm32 9.0.1/armtools/bin/../lib/gcc/arm-atollic-eabi/6.3.1/../../../../arm-atollic-eabi/lib/armv7e-m/fpu\libc_nano.a(lib_a-memcpy-stub.o)
                              Core\Src\skif.o (memcpy)
c:/program files (x86)/atollic/truestudio for stm32 9.0.1/armtools/bin/../lib/gcc/arm-atollic-eabi/6.3.1/../../../../arm-atollic-eabi/lib/armv7e-m/fpu\libc_nano.a(lib_a-memset.o)
                              Core\Src\bmp180.o (memset)
c:/program files (x86)/atollic/truestudio for stm32 9.0.1/armtools/bin/../lib/gcc/arm-atollic-eabi/6.3.1/../../../../arm-atollic-eabi/lib/armv7e-m/fpu\libc_nano.a(lib_a-nano-freer.o)
                              c:/program files (x86)/atollic/truestudio for stm32 9.0.1/armtools/bin/../lib/gcc/arm-atollic-eabi/6.3.1/../../../../arm-atollic-eabi/lib/armv7e-m/fpu\libc_nano.a(lib_a-malloc.o) (_free_r)
c:/program files (x86)/atollic/truestudio for stm32 9.0.1/armtools/bin/../lib/gcc/arm-atollic-eabi/6.3.1/../../../../arm-atollic-eabi/lib/armv7e-m/fpu\libc_nano.a(lib_a-nano-mallocr.o)
                              c:/program files (x86)/atollic/truestudio for stm32 9.0.1/armtools/bin/../lib/gcc/arm-atollic-eabi/6.3.1/../../../../arm-atollic-eabi/lib/armv7e-m/fpu\libc_nano.a(lib_a-malloc.o) (_malloc_r)
c:/program files (x86)/atollic/truestudio for stm32 9.0.1/armtools/bin/../lib/gcc/arm-atollic-eabi/6.3.1/../../../../arm-atollic-eabi/lib/armv7e-m/fpu\libc_nano.a(lib_a-nano-vfprintf_float.o)
                              (_printf_float)
c:/program files (x86)/atollic/truestudio for stm32 9.0.1/armtools/bin/../lib/gcc/arm-atollic-eabi/6.3.1/../../../../arm-atollic-eabi/lib/armv7e-m/fpu\libc_nano.a(lib_a-nano-vfprintf_i.o)
                              c:/program files (x86)/atollic/truestudio for stm32 9.0.1/armtools/bin/../lib/gcc/arm-atollic-eabi/6.3.1/../../../../arm-atollic-eabi/lib/armv7e-m/fpu\libc_nano.a(lib_a-nano-vfprintf_float.o) (_printf_common)
c:/program files (x86)/atollic/truestudio for stm32 9.0.1/armtools/bin/../lib/gcc/arm-atollic-eabi/6.3.1/../../../../arm-atollic-eabi/lib/armv7e-m/fpu\libc_nano.a(lib_a-sbrkr.o)
                              c:/program files (x86)/atollic/truestudio for stm32 9.0.1/armtools/bin/../lib/gcc/arm-atollic-eabi/6.3.1/../../../../arm-atollic-eabi/lib/armv7e-m/fpu\libc_nano.a(lib_a-nano-mallocr.o) (_sbrk_r)
c:/program files (x86)/atollic/truestudio for stm32 9.0.1/armtools/bin/../lib/gcc/arm-atollic-eabi/6.3.1/../../../../arm-atollic-eabi/lib/armv7e-m/fpu\libc_nano.a(lib_a-sprintf.o)
                              Core\Src\main.o (sprintf)
c:/program files (x86)/atollic/truestudio for stm32 9.0.1/armtools/bin/../lib/gcc/arm-atollic-eabi/6.3.1/../../../../arm-atollic-eabi/lib/armv7e-m/fpu\libc_nano.a(lib_a-strcpy.o)
                              Core\Src\skif.o (strcpy)
c:/program files (x86)/atollic/truestudio for stm32 9.0.1/armtools/bin/../lib/gcc/arm-atollic-eabi/6.3.1/../../../../arm-atollic-eabi/lib/armv7e-m/fpu\libc_nano.a(lib_a-strlen.o)
                              Core\Src\main.o (strlen)
c:/program files (x86)/atollic/truestudio for stm32 9.0.1/armtools/bin/../lib/gcc/arm-atollic-eabi/6.3.1/../../../../arm-atollic-eabi/lib/armv7e-m/fpu\libc_nano.a(lib_a-strncpy.o)
                              Core\Src\nmea.o (strncpy)
c:/program files (x86)/atollic/truestudio for stm32 9.0.1/armtools/bin/../lib/gcc/arm-atollic-eabi/6.3.1/../../../../arm-atollic-eabi/lib/armv7e-m/fpu\libc_nano.a(lib_a-dtoa.o)
                              c:/program files (x86)/atollic/truestudio for stm32 9.0.1/armtools/bin/../lib/gcc/arm-atollic-eabi/6.3.1/../../../../arm-atollic-eabi/lib/armv7e-m/fpu\libc_nano.a(lib_a-nano-vfprintf_float.o) (_dtoa_r)
c:/program files (x86)/atollic/truestudio for stm32 9.0.1/armtools/bin/../lib/gcc/arm-atollic-eabi/6.3.1/../../../../arm-atollic-eabi/lib/armv7e-m/fpu\libc_nano.a(lib_a-impure.o)
                              c:/program files (x86)/atollic/truestudio for stm32 9.0.1/armtools/bin/../lib/gcc/arm-atollic-eabi/6.3.1/../../../../arm-atollic-eabi/lib/armv7e-m/fpu\libc_nano.a(lib_a-malloc.o) (_impure_ptr)
c:/program files (x86)/atollic/truestudio for stm32 9.0.1/armtools/bin/../lib/gcc/arm-atollic-eabi/6.3.1/../../../../arm-atollic-eabi/lib/armv7e-m/fpu\libc_nano.a(lib_a-localeconv.o)
[...]
Memory Configuration

Name             Origin             Length             Attributes
RAM              0x20000000         0x00030000         xrw
CCMRAM           0x10000000         0x00010000         rw
FLASH            0x08000000         0x00100000         xr
*default*        0x00000000         0xffffffff

Linker script and memory map

LOAD c:/program files (x86)/atollic/truestudio for stm32 9.0.1/armtools/bin/../lib/gcc/arm-atollic-eabi/6.3.1/armv7e-m/fpu/crti.o
LOAD c:/program files (x86)/atollic/truestudio for stm32 9.0.1/armtools/bin/../lib/gcc/arm-atollic-eabi/6.3.1/armv7e-m/fpu/crtbegin.o
LOAD Core\Src\MadgwickAHRS.o
LOAD Core\Src\bmp180.o
LOAD Core\Src\devices.o
LOAD Core\Src\main.o
LOAD Core\Src\nmea.o
LOAD Core\Src\skif.o
LOAD Core\Src\stm32f4xx_hal_msp.o
LOAD Core\Src\stm32f4xx_hal_timebase_TIM.o
LOAD Core\Src\stm32f4xx_it.o
LOAD Core\Src\system_stm32f4xx.o
LOAD Drivers\BSP\src\bsp_exti.o
LOAD Drivers\BSP\src\bsp_iic.o
LOAD Drivers\BSP\src\bsp_manchester.o
LOAD Drivers\BSP\src\bsp_rtc.o
LOAD Drivers\BSP\src\bsp_sdcard.o
LOAD Drivers\BSP\src\bsp_timers.o
LOAD Drivers\BSP\src\bsp_usart.o
LOAD Drivers\BSP\src\bsp_usb.o
LOAD Drivers\STM32F4xx_HAL_Driver\Src\stm32f4xx_hal.o
LOAD Drivers\STM32F4xx_HAL_Driver\Src\stm32f4xx_hal_can.o
LOAD Drivers\STM32F4xx_HAL_Driver\Src\stm32f4xx_hal_cortex.o
LOAD Drivers\STM32F4xx_HAL_Driver\Src\stm32f4xx_hal_dma.o
LOAD Drivers\STM32F4xx_HAL_Driver\Src\stm32f4xx_hal_dma_ex.o
LOAD Drivers\STM32F4xx_HAL_Driver\Src\stm32f4xx_hal_flash.o
LOAD Drivers\STM32F4xx_HAL_Driver\Src\stm32f4xx_hal_flash_ex.o
LOAD Drivers\STM32F4xx_HAL_Driver\Src\stm32f4xx_hal_flash_ramfunc.o
LOAD Drivers\STM32F4xx_HAL_Driver\Src\stm32f4xx_hal_gpio.o
LOAD Drivers\STM32F4xx_HAL_Driver\Src\stm32f4xx_hal_i2c.o
LOAD Drivers\STM32F4xx_HAL_Driver\Src\stm32f4xx_hal_i2c_ex.o
LOAD Drivers\STM32F4xx_HAL_Driver\Src\stm32f4xx_hal_pcd.o
LOAD Drivers\STM32F4xx_HAL_Driver\Src\stm32f4xx_hal_pcd_ex.o
LOAD Drivers\STM32F4xx_HAL_Driver\Src\stm32f4xx_hal_pwr.o
LOAD Drivers\STM32F4xx_HAL_Driver\Src\stm32f4xx_hal_pwr_ex.o
LOAD Drivers\STM32F4xx_HAL_Driver\Src\stm32f4xx_hal_rcc.o
LOAD Drivers\STM32F4xx_HAL_Driver\Src\stm32f4xx_hal_rcc_ex.o
LOAD Drivers\STM32F4xx_HAL_Driver\Src\stm32f4xx_hal_rtc.o
LOAD Drivers\STM32F4xx_HAL_Driver\Src\stm32f4xx_hal_rtc_ex.o
LOAD Drivers\STM32F4xx_HAL_Driver\Src\stm32f4xx_hal_spi.o
LOAD Drivers\STM32F4xx_HAL_Driver\Src\stm32f4xx_hal_tim.o
LOAD Drivers\STM32F4xx_HAL_Driver\Src\stm32f4xx_hal_tim_ex.o
LOAD Drivers\STM32F4xx_HAL_Driver\Src\stm32f4xx_hal_uart.o
LOAD Drivers\STM32F4xx_HAL_Driver\Src\stm32f4xx_hal_usart.o
LOAD Drivers\STM32F4xx_HAL_Driver\Src\stm32f4xx_ll_rtc.o
LOAD Drivers\STM32F4xx_HAL_Driver\Src\stm32f4xx_ll_usart.o
LOAD Drivers\STM32F4xx_HAL_Driver\Src\stm32f4xx_ll_usb.o
LOAD Middlewares\ST\STM32_USB_Device_Library\Class\CDC\Src\usbd_cdc.o
LOAD Middlewares\ST\STM32_USB_Device_Library\Core\Src\usb_device.o
LOAD Middlewares\ST\STM32_USB_Device_Library\Core\Src\usbd_cdc_if.o
LOAD Middlewares\ST\STM32_USB_Device_Library\Core\Src\usbd_conf.o
LOAD Middlewares\ST\STM32_USB_Device_Library\Core\Src\usbd_core.o
LOAD Middlewares\ST\STM32_USB_Device_Library\Core\Src\usbd_ctlreq.o
LOAD Middlewares\ST\STM32_USB_Device_Library\Core\Src\usbd_desc.o
LOAD Middlewares\ST\STM32_USB_Device_Library\Core\Src\usbd_ioreq.o
LOAD Middlewares\Third_Party\FatFs\src\diskio.o
LOAD Middlewares\Third_Party\FatFs\src\fatfs.o
LOAD Middlewares\Third_Party\FatFs\src\ff.o
LOAD Middlewares\Third_Party\FatFs\src\ff_gen_drv.o
LOAD Middlewares\Third_Party\FatFs\src\option\syscall.o
LOAD Middlewares\Third_Party\FatFs\src\sd_diskio.o
LOAD Middlewares\Third_Party\FatFs\src\stm32_adafruit_sd.o
LOAD Middlewares\Third_Party\FreeRTOS\Source\CMSIS_RTOS\cmsis_os.o
LOAD Middlewares\Third_Party\FreeRTOS\Source\croutine.o
LOAD Middlewares\Third_Party\FreeRTOS\Source\event_groups.o
LOAD Middlewares\Third_Party\FreeRTOS\Source\freertos.o
LOAD Middlewares\Third_Party\FreeRTOS\Source\list.o
LOAD Middlewares\Third_Party\FreeRTOS\Source\portable\MemMang\heap_4.o
LOAD Middlewares\Third_Party\FreeRTOS\Source\portable\RVDS\ARM_CM4F\port.o
LOAD Middlewares\Third_Party\FreeRTOS\Source\queue.o
LOAD Middlewares\Third_Party\FreeRTOS\Source\tasks.o
LOAD Middlewares\Third_Party\FreeRTOS\Source\timers.o
LOAD startup\startup_stm32f429xx.o
                0x00000080                malloc_getpagesize_P = 0x80
START GROUP
LOAD c:/program files (x86)/atollic/truestudio for stm32 9.0.1/armtools/bin/../lib/gcc/arm-atollic-eabi/6.3.1/../../../../arm-atollic-eabi/lib/armv7e-m/fpu\libc_nano.a
LOAD c:/program files (x86)/atollic/truestudio for stm32 9.0.1/armtools/bin/../lib/gcc/arm-atollic-eabi/6.3.1/../../../../arm-atollic-eabi/lib/armv7e-m/fpu\libm.a
END GROUP
START GROUP
LOAD c:/program files (x86)/atollic/truestudio for stm32 9.0.1/armtools/bin/../lib/gcc/arm-atollic-eabi/6.3.1/armv7e-m/fpu\libgcc.a
LOAD c:/program files (x86)/atollic/truestudio for stm32 9.0.1/armtools/bin/../lib/gcc/arm-atollic-eabi/6.3.1/../../../../arm-atollic-eabi/lib/armv7e-m/fpu\libc_nano.a
END GROUP
START GROUP
LOAD c:/program files (x86)/atollic/truestudio for stm32 9.0.1/armtools/bin/../lib/gcc/arm-atollic-eabi/6.3.1/armv7e-m/fpu\libgcc.a
LOAD c:/program files (x86)/atollic/truestudio for stm32 9.0.1/armtools/bin/../lib/gcc/arm-atollic-eabi/6.3.1/../../../../arm-atollic-eabi/lib/armv7e-m/fpu\libc_nano.a
LOAD c:/program files (x86)/atollic/truestudio for stm32 9.0.1/armtools/bin/../lib/gcc/arm-atollic-eabi/6.3.1/../../../../arm-atollic-eabi/lib/armv7e-m/fpu\libnosys.a
END GROUP
START GROUP
LOAD c:/program files (x86)/atollic/truestudio for stm32 9.0.1/armtools/bin/../lib/gcc/arm-atollic-eabi/6.3.1/armv7e-m/fpu\libgcc.a
LOAD c:/program files (x86)/atollic/truestudio for stm32 9.0.1/armtools/bin/../lib/gcc/arm-atollic-eabi/6.3.1/../../../../arm-atollic-eabi/lib/armv7e-m/fpu\libc_nano.a
LOAD c:/program files (x86)/atollic/truestudio for stm32 9.0.1/armtools/bin/../lib/gcc/arm-atollic-eabi/6.3.1/../../../../arm-atollic-eabi/lib/armv7e-m/fpu\libnosys.a
END GROUP
LOAD c:/program files (x86)/atollic/truestudio for stm32 9.0.1/armtools/bin/../lib/gcc/arm-atollic-eabi/6.3.1/armv7e-m/fpu/crtend.o
LOAD c:/program files (x86)/atollic/truestudio for stm32 9.0.1/armtools/bin/../lib/gcc/arm-atollic-eabi/6.3.1/armv7e-m/fpu/crtn.o
                0x20030000                _estack = 0x20030000
                0x00000000                _Min_Heap_Size = 0x0
                0x00000400                _Min_Stack_Size = 0x400

.isr_vector     0x08000000      0x1ac
                0x08000000                . = ALIGN (0x4)
 *(.isr_vector)
 .isr_vector    0x08000000      0x1ac startup\startup_stm32f429xx.o
                0x08000000                g_pfnVectors
                0x080001ac                . = ALIGN (0x4)

.text           0x080001b0     0xea68
                0x080001b0                . = ALIGN (0x4)
 *(.text)
 .text          0x080001b0       0x40 c:/program files (x86)/atollic/truestudio for stm32 9.0.1/armtools/bin/../lib/gcc/arm-atollic-eabi/6.3.1/armv7e-m/fpu/crtbegin.o
 .text          0x080001f0       0x10 c:/program files (x86)/atollic/truestudio for stm32 9.0.1/armtools/bin/../lib/gcc/arm-atollic-eabi/6.3.1/../../../../arm-atollic-eabi/lib/armv7e-m/fpu\libc_nano.a(lib_a-strlen.o)
                0x080001f0                strlen
 .text          0x08000200       0xa0 c:/program files (x86)/atollic/truestudio for stm32 9.0.1/armtools/bin/../lib/gcc/arm-atollic-eabi/6.3.1/../../../../arm-atollic-eabi/lib/armv7e-m/fpu\libc_nano.a(lib_a-memchr.o)
                0x08000200                memchr
 .text          0x080002a0      0x370 c:/program files (x86)/atollic/truestudio for stm32 9.0.1/armtools/bin/../lib/gcc/arm-atollic-eabi/6.3.1/armv7e-m/fpu\libgcc.a(_arm_addsubdf3.o)
                0x080002a0                __aeabi_drsub
                0x080002a8                __aeabi_dsub
                0x080002a8                __subdf3
                0x080002ac                __aeabi_dadd
                0x080002ac                __adddf3
                0x08000524                __floatunsidf
                0x08000524                __aeabi_ui2d
                0x08000544                __floatsidf
                0x08000544                __aeabi_i2d
                0x08000568                __aeabi_f2d
                0x08000568                __extendsfdf2
                0x080005a4                __floatundidf
                0x080005a4                __aeabi_ul2d
                0x080005b4                __floatdidf
                0x080005b4                __aeabi_l2d
 .text          0x08000610      0x424 c:/program files (x86)/atollic/truestudio for stm32 9.0.1/armtools/bin/../lib/gcc/arm-atollic-eabi/6.3.1/armv7e-m/fpu\libgcc.a(_arm_muldivdf3.o)
                0x08000610                __aeabi_dmul
                0x08000610                __muldf3
                0x08000864                __divdf3
                0x08000864                __aeabi_ddiv
 .text          0x08000a34      0x110 c:/program files (x86)/atollic/truestudio for stm32 9.0.1/armtools/bin/../lib/gcc/arm-atollic-eabi/6.3.1/armv7e-m/fpu\libgcc.a(_arm_cmpdf2.o)
                0x08000a34                __gtdf2
                0x08000a34                __gedf2
                0x08000a3c                __ltdf2
                0x08000a3c                __ledf2
                0x08000a44                __nedf2
                0x08000a44                __eqdf2
                0x08000a44                __cmpdf2
                0x08000ac0                __aeabi_cdrcmple
                0x08000ad0                __aeabi_cdcmpeq
                0x08000ad0                __aeabi_cdcmple
                0x08000ae0                __aeabi_dcmpeq
                0x08000af4                __aeabi_dcmplt
                0x08000b08                __aeabi_dcmple
                0x08000b1c                __aeabi_dcmpge
                0x08000b30                __aeabi_dcmpgt
 .text          0x08000b44       0x2c c:/program files (x86)/atollic/truestudio for stm32 9.0.1/armtools/bin/../lib/gcc/arm-atollic-eabi/6.3.1/armv7e-m/fpu\libgcc.a(_arm_unorddf2.o)
                0x08000b44                __unorddf2
                0x08000b44                __aeabi_dcmpun
 .text          0x08000b70       0x50 c:/program files (x86)/atollic/truestudio for stm32 9.0.1/armtools/bin/../lib/gcc/arm-atollic-eabi/6.3.1/armv7e-m/fpu\libgcc.a(_arm_fixdfsi.o)
                0x08000b70                __aeabi_d2iz
                0x08000b70                __fixdfsi
 .text          0x08000bc0       0xa0 c:/program files (x86)/atollic/truestudio for stm32 9.0.1/armtools/bin/../lib/gcc/arm-atollic-eabi/6.3.1/armv7e-m/fpu\libgcc.a(_arm_truncdfsf2.o)
                0x08000bc0                __truncdfsf2
                0x08000bc0                __aeabi_d2f
 .text          0x08000c60       0x30 c:/program files (x86)/atollic/truestudio for stm32 9.0.1/armtools/bin/../lib/gcc/arm-atollic-eabi/6.3.1/armv7e-m/fpu\libgcc.a(_aeabi_uldivmod.o)
                0x08000c60                __aeabi_uldivmod
 .text          0x08000c90      0x2dc c:/program files (x86)/atollic/truestudio for stm32 9.0.1/armtools/bin/../lib/gcc/arm-atollic-eabi/6.3.1/armv7e-m/fpu\libgcc.a(_udivmoddi4.o)
                0x08000c90                __udivmoddi4
 .text          0x08000f6c        0x4 c:/program files (x86)/atollic/truestudio for stm32 9.0.1/armtools/bin/../lib/gcc/arm-atollic-eabi/6.3.1/armv7e-m/fpu\libgcc.a(_dvmd_tls.o)
                0x08000f6c                __aeabi_idiv0
                0x08000f6c                __aeabi_ldiv0
 *(.text*)
 .text.invSqrt  0x08000f70       0x2c Core\Src\MadgwickAHRS.o
                0x08000f70                invSqrt
 .text.MadgwickAHRSupdateIMU
                0x08000f9c      0x2b8 Core\Src\MadgwickAHRS.o
                0x08000f9c                MadgwickAHRSupdateIMU
 .text.BMP180_Init
                0x08001254       0x54 Core\Src\bmp180.o
                0x08001254                BMP180_Init
 .text.BMP180_StartMeasure
                0x080012a8       0x14 Core\Src\bmp180.o
                0x080012a8                BMP180_StartMeasure
 .text.BMP180_MeasureT
                0x080012bc       0x68 Core\Src\bmp180.o
                0x080012bc                BMP180_MeasureT
 .text.BMP180_MeasureP
                0x08001324       0xa4 Core\Src\bmp180.o
                0x08001324                BMP180_MeasureP
 .text.BMP180_GetAltitude
                0x080013c8       0x14 Core\Src\bmp180.o
                0x080013c8                BMP180_GetAltitude
 *fill*         0x080013dc        0x4 
 .text.BMP180_CalibrateData
                0x080013e0      0x1fc Core\Src\bmp180.o
                0x080013e0                BMP180_CalibrateData
 .text.BMP180Task
                0x080015dc      0x2cc Core\Src\bmp180.o
                0x080015dc                BMP180Task
 .text.Devices_Init
                0x080018a8       0x34 Core\Src\devices.o
                0x080018a8                Devices_Init
 .text.Devices_GetDataPointer
                0x080018dc       0x1c Core\Src\devices.o
                0x080018dc                Devices_GetDataPointer
 .text.BSP_EXTI0_Callback
                0x080018f8       0x3c Core\Src\devices.o
                0x080018f8                BSP_EXTI0_Callback
 .text.BSP_EXTI1_Callback
                0x08001934       0x3c Core\Src\devices.o
                0x08001934                BSP_EXTI1_Callback
 .text.BSP_EXTI2_Callback
                0x08001970       0x3c Core\Src\devices.o
                0x08001970                BSP_EXTI2_Callback
 .text.BSP_EXTI3_Callback
                0x080019ac       0x3c Core\Src\devices.o
                0x080019ac                BSP_EXTI3_Callback
 .text.BSP_EXTI4_Callback
                0x080019e8       0x3c Core\Src\devices.o
                0x080019e8                BSP_EXTI4_Callback
 .text.BSP_USART_RxData
                0x08001a24       0x90 Core\Src\devices.o
                0x08001a24                BSP_USART_RxData
 .text.Devices_LedToggle
                0x08001ab4        0xc Core\Src\devices.o
                0x08001ab4                Devices_LedToggle
 .text.Devices_IMUOn
                0x08001ac0       0x10 Core\Src\devices.o
                0x08001ac0                Devices_IMUOn
 .text.Devices_IMUOff
                0x08001ad0       0x10 Core\Src\devices.o
                0x08001ad0                Devices_IMUOff
 .text.mainTask
                0x08001ae0       0xa4 Core\Src\main.o
                0x08001ae0                mainTask
 .text.systemClock_Config
                0x08001b84       0xac Core\Src\main.o
                0x08001b84                systemClock_Config
 .text.portClkInit
                0x08001c30       0xc8 Core\Src\main.o
                0x08001c30                portClkInit
 .text.startup.main
                0x08001cf8       0x58 Core\Src\main.o
                0x08001cf8                main
 .text.mainGiveSemaphore
                0x08001d50       0x14 Core\Src\main.o
                0x08001d50                mainGiveSemaphore
 .text.HAL_TIM_PeriodElapsedCallback
                0x08001d64       0x30 Core\Src\main.o
                0x08001d64                HAL_TIM_PeriodElapsedCallback
 .text.GetRunTimeStatsValue
                0x08001d94        0xc Core\Src\main.o
                0x08001d94                GetRunTimeStatsValue
 .text.SetupRunTimeStatsTimer
                0x08001da0       0x78 Core\Src\main.o
                0x08001da0                SetupRunTimeStatsTimer
 .text._Error_Handler
                0x08001e18        0x2 Core\Src\main.o
                0x08001e18                _Error_Handler
 *fill*         0x08001e1a        0x2 
 .text.NMEA_Parse
                0x08001e1c       0x60 Core\Src\nmea.o
                0x08001e1c                NMEA_Parse
 .text.NMEA_GetPositionString
                0x08001e7c        0x8 Core\Src\nmea.o
                0x08001e7c                NMEA_GetPositionString
 .text.IMU_Init
                0x08001e84       0x58 Core\Src\skif.o
                0x08001e84                IMU_Init
 *fill*         0x08001edc        0x4 
 .text.IMU_Calcualte
                0x08001ee0      0x30c Core\Src\skif.o
                0x08001ee0                IMU_Calcualte
 .text.IMU_Task
                0x080021ec       0xb0 Core\Src\skif.o
                0x080021ec                IMU_Task
 *fill*         0x0800229c        0x4 
 .text.BSP_EXTI5_Callback
                0x080022a0      0x264 Core\Src\skif.o
                0x080022a0                BSP_EXTI5_Callback
 .text.IMU_GetSkifCurrentData
                0x08002504        0x8 Core\Src\skif.o
                0x08002504                IMU_GetSkifCurrentData
 .text.HAL_MspInit
                0x0800250c       0x60 Core\Src\stm32f4xx_hal_msp.o
                0x0800250c                HAL_MspInit
 .text.HAL_SPI_MspInit
                0x0800256c       0x8c Core\Src\stm32f4xx_hal_msp.o
                0x0800256c                HAL_SPI_MspInit
 .text.HAL_I2C_MspInit
                0x080025f8      0x118 Core\Src\stm32f4xx_hal_msp.o
                0x080025f8                HAL_I2C_MspInit
 .text.HAL_UART_MspInit
                0x08002710      0x1d8 Core\Src\stm32f4xx_hal_msp.o
                0x08002710                HAL_UART_MspInit
 .text.HAL_InitTick
                0x080028e8       0x7c Core\Src\stm32f4xx_hal_timebase_TIM.o
                0x080028e8                HAL_InitTick
 .text.NMI_Handler
                0x08002964        0x2 Core\Src\stm32f4xx_it.o
                0x08002964                NMI_Handler
 .text.HardFault_Handler
                0x08002966        0x2 Core\Src\stm32f4xx_it.o
                0x08002966                HardFault_Handler
 .text.MemManage_Handler
                0x08002968        0x2 Core\Src\stm32f4xx_it.o
                0x08002968                MemManage_Handler
 .text.BusFault_Handler
                0x0800296a        0x2 Core\Src\stm32f4xx_it.o
                0x0800296a                BusFault_Handler
 .text.UsageFault_Handler
                0x0800296c        0x2 Core\Src\stm32f4xx_it.o
                0x0800296c                UsageFault_Handler
 .text.DebugMon_Handler
                0x0800296e        0x2 Core\Src\stm32f4xx_it.o
                0x0800296e                DebugMon_Handler
 .text.SysTick_Handler
                0x08002970        0x4 Core\Src\stm32f4xx_it.o
                0x08002970                SysTick_Handler
 .text.TIM1_UP_TIM10_IRQHandler
                0x08002974        0xc Core\Src\stm32f4xx_it.o
                0x08002974                TIM1_UP_TIM10_IRQHandler
 .text.OTG_FS_IRQHandler
                0x08002980        0xc Core\Src\stm32f4xx_it.o
                0x08002980                OTG_FS_IRQHandler
 .text.TIM7_IRQHandler
                0x0800298c        0xc Core\Src\stm32f4xx_it.o
                0x0800298c                TIM7_IRQHandler
 .text.I2C1_EV_IRQHandler
                0x08002998        0xc Core\Src\stm32f4xx_it.o
                0x08002998                I2C1_EV_IRQHandler
 .text.I2C2_ER_IRQHandler
                0x080029a4        0xc Core\Src\stm32f4xx_it.o
                0x080029a4                I2C2_ER_IRQHandler
 .text.I2C2_EV_IRQHandler
                0x080029b0        0xc Core\Src\stm32f4xx_it.o
                0x080029b0                I2C2_EV_IRQHandler
 .text.I2C1_ER_IRQHandler
                0x080029bc        0xc Core\Src\stm32f4xx_it.o
                0x080029bc                I2C1_ER_IRQHandler
 .text.EXTI9_5_IRQHandler
                0x080029c8        0x6 Core\Src\stm32f4xx_it.o
                0x080029c8                EXTI9_5_IRQHandler
 *fill*         0x080029ce        0x2 
 .text.EXTI4_IRQHandler
                0x080029d0       0x18 Core\Src\stm32f4xx_it.o
                0x080029d0                EXTI4_IRQHandler
 .text.EXTI3_IRQHandler
                0x080029e8       0x18 Core\Src\stm32f4xx_it.o
                0x080029e8                EXTI3_IRQHandler
 .text.EXTI2_IRQHandler
                0x08002a00       0x18 Core\Src\stm32f4xx_it.o
                0x08002a00                EXTI2_IRQHandler
 .text.EXTI1_IRQHandler
                0x08002a18       0x18 Core\Src\stm32f4xx_it.o
                0x08002a18                EXTI1_IRQHandler
 .text.EXTI0_IRQHandler
                0x08002a30       0x18 Core\Src\stm32f4xx_it.o
                0x08002a30                EXTI0_IRQHandler
 .text.USART1_IRQHandler
                0x08002a48       0x20 Core\Src\stm32f4xx_it.o
                0x08002a48                USART1_IRQHandler
 .text.UART7_IRQHandler
                0x08002a68        0xc Core\Src\stm32f4xx_it.o
                0x08002a68                UART7_IRQHandler
 .text.DMA1_Stream3_IRQHandler
                0x08002a74        0xc Core\Src\stm32f4xx_it.o
                0x08002a74                DMA1_Stream3_IRQHandler
 .text.SystemInit
                0x08002a80       0x4c Core\Src\system_stm32f4xx.o
                0x08002a80                SystemInit
 .text.BSP_EXTI_Init
                0x08002acc       0xd4 Drivers\BSP\src\bsp_exti.o
                0x08002acc                BSP_EXTI_Init
 .text.HAL_GPIO_EXTI_Callback
                0x08002ba0        0xc Drivers\BSP\src\bsp_exti.o
                0x08002ba0                HAL_GPIO_EXTI_Callback
 .text.BSP_I2C_Init
                0x08002bac       0x44 Drivers\BSP\src\bsp_iic.o
                0x08002bac                BSP_I2C_Init
 .text.BSP_I2C_Read_Byte
                0x08002bf0       0x60 Drivers\BSP\src\bsp_iic.o
                0x08002bf0                BSP_I2C_Read_Byte
 .text.BSP_I2C_Read_Bytes
                0x08002c50       0x54 Drivers\BSP\src\bsp_iic.o
                0x08002c50                BSP_I2C_Read_Bytes
 .text.BSP_I2C_Write_Byte
                0x08002ca4       0x30 Drivers\BSP\src\bsp_iic.o
                0x08002ca4                BSP_I2C_Write_Byte
 .text.I2C_ClearBusyFlagErratum
                0x08002cd4      0x140 Drivers\BSP\src\bsp_iic.o
                0x08002cd4                I2C_ClearBusyFlagErratum
 .text.BSP_I2C2_Init
                0x08002e14       0x44 Drivers\BSP\src\bsp_iic.o
                0x08002e14                BSP_I2C2_Init
 .text.BSP_I2C2_Read_Byte
                0x08002e58       0x60 Drivers\BSP\src\bsp_iic.o
                0x08002e58                BSP_I2C2_Read_Byte
 .text.BSP_I2C2_Read_Bytes
                0x08002eb8       0x54 Drivers\BSP\src\bsp_iic.o
                0x08002eb8                BSP_I2C2_Read_Bytes
 .text.BSP_I2C2_Write_Byte
                0x08002f0c       0x30 Drivers\BSP\src\bsp_iic.o
                0x08002f0c                BSP_I2C2_Write_Byte
 .text.BSP_Manchester_SendByte
                0x08002f3c       0x20 Drivers\BSP\src\bsp_manchester.o
                0x08002f3c                BSP_Manchester_SendByte
 .text.BSP_Manchester_TxEnd_Callback
                0x08002f5c       0x38 Drivers\BSP\src\bsp_manchester.o
                0x08002f5c                BSP_Manchester_TxEnd_Callback
 .text.BSP_ByteToManEncode
                0x08002f94       0x30 Drivers\BSP\src\bsp_manchester.o
                0x08002f94                BSP_ByteToManEncode
 .text.BSP_ManToByteDecode
                0x08002fc4       0x28 Drivers\BSP\src\bsp_manchester.o
                0x08002fc4                BSP_ManToByteDecode
 .text.BSP_Manchester_RxEndCallback
                0x08002fec       0x2c Drivers\BSP\src\bsp_manchester.o
                0x08002fec                BSP_Manchester_RxEndCallback
 .text.TIM6_DAC_IRQHandler
                0x08003018       0x6c Drivers\BSP\src\bsp_manchester.o
                0x08003018                TIM6_DAC_IRQHandler
 .text.TIM5_IRQHandler
                0x08003084       0x78 Drivers\BSP\src\bsp_manchester.o
                0x08003084                TIM5_IRQHandler
 .text.BSP_SDCard_Task
                0x080030fc      0x138 Drivers\BSP\src\bsp_sdcard.o
                0x080030fc                BSP_SDCard_Task
 .text.BSP_SDCard_Init
                0x08003234       0x64 Drivers\BSP\src\bsp_sdcard.o
                0x08003234                BSP_SDCard_Init
 .text.BSP_SDCard_SPIInit
                0x08003298       0x4c Drivers\BSP\src\bsp_sdcard.o
                0x08003298                BSP_SDCard_SPIInit
 .text.BSP_SDCard_StartWrite
                0x080032e4       0x14 Drivers\BSP\src\bsp_sdcard.o
                0x080032e4                BSP_SDCard_StartWrite
 .text.SD_IO_CSState
                0x080032f8       0x14 Drivers\BSP\src\bsp_sdcard.o
                0x080032f8                SD_IO_CSState
 .text.SD_IO_WriteReadData
                0x0800330c       0x20 Drivers\BSP\src\bsp_sdcard.o
                0x0800330c                SD_IO_WriteReadData
 .text.SD_IO_WriteByte
                0x0800332c       0x2c Drivers\BSP\src\bsp_sdcard.o
                0x0800332c                SD_IO_WriteByte
 .text.SD_IO_Init
                0x08003358       0x1e Drivers\BSP\src\bsp_sdcard.o
                0x08003358                SD_IO_Init
 *fill*         0x08003376        0x2 
 .text.BSP_Timers_TIM3Init
                0x08003378       0x64 Drivers\BSP\src\bsp_timers.o
                0x08003378                BSP_Timers_TIM3Init
 .text.BSP_Timers_TIM5Init
                0x080033dc       0x64 Drivers\BSP\src\bsp_timers.o
                0x080033dc                BSP_Timers_TIM5Init
 .text.BSP_Timers_TIM6Init
                0x08003440       0x64 Drivers\BSP\src\bsp_timers.o
                0x08003440                BSP_Timers_TIM6Init
 .text.BSP_Timers_TIM2Init
                0x080034a4       0x60 Drivers\BSP\src\bsp_timers.o
                0x080034a4                BSP_Timers_TIM2Init
 .text.BSP_Timers_TIM4Init
                0x08003504       0x64 Drivers\BSP\src\bsp_timers.o
                0x08003504                BSP_Timers_TIM4Init
 .text.BSP_USART_Init
                0x08003568       0x58 Drivers\BSP\src\bsp_usart.o
                0x08003568                BSP_USART_Init
 .text.BSP_WIFI_Init
                0x080035c0       0x40 Drivers\BSP\src\bsp_usart.o
                0x080035c0                BSP_WIFI_Init
 .text.BSP_GPS_UART_Init
                0x08003600       0x6c Drivers\BSP\src\bsp_usart.o
                0x08003600                BSP_GPS_UART_Init
 .text.BSP_WIFI_UARTSend
                0x0800366c       0x14 Drivers\BSP\src\bsp_usart.o
                0x0800366c                BSP_WIFI_UARTSend
 .text.HAL_UART_RxCpltCallback
                0x08003680       0x1c Drivers\BSP\src\bsp_usart.o
                0x08003680                HAL_UART_RxCpltCallback
 .text.HAL_Init
                0x0800369c       0x34 Drivers\STM32F4xx_HAL_Driver\Src\stm32f4xx_hal.o
                0x0800369c                HAL_Init
 .text.HAL_IncTick
                0x080036d0       0x18 Drivers\STM32F4xx_HAL_Driver\Src\stm32f4xx_hal.o
                0x080036d0                HAL_IncTick
 .text.HAL_GetTick
                0x080036e8        0xc Drivers\STM32F4xx_HAL_Driver\Src\stm32f4xx_hal.o
                0x080036e8                HAL_GetTick
 .text.HAL_Delay
                0x080036f4       0x28 Drivers\STM32F4xx_HAL_Driver\Src\stm32f4xx_hal.o
                0x080036f4                HAL_Delay
 .text.HAL_NVIC_SetPriorityGrouping
                0x0800371c       0x24 Drivers\STM32F4xx_HAL_Driver\Src\stm32f4xx_hal_cortex.o
                0x0800371c                HAL_NVIC_SetPriorityGrouping
 .text.HAL_NVIC_SetPriority
                0x08003740       0x68 Drivers\STM32F4xx_HAL_Driver\Src\stm32f4xx_hal_cortex.o
                0x08003740                HAL_NVIC_SetPriority
 .text.HAL_NVIC_EnableIRQ
                0x080037a8       0x18 Drivers\STM32F4xx_HAL_Driver\Src\stm32f4xx_hal_cortex.o
                0x080037a8                HAL_NVIC_EnableIRQ
 .text.HAL_SYSTICK_Config
                0x080037c0       0x2c Drivers\STM32F4xx_HAL_Driver\Src\stm32f4xx_hal_cortex.o
                0x080037c0                HAL_SYSTICK_Config
 .text.HAL_SYSTICK_CLKSourceConfig
                0x080037ec       0x18 Drivers\STM32F4xx_HAL_Driver\Src\stm32f4xx_hal_cortex.o
                0x080037ec                HAL_SYSTICK_CLKSourceConfig
 .text.DMA_CalcBaseAndBitshift
                0x08003804       0x2c Drivers\STM32F4xx_HAL_Driver\Src\stm32f4xx_hal_dma.o
 .text.HAL_DMA_Init
                0x08003830       0xfc Drivers\STM32F4xx_HAL_Driver\Src\stm32f4xx_hal_dma.o
                0x08003830                HAL_DMA_Init
 .text.HAL_DMA_Start_IT
                0x0800392c       0x7c Drivers\STM32F4xx_HAL_Driver\Src\stm32f4xx_hal_dma.o
                0x0800392c                HAL_DMA_Start_IT
 .text.HAL_DMA_Abort_IT
                0x080039a8       0x24 Drivers\STM32F4xx_HAL_Driver\Src\stm32f4xx_hal_dma.o
                0x080039a8                HAL_DMA_Abort_IT
 .text.HAL_DMA_IRQHandler
                0x080039cc      0x174 Drivers\STM32F4xx_HAL_Driver\Src\stm32f4xx_hal_dma.o
                0x080039cc                HAL_DMA_IRQHandler
 .text.HAL_GPIO_Init
                0x08003b40      0x1d8 Drivers\STM32F4xx_HAL_Driver\Src\stm32f4xx_hal_gpio.o
                0x08003b40                HAL_GPIO_Init
 .text.HAL_GPIO_ReadPin
                0x08003d18        0xc Drivers\STM32F4xx_HAL_Driver\Src\stm32f4xx_hal_gpio.o
                0x08003d18                HAL_GPIO_ReadPin
 .text.HAL_GPIO_WritePin
                0x08003d24        0xa Drivers\STM32F4xx_HAL_Driver\Src\stm32f4xx_hal_gpio.o
                0x08003d24                HAL_GPIO_WritePin
 .text.HAL_GPIO_TogglePin
                0x08003d2e        0x8 Drivers\STM32F4xx_HAL_Driver\Src\stm32f4xx_hal_gpio.o
                0x08003d2e                HAL_GPIO_TogglePin
 *fill*         0x08003d36        0x2 
 .text.HAL_GPIO_EXTI_IRQHandler
                0x08003d38       0x18 Drivers\STM32F4xx_HAL_Driver\Src\stm32f4xx_hal_gpio.o
                0x08003d38                HAL_GPIO_EXTI_IRQHandler
 .text.I2C_IsAcknowledgeFailed
                0x08003d50       0x2a Drivers\STM32F4xx_HAL_Driver\Src\stm32f4xx_hal_i2c.o
 .text.I2C_WaitOnMasterAddressFlagUntilTimeout
                0x08003d7a       0x80 Drivers\STM32F4xx_HAL_Driver\Src\stm32f4xx_hal_i2c.o
 .text.I2C_WaitOnFlagUntilTimeout
                0x08003dfa       0x5c Drivers\STM32F4xx_HAL_Driver\Src\stm32f4xx_hal_i2c.o
 .text.I2C_WaitOnTXEFlagUntilTimeout
                0x08003e56       0x4c Drivers\STM32F4xx_HAL_Driver\Src\stm32f4xx_hal_i2c.o
 *fill*         0x08003ea2        0x2 
 .text.I2C_RequestMemoryRead
                0x08003ea4       0xf4 Drivers\STM32F4xx_HAL_Driver\Src\stm32f4xx_hal_i2c.o
 .text.I2C_WaitOnRXNEFlagUntilTimeout
                0x08003f98       0x5a Drivers\STM32F4xx_HAL_Driver\Src\stm32f4xx_hal_i2c.o
 .text.I2C_WaitOnBTFFlagUntilTimeout
                0x08003ff2       0x4c Drivers\STM32F4xx_HAL_Driver\Src\stm32f4xx_hal_i2c.o
 *fill*         0x0800403e        0x2 
 .text.HAL_I2C_Init
                0x08004040       0xdc Drivers\STM32F4xx_HAL_Driver\Src\stm32f4xx_hal_i2c.o
                0x08004040                HAL_I2C_Init
 .text.HAL_I2C_Master_Transmit
                0x0800411c      0x1ac Drivers\STM32F4xx_HAL_Driver\Src\stm32f4xx_hal_i2c.o
                0x0800411c                HAL_I2C_Master_Transmit
 .text.HAL_I2C_Master_Receive
                0x080042c8      0x2ec Drivers\STM32F4xx_HAL_Driver\Src\stm32f4xx_hal_i2c.o
                0x080042c8                HAL_I2C_Master_Receive
 .text.HAL_I2C_Mem_Read
                0x080045b4      0x220 Drivers\STM32F4xx_HAL_Driver\Src\stm32f4xx_hal_i2c.o
                0x080045b4                HAL_I2C_Mem_Read
 .text.HAL_I2C_MasterTxCpltCallback
                0x080047d4        0x2 Drivers\STM32F4xx_HAL_Driver\Src\stm32f4xx_hal_i2c.o
                0x080047d4                HAL_I2C_MasterTxCpltCallback
 .text.HAL_I2C_MasterRxCpltCallback
                0x080047d6        0x2 Drivers\STM32F4xx_HAL_Driver\Src\stm32f4xx_hal_i2c.o
                0x080047d6                HAL_I2C_MasterRxCpltCallback
 .text.HAL_I2C_SlaveTxCpltCallback
                0x080047d8        0x2 Drivers\STM32F4xx_HAL_Driver\Src\stm32f4xx_hal_i2c.o
                0x080047d8                HAL_I2C_SlaveTxCpltCallback
 .text.HAL_I2C_SlaveRxCpltCallback
                0x080047da        0x2 Drivers\STM32F4xx_HAL_Driver\Src\stm32f4xx_hal_i2c.o
                0x080047da                HAL_I2C_SlaveRxCpltCallback
 .text.HAL_I2C_AddrCallback
                0x080047dc        0x2 Drivers\STM32F4xx_HAL_Driver\Src\stm32f4xx_hal_i2c.o
                0x080047dc                HAL_I2C_AddrCallback
 .text.HAL_I2C_ListenCpltCallback
                0x080047de        0x2 Drivers\STM32F4xx_HAL_Driver\Src\stm32f4xx_hal_i2c.o
                0x080047de                HAL_I2C_ListenCpltCallback
 .text.HAL_I2C_MemTxCpltCallback
                0x080047e0        0x2 Drivers\STM32F4xx_HAL_Driver\Src\stm32f4xx_hal_i2c.o
                0x080047e0                HAL_I2C_MemTxCpltCallback
 .text.HAL_I2C_MemRxCpltCallback
                0x080047e2        0x2 Drivers\STM32F4xx_HAL_Driver\Src\stm32f4xx_hal_i2c.o
                0x080047e2                HAL_I2C_MemRxCpltCallback
 .text.HAL_I2C_ErrorCallback
                0x080047e4        0x2 Drivers\STM32F4xx_HAL_Driver\Src\stm32f4xx_hal_i2c.o
                0x080047e4                HAL_I2C_ErrorCallback
 .text.HAL_I2C_AbortCpltCallback
                0x080047e6        0x2 Drivers\STM32F4xx_HAL_Driver\Src\stm32f4xx_hal_i2c.o
                0x080047e6                HAL_I2C_AbortCpltCallback
 .text.I2C_ITError
                0x080047e8      0x128 Drivers\STM32F4xx_HAL_Driver\Src\stm32f4xx_hal_i2c.o
 .text.HAL_I2C_EV_IRQHandler
                0x08004910      0x6d4 Drivers\STM32F4xx_HAL_Driver\Src\stm32f4xx_hal_i2c.o
                0x08004910                HAL_I2C_EV_IRQHandler
 .text.HAL_I2C_ER_IRQHandler
                0x08004fe4      0x134 Drivers\STM32F4xx_HAL_Driver\Src\stm32f4xx_hal_i2c.o
                0x08004fe4                HAL_I2C_ER_IRQHandler
 .text.I2C_DMAAbort
                0x08005118       0x4c Drivers\STM32F4xx_HAL_Driver\Src\stm32f4xx_hal_i2c.o
 .text.HAL_I2C_GetState
                0x08005164        0x6 Drivers\STM32F4xx_HAL_Driver\Src\stm32f4xx_hal_i2c.o
                0x08005164                HAL_I2C_GetState
 *fill*         0x0800516a        0x2 
 .text.HAL_PCD_IRQHandler
                0x0800516c      0x558 Drivers\STM32F4xx_HAL_Driver\Src\stm32f4xx_hal_pcd.o
                0x0800516c                HAL_PCD_IRQHandler
 .text.HAL_PCD_SetAddress
                0x080056c4       0x24 Drivers\STM32F4xx_HAL_Driver\Src\stm32f4xx_hal_pcd.o
                0x080056c4                HAL_PCD_SetAddress
 .text.HAL_PCD_EP_Open
                0x080056e8       0x5c Drivers\STM32F4xx_HAL_Driver\Src\stm32f4xx_hal_pcd.o
                0x080056e8                HAL_PCD_EP_Open
 .text.HAL_PCD_EP_Receive
                0x08005744       0x48 Drivers\STM32F4xx_HAL_Driver\Src\stm32f4xx_hal_pcd.o
                0x08005744                HAL_PCD_EP_Receive
 .text.HAL_PCD_EP_Transmit
                0x0800578c       0x40 Drivers\STM32F4xx_HAL_Driver\Src\stm32f4xx_hal_pcd.o
                0x0800578c                HAL_PCD_EP_Transmit
 .text.HAL_PCD_EP_SetStall
                0x080057cc       0x58 Drivers\STM32F4xx_HAL_Driver\Src\stm32f4xx_hal_pcd.o
                0x080057cc                HAL_PCD_EP_SetStall
 .text.HAL_PCD_EP_ClrStall
                0x08005824       0x4a Drivers\STM32F4xx_HAL_Driver\Src\stm32f4xx_hal_pcd.o
                0x08005824                HAL_PCD_EP_ClrStall
 *fill*         0x0800586e        0x2 
 .text.HAL_RCC_OscConfig
                0x08005870      0x304 Drivers\STM32F4xx_HAL_Driver\Src\stm32f4xx_hal_rcc.o
                0x08005870                HAL_RCC_OscConfig
 .text.HAL_RCC_GetSysClockFreq
                0x08005b74       0x5c Drivers\STM32F4xx_HAL_Driver\Src\stm32f4xx_hal_rcc.o
                0x08005b74                HAL_RCC_GetSysClockFreq
 .text.HAL_RCC_ClockConfig
                0x08005bd0      0x134 Drivers\STM32F4xx_HAL_Driver\Src\stm32f4xx_hal_rcc.o
                0x08005bd0                HAL_RCC_ClockConfig
 .text.HAL_RCC_GetHCLKFreq
                0x08005d04        0xc Drivers\STM32F4xx_HAL_Driver\Src\stm32f4xx_hal_rcc.o
                0x08005d04                HAL_RCC_GetHCLKFreq
 .text.HAL_RCC_GetPCLK1Freq
                0x08005d10       0x20 Drivers\STM32F4xx_HAL_Driver\Src\stm32f4xx_hal_rcc.o
                0x08005d10                HAL_RCC_GetPCLK1Freq
 .text.HAL_RCC_GetPCLK2Freq
                0x08005d30       0x20 Drivers\STM32F4xx_HAL_Driver\Src\stm32f4xx_hal_rcc.o
                0x08005d30                HAL_RCC_GetPCLK2Freq
 .text.HAL_RCC_GetClockConfig
                0x08005d50       0x3c Drivers\STM32F4xx_HAL_Driver\Src\stm32f4xx_hal_rcc.o
                0x08005d50                HAL_RCC_GetClockConfig
 .text.SPI_WaitFlagStateUntilTimeout
                0x08005d8c       0x8e Drivers\STM32F4xx_HAL_Driver\Src\stm32f4xx_hal_spi.o
 .text.SPI_CheckFlag_BSY
                0x08005e1a       0x20 Drivers\STM32F4xx_HAL_Driver\Src\stm32f4xx_hal_spi.o
 .text.HAL_SPI_Init
                0x08005e3a       0x7a Drivers\STM32F4xx_HAL_Driver\Src\stm32f4xx_hal_spi.o
                0x08005e3a                HAL_SPI_Init
 .text.HAL_SPI_TransmitReceive
                0x08005eb4      0x1f8 Drivers\STM32F4xx_HAL_Driver\Src\stm32f4xx_hal_spi.o
                0x08005eb4                HAL_SPI_TransmitReceive
 .text.HAL_TIM_Base_MspInit
                0x080060ac        0x2 Drivers\STM32F4xx_HAL_Driver\Src\stm32f4xx_hal_tim.o
                0x080060ac                HAL_TIM_Base_MspInit
 .text.HAL_TIM_Base_Start
                0x080060ae       0x1a Drivers\STM32F4xx_HAL_Driver\Src\stm32f4xx_hal_tim.o
                0x080060ae                HAL_TIM_Base_Start
 .text.HAL_TIM_Base_Start_IT
                0x080060c8       0x16 Drivers\STM32F4xx_HAL_Driver\Src\stm32f4xx_hal_tim.o
                0x080060c8                HAL_TIM_Base_Start_IT
 .text.HAL_TIM_OC_DelayElapsedCallback
                0x080060de        0x2 Drivers\STM32F4xx_HAL_Driver\Src\stm32f4xx_hal_tim.o
                0x080060de                HAL_TIM_OC_DelayElapsedCallback
 .text.HAL_TIM_IC_CaptureCallback
                0x080060e0        0x2 Drivers\STM32F4xx_HAL_Driver\Src\stm32f4xx_hal_tim.o
                0x080060e0                HAL_TIM_IC_CaptureCallback
 .text.HAL_TIM_PWM_PulseFinishedCallback
                0x080060e2        0x2 Drivers\STM32F4xx_HAL_Driver\Src\stm32f4xx_hal_tim.o
                0x080060e2                HAL_TIM_PWM_PulseFinishedCallback
 .text.HAL_TIM_TriggerCallback
                0x080060e4        0x2 Drivers\STM32F4xx_HAL_Driver\Src\stm32f4xx_hal_tim.o
                0x080060e4                HAL_TIM_TriggerCallback
 .text.HAL_TIM_IRQHandler
                0x080060e6      0x144 Drivers\STM32F4xx_HAL_Driver\Src\stm32f4xx_hal_tim.o
                0x080060e6                HAL_TIM_IRQHandler
 *fill*         0x0800622a        0x2 
 .text.TIM_Base_SetConfig
                0x0800622c       0xc8 Drivers\STM32F4xx_HAL_Driver\Src\stm32f4xx_hal_tim.o
                0x0800622c                TIM_Base_SetConfig
 .text.HAL_TIM_Base_Init
                0x080062f4       0x34 Drivers\STM32F4xx_HAL_Driver\Src\stm32f4xx_hal_tim.o
                0x080062f4                HAL_TIM_Base_Init
 .text.HAL_TIMEx_CommutationCallback
                0x08006328        0x2 Drivers\STM32F4xx_HAL_Driver\Src\stm32f4xx_hal_tim_ex.o
                0x08006328                HAL_TIMEx_CommutationCallback
 .text.HAL_TIMEx_BreakCallback
                0x0800632a        0x2 Drivers\STM32F4xx_HAL_Driver\Src\stm32f4xx_hal_tim_ex.o
                0x0800632a                HAL_TIMEx_BreakCallback
 .text.UART_EndRxTransfer
                0x0800632c       0x1a Drivers\STM32F4xx_HAL_Driver\Src\stm32f4xx_hal_uart.o
 *fill*         0x08006346        0x2 
 .text.UART_SetConfig
                0x08006348      0x234 Drivers\STM32F4xx_HAL_Driver\Src\stm32f4xx_hal_uart.o
 .text.UART_WaitOnFlagUntilTimeout.constprop.3
                0x0800657c       0x50 Drivers\STM32F4xx_HAL_Driver\Src\stm32f4xx_hal_uart.o
 .text.HAL_UART_Init
                0x080065cc       0x5c Drivers\STM32F4xx_HAL_Driver\Src\stm32f4xx_hal_uart.o
                0x080065cc                HAL_UART_Init
 .text.HAL_UART_Transmit
                0x08006628       0xba Drivers\STM32F4xx_HAL_Driver\Src\stm32f4xx_hal_uart.o
                0x08006628                HAL_UART_Transmit
 .text.HAL_UART_Receive_IT
                0x080066e2       0x46 Drivers\STM32F4xx_HAL_Driver\Src\stm32f4xx_hal_uart.o
                0x080066e2                HAL_UART_Receive_IT
 .text.HAL_UART_Receive_DMA
                0x08006728       0x90 Drivers\STM32F4xx_HAL_Driver\Src\stm32f4xx_hal_uart.o
                0x08006728                HAL_UART_Receive_DMA
 .text.HAL_UART_TxCpltCallback
                0x080067b8        0x2 Drivers\STM32F4xx_HAL_Driver\Src\stm32f4xx_hal_uart.o
                0x080067b8                HAL_UART_TxCpltCallback
 .text.UART_DMAReceiveCplt
                0x080067ba       0x38 Drivers\STM32F4xx_HAL_Driver\Src\stm32f4xx_hal_uart.o
 .text.UART_Receive_IT
                0x080067f2       0x74 Drivers\STM32F4xx_HAL_Driver\Src\stm32f4xx_hal_uart.o
 .text.HAL_UART_RxHalfCpltCallback
                0x08006866        0x2 Drivers\STM32F4xx_HAL_Driver\Src\stm32f4xx_hal_uart.o
                0x08006866                HAL_UART_RxHalfCpltCallback
 .text.UART_DMARxHalfCplt
                0x08006868        0xa Drivers\STM32F4xx_HAL_Driver\Src\stm32f4xx_hal_uart.o
 .text.HAL_UART_ErrorCallback
                0x08006872        0x2 Drivers\STM32F4xx_HAL_Driver\Src\stm32f4xx_hal_uart.o
                0x08006872                HAL_UART_ErrorCallback
 .text.UART_DMAError
                0x08006874       0x4e Drivers\STM32F4xx_HAL_Driver\Src\stm32f4xx_hal_uart.o
 *fill*         0x080068c2        0x2 
 .text.HAL_UART_IRQHandler
                0x080068c4      0x140 Drivers\STM32F4xx_HAL_Driver\Src\stm32f4xx_hal_uart.o
                0x080068c4                HAL_UART_IRQHandler
 .text.UART_DMAAbortOnError
                0x08006a04       0x10 Drivers\STM32F4xx_HAL_Driver\Src\stm32f4xx_hal_uart.o
 .text.HAL_UART_GetState
                0x08006a14        0xc Drivers\STM32F4xx_HAL_Driver\Src\stm32f4xx_hal_uart.o
                0x08006a14                HAL_UART_GetState
 .text.USB_FlushTxFifo
                0x08006a20       0x24 Drivers\STM32F4xx_HAL_Driver\Src\stm32f4xx_ll_usb.o
                0x08006a20                USB_FlushTxFifo
 .text.USB_GetDevSpeed
                0x08006a44       0x36 Drivers\STM32F4xx_HAL_Driver\Src\stm32f4xx_ll_usb.o
                0x08006a44                USB_GetDevSpeed
 .text.USB_ActivateEndpoint
                0x08006a7a       0x7e Drivers\STM32F4xx_HAL_Driver\Src\stm32f4xx_ll_usb.o
                0x08006a7a                USB_ActivateEndpoint
 .text.USB_EPStartXfer
                0x08006af8      0x18c Drivers\STM32F4xx_HAL_Driver\Src\stm32f4xx_ll_usb.o
                0x08006af8                USB_EPStartXfer
 .text.USB_EP0StartXfer
                0x08006c84       0xda Drivers\STM32F4xx_HAL_Driver\Src\stm32f4xx_ll_usb.o
                0x08006c84                USB_EP0StartXfer
 .text.USB_WritePacket
                0x08006d5e       0x28 Drivers\STM32F4xx_HAL_Driver\Src\stm32f4xx_ll_usb.o
                0x08006d5e                USB_WritePacket
 .text.USB_ReadPacket
                0x08006d86       0x1c Drivers\STM32F4xx_HAL_Driver\Src\stm32f4xx_ll_usb.o
                0x08006d86                USB_ReadPacket
 .text.USB_EPSetStall
                0x08006da2       0x3e Drivers\STM32F4xx_HAL_Driver\Src\stm32f4xx_ll_usb.o
                0x08006da2                USB_EPSetStall
 .text.USB_EPClearStall
                0x08006de0       0x32 Drivers\STM32F4xx_HAL_Driver\Src\stm32f4xx_ll_usb.o
                0x08006de0                USB_EPClearStall
 .text.USB_SetDevAddress
                0x08006e12       0x20 Drivers\STM32F4xx_HAL_Driver\Src\stm32f4xx_ll_usb.o
                0x08006e12                USB_SetDevAddress
 .text.USB_ReadInterrupts
                0x08006e32        0x8 Drivers\STM32F4xx_HAL_Driver\Src\stm32f4xx_ll_usb.o
                0x08006e32                USB_ReadInterrupts
 .text.USB_ReadDevAllOutEpInterrupt
                0x08006e3a       0x10 Drivers\STM32F4xx_HAL_Driver\Src\stm32f4xx_ll_usb.o
                0x08006e3a                USB_ReadDevAllOutEpInterrupt
 .text.USB_ReadDevAllInEpInterrupt
                0x08006e4a       0x10 Drivers\STM32F4xx_HAL_Driver\Src\stm32f4xx_ll_usb.o
                0x08006e4a                USB_ReadDevAllInEpInterrupt
 .text.USB_ReadDevOutEPInterrupt
                0x08006e5a       0x14 Drivers\STM32F4xx_HAL_Driver\Src\stm32f4xx_ll_usb.o
                0x08006e5a                USB_ReadDevOutEPInterrupt
 .text.USB_ReadDevInEPInterrupt
                0x08006e6e       0x20 Drivers\STM32F4xx_HAL_Driver\Src\stm32f4xx_ll_usb.o
                0x08006e6e                USB_ReadDevInEPInterrupt
 .text.USB_GetMode
                0x08006e8e        0x8 Drivers\STM32F4xx_HAL_Driver\Src\stm32f4xx_ll_usb.o
                0x08006e8e                USB_GetMode
 .text.USB_ActivateSetup
                0x08006e96       0x36 Drivers\STM32F4xx_HAL_Driver\Src\stm32f4xx_ll_usb.o
                0x08006e96                USB_ActivateSetup
 .text.USB_EP0_OutStart
                0x08006ecc       0x46 Drivers\STM32F4xx_HAL_Driver\Src\stm32f4xx_ll_usb.o
                0x08006ecc                USB_EP0_OutStart
 .text.HAL_PCD_SetupStageCallback
                0x08006f12        0xc Middlewares\ST\STM32_USB_Device_Library\Core\Src\usbd_conf.o
                0x08006f12                HAL_PCD_SetupStageCallback
 .text.HAL_PCD_DataOutStageCallback
                0x08006f1e       0x12 Middlewares\ST\STM32_USB_Device_Library\Core\Src\usbd_conf.o
                0x08006f1e                HAL_PCD_DataOutStageCallback
 .text.HAL_PCD_DataInStageCallback
                0x08006f30       0x10 Middlewares\ST\STM32_USB_Device_Library\Core\Src\usbd_conf.o
                0x08006f30                HAL_PCD_DataInStageCallback
 .text.HAL_PCD_SOFCallback
                0x08006f40        0x8 Middlewares\ST\STM32_USB_Device_Library\Core\Src\usbd_conf.o
                0x08006f40                HAL_PCD_SOFCallback
 .text.HAL_PCD_ResetCallback
                0x08006f48       0x20 Middlewares\ST\STM32_USB_Device_Library\Core\Src\usbd_conf.o
                0x08006f48                HAL_PCD_ResetCallback
 .text.HAL_PCD_SuspendCallback
                0x08006f68       0x30 Middlewares\ST\STM32_USB_Device_Library\Core\Src\usbd_conf.o
                0x08006f68                HAL_PCD_SuspendCallback
 .text.HAL_PCD_ResumeCallback
                0x08006f98        0x8 Middlewares\ST\STM32_USB_Device_Library\Core\Src\usbd_conf.o
                0x08006f98                HAL_PCD_ResumeCallback
 .text.HAL_PCD_ISOOUTIncompleteCallback
                0x08006fa0        0x8 Middlewares\ST\STM32_USB_Device_Library\Core\Src\usbd_conf.o
                0x08006fa0                HAL_PCD_ISOOUTIncompleteCallback
 .text.HAL_PCD_ISOINIncompleteCallback
                0x08006fa8        0x8 Middlewares\ST\STM32_USB_Device_Library\Core\Src\usbd_conf.o
                0x08006fa8                HAL_PCD_ISOINIncompleteCallback
 .text.HAL_PCD_ConnectCallback
                0x08006fb0        0x8 Middlewares\ST\STM32_USB_Device_Library\Core\Src\usbd_conf.o
                0x08006fb0                HAL_PCD_ConnectCallback
 .text.HAL_PCD_DisconnectCallback
                0x08006fb8        0x8 Middlewares\ST\STM32_USB_Device_Library\Core\Src\usbd_conf.o
                0x08006fb8                HAL_PCD_DisconnectCallback
 .text.USBD_LL_OpenEP
                0x08006fc0       0x20 Middlewares\ST\STM32_USB_Device_Library\Core\Src\usbd_conf.o
                0x08006fc0                USBD_LL_OpenEP
 .text.USBD_LL_StallEP
                0x08006fe0       0x1c Middlewares\ST\STM32_USB_Device_Library\Core\Src\usbd_conf.o
                0x08006fe0                USBD_LL_StallEP
 .text.USBD_LL_ClearStallEP
                0x08006ffc       0x1c Middlewares\ST\STM32_USB_Device_Library\Core\Src\usbd_conf.o
                0x08006ffc                USBD_LL_ClearStallEP
 .text.USBD_LL_IsStallEP
                0x08007018       0x26 Middlewares\ST\STM32_USB_Device_Library\Core\Src\usbd_conf.o
                0x08007018                USBD_LL_IsStallEP
 *fill*         0x0800703e        0x2 
 .text.USBD_LL_SetUSBAddress
                0x08007040       0x1c Middlewares\ST\STM32_USB_Device_Library\Core\Src\usbd_conf.o
                0x08007040                USBD_LL_SetUSBAddress
 .text.USBD_LL_Transmit
                0x0800705c       0x1c Middlewares\ST\STM32_USB_Device_Library\Core\Src\usbd_conf.o
                0x0800705c                USBD_LL_Transmit
 .text.USBD_LL_PrepareReceive
                0x08007078       0x1c Middlewares\ST\STM32_USB_Device_Library\Core\Src\usbd_conf.o
                0x08007078                USBD_LL_PrepareReceive
 .text.USBD_SetClassConfig
                0x08007094       0x16 Middlewares\ST\STM32_USB_Device_Library\Core\Src\usbd_core.o
                0x08007094                USBD_SetClassConfig
 .text.USBD_ClrClassConfig
                0x080070aa        0xe Middlewares\ST\STM32_USB_Device_Library\Core\Src\usbd_core.o
                0x080070aa                USBD_ClrClassConfig
 .text.USBD_LL_SetupStage
                0x080070b8       0x5a Middlewares\ST\STM32_USB_Device_Library\Core\Src\usbd_core.o
                0x080070b8                USBD_LL_SetupStage
 .text.USBD_LL_DataOutStage
                0x08007112       0x64 Middlewares\ST\STM32_USB_Device_Library\Core\Src\usbd_core.o
                0x08007112                USBD_LL_DataOutStage
 .text.USBD_LL_DataInStage
                0x08007176       0x9e Middlewares\ST\STM32_USB_Device_Library\Core\Src\usbd_core.o
                0x08007176                USBD_LL_DataInStage
 .text.USBD_LL_Reset
                0x08007214       0x3e Middlewares\ST\STM32_USB_Device_Library\Core\Src\usbd_core.o
                0x08007214                USBD_LL_Reset
 .text.USBD_LL_SetSpeed
                0x08007252        0x6 Middlewares\ST\STM32_USB_Device_Library\Core\Src\usbd_core.o
                0x08007252                USBD_LL_SetSpeed
 .text.USBD_LL_Suspend
                0x08007258       0x12 Middlewares\ST\STM32_USB_Device_Library\Core\Src\usbd_core.o
                0x08007258                USBD_LL_Suspend
 .text.USBD_LL_Resume
                0x0800726a        0xc Middlewares\ST\STM32_USB_Device_Library\Core\Src\usbd_core.o
                0x0800726a                USBD_LL_Resume
 .text.USBD_LL_SOF
                0x08007276       0x18 Middlewares\ST\STM32_USB_Device_Library\Core\Src\usbd_core.o
                0x08007276                USBD_LL_SOF
 .text.USBD_LL_IsoINIncomplete
                0x0800728e        0x4 Middlewares\ST\STM32_USB_Device_Library\Core\Src\usbd_core.o
                0x0800728e                USBD_LL_IsoINIncomplete
 .text.USBD_LL_IsoOUTIncomplete
                0x08007292        0x4 Middlewares\ST\STM32_USB_Device_Library\Core\Src\usbd_core.o
                0x08007292                USBD_LL_IsoOUTIncomplete
 .text.USBD_LL_DevConnected
                0x08007296        0x4 Middlewares\ST\STM32_USB_Device_Library\Core\Src\usbd_core.o
                0x08007296                USBD_LL_DevConnected
 .text.USBD_LL_DevDisconnected
                0x0800729a       0x16 Middlewares\ST\STM32_USB_Device_Library\Core\Src\usbd_core.o
                0x0800729a                USBD_LL_DevDisconnected
 .text.USBD_CtlError.constprop.0
                0x080072b0       0x16 Middlewares\ST\STM32_USB_Device_Library\Core\Src\usbd_ctlreq.o
 *fill*         0x080072c6        0x2 
 .text.USBD_StdDevReq
                0x080072c8      0x1f4 Middlewares\ST\STM32_USB_Device_Library\Core\Src\usbd_ctlreq.o
                0x080072c8                USBD_StdDevReq
 .text.USBD_StdItfReq
                0x080074bc       0x30 Middlewares\ST\STM32_USB_Device_Library\Core\Src\usbd_ctlreq.o
                0x080074bc                USBD_StdItfReq
 .text.USBD_StdEPReq
                0x080074ec       0xc6 Middlewares\ST\STM32_USB_Device_Library\Core\Src\usbd_ctlreq.o
                0x080074ec                USBD_StdEPReq
 .text.USBD_ParseSetupRequest
                0x080075b2       0x28 Middlewares\ST\STM32_USB_Device_Library\Core\Src\usbd_ctlreq.o
                0x080075b2                USBD_ParseSetupRequest
 .text.USBD_CtlSendData
                0x080075da       0x1a Middlewares\ST\STM32_USB_Device_Library\Core\Src\usbd_ioreq.o
                0x080075da                USBD_CtlSendData
 .text.USBD_CtlContinueSendData
                0x080075f4       0x10 Middlewares\ST\STM32_USB_Device_Library\Core\Src\usbd_ioreq.o
                0x080075f4                USBD_CtlContinueSendData
 .text.USBD_CtlContinueRx
                0x08007604       0x10 Middlewares\ST\STM32_USB_Device_Library\Core\Src\usbd_ioreq.o
                0x08007604                USBD_CtlContinueRx
 .text.USBD_CtlSendStatus
                0x08007614       0x16 Middlewares\ST\STM32_USB_Device_Library\Core\Src\usbd_ioreq.o
                0x08007614                USBD_CtlSendStatus
 .text.USBD_CtlReceiveStatus
                0x0800762a       0x16 Middlewares\ST\STM32_USB_Device_Library\Core\Src\usbd_ioreq.o
                0x0800762a                USBD_CtlReceiveStatus
 .text.disk_status
                0x08007640       0x14 Middlewares\Third_Party\FatFs\src\diskio.o
                0x08007640                disk_status
 .text.disk_initialize
                0x08007654       0x20 Middlewares\Third_Party\FatFs\src\diskio.o
                0x08007654                disk_initialize
 .text.disk_read
                0x08007674       0x1c Middlewares\Third_Party\FatFs\src\diskio.o
                0x08007674                disk_read
 .text.disk_write
                0x08007690       0x1c Middlewares\Third_Party\FatFs\src\diskio.o
                0x08007690                disk_write
 .text.disk_ioctl
                0x080076ac       0x1c Middlewares\Third_Party\FatFs\src\diskio.o
                0x080076ac                disk_ioctl
 .text.get_fattime
                0x080076c8        0x4 Middlewares\Third_Party\FatFs\src\fatfs.o
                0x080076c8                get_fattime
 .text.ld_dword
                0x080076cc       0x10 Middlewares\Third_Party\FatFs\src\ff.o
 .text.st_dword
                0x080076dc       0x10 Middlewares\Third_Party\FatFs\src\ff.o
 .text.mem_set  0x080076ec        0xc Middlewares\Third_Party\FatFs\src\ff.o
 .text.chk_lock
                0x080076f8       0x5c Middlewares\Third_Party\FatFs\src\ff.o
 .text.inc_lock
                0x08007754       0x78 Middlewares\Third_Party\FatFs\src\ff.o
 .text.dec_lock
                0x080077cc       0x30 Middlewares\Third_Party\FatFs\src\ff.o
 .text.clust2sect
                0x080077fc       0x16 Middlewares\Third_Party\FatFs\src\ff.o
 .text.clmt_clust
                0x08007812       0x22 Middlewares\Third_Party\FatFs\src\ff.o
 .text.get_ldnumber
                0x08007834       0x30 Middlewares\Third_Party\FatFs\src\ff.o
 .text.mem_cpy.part.0
                0x08007864       0x12 Middlewares\Third_Party\FatFs\src\ff.o
 .text.ld_clust.isra.1
                0x08007876       0x1c Middlewares\Third_Party\FatFs\src\ff.o
 .text.st_clust.isra.2
                0x08007892       0x18 Middlewares\Third_Party\FatFs\src\ff.o
 .text.sync_window.part.5
                0x080078aa       0x46 Middlewares\Third_Party\FatFs\src\ff.o
 .text.sync_window
                0x080078f0        0xc Middlewares\Third_Party\FatFs\src\ff.o
 .text.sync_fs  0x080078fc       0x96 Middlewares\Third_Party\FatFs\src\ff.o
 .text.move_window
                0x08007992       0x36 Middlewares\Third_Party\FatFs\src\ff.o
 .text.check_fs
                0x080079c8       0x80 Middlewares\Third_Party\FatFs\src\ff.o
 .text.find_volume
                0x08007a48      0x2b8 Middlewares\Third_Party\FatFs\src\ff.o
 .text.put_fat  0x08007d00       0xf8 Middlewares\Third_Party\FatFs\src\ff.o
 .text.get_fat.isra.9
                0x08007df8       0xb4 Middlewares\Third_Party\FatFs\src\ff.o
 .text.create_chain
                0x08007eac       0xb0 Middlewares\Third_Party\FatFs\src\ff.o
 .text.remove_chain
                0x08007f5c       0x6c Middlewares\Third_Party\FatFs\src\ff.o
 .text.unlock_fs
                0x08007fc8       0x16 Middlewares\Third_Party\FatFs\src\ff.o
 .text.dir_sdi.constprop.13
                0x08007fde       0x66 Middlewares\Third_Party\FatFs\src\ff.o
 .text.dir_next
                0x08008044       0xf2 Middlewares\Third_Party\FatFs\src\ff.o
 *fill*         0x08008136        0x2 
 .text.follow_path
                0x08008138      0x188 Middlewares\Third_Party\FatFs\src\ff.o
 .text.dir_register
                0x080082c0       0x62 Middlewares\Third_Party\FatFs\src\ff.o
 .text.validate
                0x08008322       0x48 Middlewares\Third_Party\FatFs\src\ff.o
 *fill*         0x0800836a        0x2 
 .text.f_mount  0x0800836c       0x94 Middlewares\Third_Party\FatFs\src\ff.o
                0x0800836c                f_mount
 .text.f_open   0x08008400      0x22c Middlewares\Third_Party\FatFs\src\ff.o
                0x08008400                f_open
 .text.f_write  0x0800862c      0x1a6 Middlewares\Third_Party\FatFs\src\ff.o
                0x0800862c                f_write
 .text.putc_bfd
                0x080087d2       0x44 Middlewares\Third_Party\FatFs\src\ff.o
 .text.putc_flush
                0x08008816       0x2e Middlewares\Third_Party\FatFs\src\ff.o
 .text.f_sync   0x08008844       0xa0 Middlewares\Third_Party\FatFs\src\ff.o
                0x08008844                f_sync
 .text.f_close  0x080088e4       0x32 Middlewares\Third_Party\FatFs\src\ff.o
                0x080088e4                f_close
 .text.f_printf
                0x08008916      0x1f2 Middlewares\Third_Party\FatFs\src\ff.o
                0x08008916                f_printf
 .text.FATFS_LinkDriverEx
                0x08008b08       0x44 Middlewares\Third_Party\FatFs\src\ff_gen_drv.o
                0x08008b08                FATFS_LinkDriverEx
 .text.FATFS_LinkDriver
                0x08008b4c        0x6 Middlewares\Third_Party\FatFs\src\ff_gen_drv.o
                0x08008b4c                FATFS_LinkDriver
 .text.ff_cre_syncobj
                0x08008b52       0x1e Middlewares\Third_Party\FatFs\src\option\syscall.o
                0x08008b52                ff_cre_syncobj
 .text.ff_del_syncobj
                0x08008b70        0xa Middlewares\Third_Party\FatFs\src\option\syscall.o
                0x08008b70                ff_del_syncobj
 .text.ff_req_grant
                0x08008b7a       0x12 Middlewares\Third_Party\FatFs\src\option\syscall.o
                0x08008b7a                ff_req_grant
 .text.ff_rel_grant
                0x08008b8c        0x4 Middlewares\Third_Party\FatFs\src\option\syscall.o
                0x08008b8c                ff_rel_grant
 .text.SD_CheckStatus.isra.0
                0x08008b90       0x20 Middlewares\Third_Party\FatFs\src\sd_diskio.o
 .text.SD_initialize
                0x08008bb0       0x1c Middlewares\Third_Party\FatFs\src\sd_diskio.o
                0x08008bb0                SD_initialize
 .text.SD_status
                0x08008bcc        0x4 Middlewares\Third_Party\FatFs\src\sd_diskio.o
                0x08008bcc                SD_status
 .text.SD_read  0x08008bd0       0x24 Middlewares\Third_Party\FatFs\src\sd_diskio.o
                0x08008bd0                SD_read
 .text.SD_ioctl
                0x08008bf4       0x50 Middlewares\Third_Party\FatFs\src\sd_diskio.o
                0x08008bf4                SD_ioctl
 .text.SD_write
                0x08008c44       0x24 Middlewares\Third_Party\FatFs\src\sd_diskio.o
                0x08008c44                SD_write
 .text.SD_ReadData
                0x08008c68       0x18 Middlewares\Third_Party\FatFs\src\stm32_adafruit_sd.o
 .text.SD_SendCmd
                0x08008c80       0xe4 Middlewares\Third_Party\FatFs\src\stm32_adafruit_sd.o
 .text.SD_WaitData.constprop.0
                0x08008d64       0x26 Middlewares\Third_Party\FatFs\src\stm32_adafruit_sd.o
 *fill*         0x08008d8a        0x2 
 .text.BSP_SD_Init
                0x08008d8c      0x18c Middlewares\Third_Party\FatFs\src\stm32_adafruit_sd.o
                0x08008d8c                BSP_SD_Init
 .text.BSP_SD_GetCardInfo
                0x08008f18      0x350 Middlewares\Third_Party\FatFs\src\stm32_adafruit_sd.o
                0x08008f18                BSP_SD_GetCardInfo
 .text.BSP_SD_ReadBlocks
                0x08009268       0xd8 Middlewares\Third_Party\FatFs\src\stm32_adafruit_sd.o
                0x08009268                BSP_SD_ReadBlocks
 .text.BSP_SD_WriteBlocks
                0x08009340      0x104 Middlewares\Third_Party\FatFs\src\stm32_adafruit_sd.o
                0x08009340                BSP_SD_WriteBlocks
 .text.BSP_SD_GetCardState
                0x08009444       0x38 Middlewares\Third_Party\FatFs\src\stm32_adafruit_sd.o
                0x08009444                BSP_SD_GetCardState
 .text.osKernelStart
                0x0800947c        0xa Middlewares\Third_Party\FreeRTOS\Source\CMSIS_RTOS\cmsis_os.o
                0x0800947c                osKernelStart
 .text.osThreadCreate
                0x08009486       0x30 Middlewares\Third_Party\FreeRTOS\Source\CMSIS_RTOS\cmsis_os.o
                0x08009486                osThreadCreate
 .text.osDelay  0x080094b6       0x10 Middlewares\Third_Party\FreeRTOS\Source\CMSIS_RTOS\cmsis_os.o
                0x080094b6                osDelay
 .text.osSemaphoreCreate
                0x080094c6       0x26 Middlewares\Third_Party\FreeRTOS\Source\CMSIS_RTOS\cmsis_os.o
                0x080094c6                osSemaphoreCreate
 .text.osSemaphoreWait
                0x080094ec       0x50 Middlewares\Third_Party\FreeRTOS\Source\CMSIS_RTOS\cmsis_os.o
                0x080094ec                osSemaphoreWait
 .text.osSemaphoreRelease
                0x0800953c       0x48 Middlewares\Third_Party\FreeRTOS\Source\CMSIS_RTOS\cmsis_os.o
                0x0800953c                osSemaphoreRelease
 .text.osSystickHandler
                0x08009584       0x14 Middlewares\Third_Party\FreeRTOS\Source\CMSIS_RTOS\cmsis_os.o
                0x08009584                osSystickHandler
 .text.osMessageDelete
                0x08009598       0x14 Middlewares\Third_Party\FreeRTOS\Source\CMSIS_RTOS\cmsis_os.o
                0x08009598                osMessageDelete
 .text.osSemaphoreDelete
                0x080095ac        0x4 Middlewares\Third_Party\FreeRTOS\Source\CMSIS_RTOS\cmsis_os.o
                0x080095ac                osSemaphoreDelete
 .text.vListInitialise
                0x080095b0       0x16 Middlewares\Third_Party\FreeRTOS\Source\list.o
                0x080095b0                vListInitialise
 .text.vListInitialiseItem
                0x080095c6        0x6 Middlewares\Third_Party\FreeRTOS\Source\list.o
                0x080095c6                vListInitialiseItem
 .text.vListInsertEnd
                0x080095cc       0x18 Middlewares\Third_Party\FreeRTOS\Source\list.o
                0x080095cc                vListInsertEnd
 .text.vListInsert
                0x080095e4       0x2e Middlewares\Third_Party\FreeRTOS\Source\list.o
                0x080095e4                vListInsert
 .text.uxListRemove
                0x08009612       0x20 Middlewares\Third_Party\FreeRTOS\Source\list.o
                0x08009612                uxListRemove
 *fill*         0x08009632        0x2 
 .text.unlikely.prvInsertBlockIntoFreeList
                0x08009634       0x48 Middlewares\Third_Party\FreeRTOS\Source\portable\MemMang\heap_4.o
 .text.pvPortMalloc
                0x0800967c      0x11c Middlewares\Third_Party\FreeRTOS\Source\portable\MemMang\heap_4.o
                0x0800967c                pvPortMalloc
 .text.vPortFree
                0x08009798       0x70 Middlewares\Third_Party\FreeRTOS\Source\portable\MemMang\heap_4.o
                0x08009798                vPortFree
 .text.prvTaskExitError
                0x08009808       0x30 Middlewares\Third_Party\FreeRTOS\Source\portable\RVDS\ARM_CM4F\port.o
 .text.prvPortStartFirstTask
                0x08009838       0x20 Middlewares\Third_Party\FreeRTOS\Source\portable\RVDS\ARM_CM4F\port.o
 .text.vPortEnableVFP
                0x08009858       0x14 Middlewares\Third_Party\FreeRTOS\Source\portable\RVDS\ARM_CM4F\port.o
 .text.pxPortInitialiseStack
                0x0800986c       0x2c Middlewares\Third_Party\FreeRTOS\Source\portable\RVDS\ARM_CM4F\port.o
                0x0800986c                pxPortInitialiseStack
 *fill*         0x08009898        0x8 
 .text.SVC_Handler
                0x080098a0       0x24 Middlewares\Third_Party\FreeRTOS\Source\portable\RVDS\ARM_CM4F\port.o
                0x080098a0                SVC_Handler
 .text.vPortEnterCritical
                0x080098c4       0x44 Middlewares\Third_Party\FreeRTOS\Source\portable\RVDS\ARM_CM4F\port.o
                0x080098c4                vPortEnterCritical
 .text.vPortExitCritical
                0x08009908       0x28 Middlewares\Third_Party\FreeRTOS\Source\portable\RVDS\ARM_CM4F\port.o
                0x08009908                vPortExitCritical
 .text.PendSV_Handler
                0x08009930       0x64 Middlewares\Third_Party\FreeRTOS\Source\portable\RVDS\ARM_CM4F\port.o
                0x08009930                PendSV_Handler
 .text.xPortSysTickHandler
                0x08009994       0x2c Middlewares\Third_Party\FreeRTOS\Source\portable\RVDS\ARM_CM4F\port.o
                0x08009994                xPortSysTickHandler
 .text.vPortSetupTimerInterrupt
                0x080099c0       0x28 Middlewares\Third_Party\FreeRTOS\Source\portable\RVDS\ARM_CM4F\port.o
                0x080099c0                vPortSetupTimerInterrupt
 .text.xPortStartScheduler
                0x080099e8       0xec Middlewares\Third_Party\FreeRTOS\Source\portable\RVDS\ARM_CM4F\port.o
                0x080099e8                xPortStartScheduler
 .text.vPortValidateInterruptPriority
                0x08009ad4       0x5c Middlewares\Third_Party\FreeRTOS\Source\portable\RVDS\ARM_CM4F\port.o
                0x08009ad4                vPortValidateInterruptPriority
 .text.unlikely.prvCopyDataToQueue
                0x08009b30       0x66 Middlewares\Third_Party\FreeRTOS\Source\queue.o
 .text.unlikely.prvCopyDataFromQueue
                0x08009b96       0x2a Middlewares\Third_Party\FreeRTOS\Source\queue.o
 .text.prvUnlockQueue
                0x08009bc0       0x70 Middlewares\Third_Party\FreeRTOS\Source\queue.o
 .text.xQueueGenericReset
                0x08009c30       0x80 Middlewares\Third_Party\FreeRTOS\Source\queue.o
                0x08009c30                xQueueGenericReset
 .text.xQueueGenericCreate
                0x08009cb0       0x48 Middlewares\Third_Party\FreeRTOS\Source\queue.o
                0x08009cb0                xQueueGenericCreate
 .text.xQueueGenericSend
                0x08009cf8      0x16c Middlewares\Third_Party\FreeRTOS\Source\queue.o
                0x08009cf8                xQueueGenericSend
 .text.xQueueGiveFromISR
                0x08009e64       0xa8 Middlewares\Third_Party\FreeRTOS\Source\queue.o
                0x08009e64                xQueueGiveFromISR
 .text.xQueueGenericReceive
                0x08009f0c      0x188 Middlewares\Third_Party\FreeRTOS\Source\queue.o
                0x08009f0c                xQueueGenericReceive
 .text.xQueueReceiveFromISR
                0x0800a094       0xa0 Middlewares\Third_Party\FreeRTOS\Source\queue.o
                0x0800a094                xQueueReceiveFromISR
 .text.vQueueUnregisterQueue
                0x0800a134       0x28 Middlewares\Third_Party\FreeRTOS\Source\queue.o
                0x0800a134                vQueueUnregisterQueue
 .text.vQueueDelete
                0x0800a15c       0x26 Middlewares\Third_Party\FreeRTOS\Source\queue.o
                0x0800a15c                vQueueDelete
 .text.xTaskCreate
                0x0800a182       0x82 Middlewares\Third_Party\FreeRTOS\Source\tasks.o
                0x0800a182                xTaskCreate
 .text.prvInitialiseNewTask
                0x0800a204      0x112 Middlewares\Third_Party\FreeRTOS\Source\tasks.o
 *fill*         0x0800a316        0x2 
 .text.prvAddNewTaskToReadyList
                0x0800a318       0xdc Middlewares\Third_Party\FreeRTOS\Source\tasks.o
 .text.vTaskDelay
                0x0800a3f4       0x68 Middlewares\Third_Party\FreeRTOS\Source\tasks.o
                0x0800a3f4                vTaskDelay
 .text.vTaskStartScheduler
                0x0800a45c       0x90 Middlewares\Third_Party\FreeRTOS\Source\tasks.o
                0x0800a45c                vTaskStartScheduler
 .text.vTaskSuspendAll
                0x0800a4ec       0x1c Middlewares\Third_Party\FreeRTOS\Source\tasks.o
                0x0800a4ec                vTaskSuspendAll
 .text.xTaskResumeAll
                0x0800a508      0x138 Middlewares\Third_Party\FreeRTOS\Source\tasks.o
                0x0800a508                xTaskResumeAll
 .text.xTaskIncrementTick
                0x0800a640      0x178 Middlewares\Third_Party\FreeRTOS\Source\tasks.o
                0x0800a640                xTaskIncrementTick
 .text.vTaskSwitchContext
                0x0800a7b8       0xec Middlewares\Third_Party\FreeRTOS\Source\tasks.o
                0x0800a7b8                vTaskSwitchContext
 .text.vTaskPlaceOnEventList
                0x0800a8a4       0x48 Middlewares\Third_Party\FreeRTOS\Source\tasks.o
                0x0800a8a4                vTaskPlaceOnEventList
 .text.xTaskRemoveFromEventList
                0x0800a8ec       0xc4 Middlewares\Third_Party\FreeRTOS\Source\tasks.o
                0x0800a8ec                xTaskRemoveFromEventList
 .text.vTaskSetTimeOutState
                0x0800a9b0       0x48 Middlewares\Third_Party\FreeRTOS\Source\tasks.o
                0x0800a9b0                vTaskSetTimeOutState
 .text.xTaskCheckForTimeOut
                0x0800a9f8       0xbc Middlewares\Third_Party\FreeRTOS\Source\tasks.o
                0x0800a9f8                xTaskCheckForTimeOut
 .text.vTaskMissedYield
                0x0800aab4       0x18 Middlewares\Third_Party\FreeRTOS\Source\tasks.o
                0x0800aab4                vTaskMissedYield
 .text.prvIdleTask
                0x0800aacc       0x30 Middlewares\Third_Party\FreeRTOS\Source\tasks.o
 .text.prvInitialiseTaskLists
                0x0800aafc       0x80 Middlewares\Third_Party\FreeRTOS\Source\tasks.o
 .text.prvCheckTasksWaitingTermination
                0x0800ab7c       0x78 Middlewares\Third_Party\FreeRTOS\Source\tasks.o
 .text.prvDeleteTCB
                0x0800abf4       0x20 Middlewares\Third_Party\FreeRTOS\Source\tasks.o
 .text.prvResetNextTaskUnblockTime
                0x0800ac14       0x4c Middlewares\Third_Party\FreeRTOS\Source\tasks.o
 .text.xTaskGetSchedulerState
                0x0800ac60       0x3c Middlewares\Third_Party\FreeRTOS\Source\tasks.o
                0x0800ac60                xTaskGetSchedulerState
 .text.vTaskPriorityInherit
                0x0800ac9c       0xec Middlewares\Third_Party\FreeRTOS\Source\tasks.o
                0x0800ac9c                vTaskPriorityInherit
 .text.xTaskPriorityDisinherit
                0x0800ad88      0x108 Middlewares\Third_Party\FreeRTOS\Source\tasks.o
                0x0800ad88                xTaskPriorityDisinherit
 .text.pvTaskIncrementMutexHeldCount
                0x0800ae90       0x28 Middlewares\Third_Party\FreeRTOS\Source\tasks.o
                0x0800ae90                pvTaskIncrementMutexHeldCount
 .text.prvAddCurrentTaskToDelayedList
                0x0800aeb8       0xcc Middlewares\Third_Party\FreeRTOS\Source\tasks.o
 .text.Reset_Handler
                0x0800af84       0x50 startup\startup_stm32f429xx.o
                0x0800af84                Reset_Handler
 .text.Default_Handler
                0x0800afd4        0x2 startup\startup_stm32f429xx.o
                0x0800afd4                RTC_Alarm_IRQHandler
                0x0800afd4                HASH_RNG_IRQHandler
                0x0800afd4                TIM8_CC_IRQHandler
                0x0800afd4                UART8_IRQHandler
                0x0800afd4                SPI4_IRQHandler
                0x0800afd4                TIM1_CC_IRQHandler
                0x0800afd4                DMA2_Stream5_IRQHandler
                0x0800afd4                DMA1_Stream5_IRQHandler
                0x0800afd4                PVD_IRQHandler
                0x0800afd4                SDIO_IRQHandler
                0x0800afd4                TAMP_STAMP_IRQHandler
                0x0800afd4                CAN2_RX1_IRQHandler
                0x0800afd4                TIM8_TRG_COM_TIM14_IRQHandler
                0x0800afd4                TIM8_UP_TIM13_IRQHandler
                0x0800afd4                I2C3_ER_IRQHandler
                0x0800afd4                DMA1_Stream2_IRQHandler
                0x0800afd4                CAN1_RX0_IRQHandler
                0x0800afd4                FPU_IRQHandler
                0x0800afd4                OTG_HS_WKUP_IRQHandler
                0x0800afd4                LTDC_ER_IRQHandler
                0x0800afd4                CAN2_SCE_IRQHandler
                0x0800afd4                DMA2_Stream2_IRQHandler
                0x0800afd4                SPI1_IRQHandler
                0x0800afd4                TIM1_BRK_TIM9_IRQHandler
                0x0800afd4                DCMI_IRQHandler
                0x0800afd4                CAN2_RX0_IRQHandler
                0x0800afd4                DMA2_Stream3_IRQHandler
                0x0800afd4                USART6_IRQHandler
                0x0800afd4                USART3_IRQHandler
                0x0800afd4                CAN1_RX1_IRQHandler
                0x0800afd4                UART5_IRQHandler
                0x0800afd4                DMA2_Stream0_IRQHandler
                0x0800afd4                TIM4_IRQHandler
                0x0800afd4                DMA1_Stream6_IRQHandler
                0x0800afd4                DMA1_Stream1_IRQHandler
                0x0800afd4                UART4_IRQHandler
                0x0800afd4                TIM3_IRQHandler
                0x0800afd4                RCC_IRQHandler
                0x0800afd4                TIM8_BRK_TIM12_IRQHandler
                0x0800afd4                Default_Handler
                0x0800afd4                EXTI15_10_IRQHandler
                0x0800afd4                ADC_IRQHandler
                0x0800afd4                DMA1_Stream7_IRQHandler
                0x0800afd4                SPI5_IRQHandler
                0x0800afd4                CAN2_TX_IRQHandler
                0x0800afd4                DMA2_Stream7_IRQHandler
                0x0800afd4                I2C3_EV_IRQHandler
                0x0800afd4                RTC_WKUP_IRQHandler
                0x0800afd4                LTDC_IRQHandler
                0x0800afd4                ETH_WKUP_IRQHandler
                0x0800afd4                SPI2_IRQHandler
                0x0800afd4                OTG_HS_EP1_IN_IRQHandler
                0x0800afd4                DMA1_Stream0_IRQHandler
                0x0800afd4                CAN1_TX_IRQHandler
                0x0800afd4                ETH_IRQHandler
                0x0800afd4                OTG_HS_EP1_OUT_IRQHandler
                0x0800afd4                WWDG_IRQHandler
                0x0800afd4                SPI6_IRQHandler
                0x0800afd4                TIM2_IRQHandler
                0x0800afd4                OTG_FS_WKUP_IRQHandler
                0x0800afd4                TIM1_TRG_COM_TIM11_IRQHandler
                0x0800afd4                OTG_HS_IRQHandler
                0x0800afd4                DMA2D_IRQHandler
                0x0800afd4                USART2_IRQHandler
                0x0800afd4                DMA2_Stream1_IRQHandler
                0x0800afd4                CAN1_SCE_IRQHandler
                0x0800afd4                FLASH_IRQHandler
                0x0800afd4                DMA2_Stream4_IRQHandler
                0x0800afd4                SPI3_IRQHandler
                0x0800afd4                DMA1_Stream4_IRQHandler
                0x0800afd4                FMC_IRQHandler
                0x0800afd4                DMA2_Stream6_IRQHandler
                0x0800afd4                SAI1_IRQHandler
 *fill*         0x0800afd6        0x2 
 .text.__libc_init_array
                0x0800afd8       0x48 c:/program files (x86)/atollic/truestudio for stm32 9.0.1/armtools/bin/../lib/gcc/arm-atollic-eabi/6.3.1/../../../../arm-atollic-eabi/lib/armv7e-m/fpu\libc_nano.a(lib_a-init.o)
                0x0800afd8                __libc_init_array
 .text.malloc   0x0800b020       0x10 c:/program files (x86)/atollic/truestudio for stm32 9.0.1/armtools/bin/../lib/gcc/arm-atollic-eabi/6.3.1/../../../../arm-atollic-eabi/lib/armv7e-m/fpu\libc_nano.a(lib_a-malloc.o)
                0x0800b020                malloc
 .text.memcpy   0x0800b030       0x16 c:/program files (x86)/atollic/truestudio for stm32 9.0.1/armtools/bin/../lib/gcc/arm-atollic-eabi/6.3.1/../../../../arm-atollic-eabi/lib/armv7e-m/fpu\libc_nano.a(lib_a-memcpy-stub.o)
                0x0800b030                memcpy
 .text.memset   0x0800b046       0x10 c:/program files (x86)/atollic/truestudio for stm32 9.0.1/armtools/bin/../lib/gcc/arm-atollic-eabi/6.3.1/../../../../arm-atollic-eabi/lib/armv7e-m/fpu\libc_nano.a(lib_a-memset.o)
                0x0800b046                memset
 *fill*         0x0800b056        0x2 
 .text._free_r  0x0800b058       0x9c c:/program files (x86)/atollic/truestudio for stm32 9.0.1/armtools/bin/../lib/gcc/arm-atollic-eabi/6.3.1/../../../../arm-atollic-eabi/lib/armv7e-m/fpu\libc_nano.a(lib_a-nano-freer.o)
                0x0800b058                _free_r
 .text._malloc_r
                0x0800b0f4       0xbc c:/program files (x86)/atollic/truestudio for stm32 9.0.1/armtools/bin/../lib/gcc/arm-atollic-eabi/6.3.1/../../../../arm-atollic-eabi/lib/armv7e-m/fpu\libc_nano.a(lib_a-nano-mallocr.o)
                0x0800b0f4                _malloc_r
 .text.__cvt    0x0800b1b0       0xc2 c:/program files (x86)/atollic/truestudio for stm32 9.0.1/armtools/bin/../lib/gcc/arm-atollic-eabi/6.3.1/../../../../arm-atollic-eabi/lib/armv7e-m/fpu\libc_nano.a(lib_a-nano-vfprintf_float.o)
                0x0800b1b0                __cvt
 .text.__exponent
                0x0800b272       0x6a c:/program files (x86)/atollic/truestudio for stm32 9.0.1/armtools/bin/../lib/gcc/arm-atollic-eabi/6.3.1/../../../../arm-atollic-eabi/lib/armv7e-m/fpu\libc_nano.a(lib_a-nano-vfprintf_float.o)
                0x0800b272                __exponent
 .text._printf_float
                0x0800b2dc      0x480 c:/program files (x86)/atollic/truestudio for stm32 9.0.1/armtools/bin/../lib/gcc/arm-atollic-eabi/6.3.1/../../../../arm-atollic-eabi/lib/armv7e-m/fpu\libc_nano.a(lib_a-nano-vfprintf_float.o)
                0x0800b2dc                _printf_float
 .text._printf_common
                0x0800b75c       0xec c:/program files (x86)/atollic/truestudio for stm32 9.0.1/armtools/bin/../lib/gcc/arm-atollic-eabi/6.3.1/../../../../arm-atollic-eabi/lib/armv7e-m/fpu\libc_nano.a(lib_a-nano-vfprintf_i.o)
                0x0800b75c                _printf_common
 .text._printf_i
                0x0800b848      0x240 c:/program files (x86)/atollic/truestudio for stm32 9.0.1/armtools/bin/../lib/gcc/arm-atollic-eabi/6.3.1/../../../../arm-atollic-eabi/lib/armv7e-m/fpu\libc_nano.a(lib_a-nano-vfprintf_i.o)
                0x0800b848                _printf_i
 .text._sbrk_r  0x0800ba88       0x20 c:/program files (x86)/atollic/truestudio for stm32 9.0.1/armtools/bin/../lib/gcc/arm-atollic-eabi/6.3.1/../../../../arm-atollic-eabi/lib/armv7e-m/fpu\libc_nano.a(lib_a-sbrkr.o)
                0x0800ba88                _sbrk_r
 .text.sprintf  0x0800baa8       0x48 c:/program files (x86)/atollic/truestudio for stm32 9.0.1/armtools/bin/../lib/gcc/arm-atollic-eabi/6.3.1/../../../../arm-atollic-eabi/lib/armv7e-m/fpu\libc_nano.a(lib_a-sprintf.o)
                0x0800baa8                siprintf
                0x0800baa8                sprintf
 .text.strcpy   0x0800baf0       0x10 c:/program files (x86)/atollic/truestudio for stm32 9.0.1/armtools/bin/../lib/gcc/arm-atollic-eabi/6.3.1/../../../../arm-atollic-eabi/lib/armv7e-m/fpu\libc_nano.a(lib_a-strcpy.o)
                0x0800baf0                strcpy
 .text.strncpy  0x0800bb00       0x2a c:/program files (x86)/atollic/truestudio for stm32 9.0.1/armtools/bin/../lib/gcc/arm-atollic-eabi/6.3.1/../../../../arm-atollic-eabi/lib/armv7e-m/fpu\libc_nano.a(lib_a-strncpy.o)
                0x0800bb00                strncpy
 .text.quorem   0x0800bb2a      0x118 c:/program files (x86)/atollic/truestudio for stm32 9.0.1/armtools/bin/../lib/gcc/arm-atollic-eabi/6.3.1/../../../../arm-atollic-eabi/lib/armv7e-m/fpu\libc_nano.a(lib_a-dtoa.o)
 *fill*         0x0800bc42        0x6 
 .text._dtoa_r  0x0800bc48      0xb9c c:/program files (x86)/atollic/truestudio for stm32 9.0.1/armtools/bin/../lib/gcc/arm-atollic-eabi/6.3.1/../../../../arm-atollic-eabi/lib/armv7e-m/fpu\libc_nano.a(lib_a-dtoa.o)
                0x0800bc48                _dtoa_r
 .text._localeconv_r
                0x0800c7e4       0x1c c:/program files (x86)/atollic/truestudio for stm32 9.0.1/armtools/bin/../lib/gcc/arm-atollic-eabi/6.3.1/../../../../arm-atollic-eabi/lib/armv7e-m/fpu\libc_nano.a(lib_a-localeconv.o)
                0x0800c7e4                _localeconv_r
 .text.__malloc_lock
                0x0800c800        0x2 c:/program files (x86)/atollic/truestudio for stm32 9.0.1/armtools/bin/../lib/gcc/arm-atollic-eabi/6.3.1/../../../../arm-atollic-eabi/lib/armv7e-m/fpu\libc_nano.a(lib_a-mlock.o)
                0x0800c800                __malloc_lock
 .text.__malloc_unlock
                0x0800c802        0x2 c:/program files (x86)/atollic/truestudio for stm32 9.0.1/armtools/bin/../lib/gcc/arm-atollic-eabi/6.3.1/../../../../arm-atollic-eabi/lib/armv7e-m/fpu\libc_nano.a(lib_a-mlock.o)
                0x0800c802                __malloc_unlock
 .text._Balloc  0x0800c804       0x68 c:/program files (x86)/atollic/truestudio for stm32 9.0.1/armtools/bin/../lib/gcc/arm-atollic-eabi/6.3.1/../../../../arm-atollic-eabi/lib/armv7e-m/fpu\libc_nano.a(lib_a-mprec.o)
                0x0800c804                _Balloc
 .text._Bfree   0x0800c86c       0x2e c:/program files (x86)/atollic/truestudio for stm32 9.0.1/armtools/bin/../lib/gcc/arm-atollic-eabi/6.3.1/../../../../arm-atollic-eabi/lib/armv7e-m/fpu\libc_nano.a(lib_a-mprec.o)
                0x0800c86c                _Bfree
 .text.__multadd
                0x0800c89a       0x76 c:/program files (x86)/atollic/truestudio for stm32 9.0.1/armtools/bin/../lib/gcc/arm-atollic-eabi/6.3.1/../../../../arm-atollic-eabi/lib/armv7e-m/fpu\libc_nano.a(lib_a-mprec.o)
                0x0800c89a                __multadd
 .text.__hi0bits
                0x0800c910       0x3e c:/program files (x86)/atollic/truestudio for stm32 9.0.1/armtools/bin/../lib/gcc/arm-atollic-eabi/6.3.1/../../../../arm-atollic-eabi/lib/armv7e-m/fpu\libc_nano.a(lib_a-mprec.o)
                0x0800c910                __hi0bits
 .text.__lo0bits
                0x0800c94e       0x5e c:/program files (x86)/atollic/truestudio for stm32 9.0.1/armtools/bin/../lib/gcc/arm-atollic-eabi/6.3.1/../../../../arm-atollic-eabi/lib/armv7e-m/fpu\libc_nano.a(lib_a-mprec.o)
                0x0800c94e                __lo0bits
 .text.__i2b    0x0800c9ac       0x12 c:/program files (x86)/atollic/truestudio for stm32 9.0.1/armtools/bin/../lib/gcc/arm-atollic-eabi/6.3.1/../../../../arm-atollic-eabi/lib/armv7e-m/fpu\libc_nano.a(lib_a-mprec.o)
                0x0800c9ac                __i2b
 .text.__multiply
                0x0800c9be      0x11a c:/program files (x86)/atollic/truestudio for stm32 9.0.1/armtools/bin/../lib/gcc/arm-atollic-eabi/6.3.1/../../../../arm-atollic-eabi/lib/armv7e-m/fpu\libc_nano.a(lib_a-mprec.o)
                0x0800c9be                __multiply
 .text.__pow5mult
                0x0800cad8       0x9c c:/program files (x86)/atollic/truestudio for stm32 9.0.1/armtools/bin/../lib/gcc/arm-atollic-eabi/6.3.1/../../../../arm-atollic-eabi/lib/armv7e-m/fpu\libc_nano.a(lib_a-mprec.o)
                0x0800cad8                __pow5mult
 .text.__lshift
                0x0800cb74       0xa2 c:/program files (x86)/atollic/truestudio for stm32 9.0.1/armtools/bin/../lib/gcc/arm-atollic-eabi/6.3.1/../../../../arm-atollic-eabi/lib/armv7e-m/fpu\libc_nano.a(lib_a-mprec.o)
                0x0800cb74                __lshift
 .text.__mcmp   0x0800cc16       0x34 c:/program files (x86)/atollic/truestudio for stm32 9.0.1/armtools/bin/../lib/gcc/arm-atollic-eabi/6.3.1/../../../../arm-atollic-eabi/lib/armv7e-m/fpu\libc_nano.a(lib_a-mprec.o)
                0x0800cc16                __mcmp
 .text.__mdiff  0x0800cc4a       0xbc c:/program files (x86)/atollic/truestudio for stm32 9.0.1/armtools/bin/../lib/gcc/arm-atollic-eabi/6.3.1/../../../../arm-atollic-eabi/lib/armv7e-m/fpu\libc_nano.a(lib_a-mprec.o)
                0x0800cc4a                __mdiff
 .text.__d2b    0x0800cd06       0x9e c:/program files (x86)/atollic/truestudio for stm32 9.0.1/armtools/bin/../lib/gcc/arm-atollic-eabi/6.3.1/../../../../arm-atollic-eabi/lib/armv7e-m/fpu\libc_nano.a(lib_a-mprec.o)
                0x0800cd06                __d2b
 .text._calloc_r
                0x0800cda4       0x1c c:/program files (x86)/atollic/truestudio for stm32 9.0.1/armtools/bin/../lib/gcc/arm-atollic-eabi/6.3.1/../../../../arm-atollic-eabi/lib/armv7e-m/fpu\libc_nano.a(lib_a-nano-callocr.o)
                0x0800cda4                _calloc_r
 .text.__ssputs_r
                0x0800cdc0       0xb6 c:/program files (x86)/atollic/truestudio for stm32 9.0.1/armtools/bin/../lib/gcc/arm-atollic-eabi/6.3.1/../../../../arm-atollic-eabi/lib/armv7e-m/fpu\libc_nano.a(lib_a-nano-svfprintf.o)
                0x0800cdc0                __ssputs_r
 *fill*         0x0800ce76        0x2 
 .text._svfprintf_r
                0x0800ce78      0x1e8 c:/program files (x86)/atollic/truestudio for stm32 9.0.1/armtools/bin/../lib/gcc/arm-atollic-eabi/6.3.1/../../../../arm-atollic-eabi/lib/armv7e-m/fpu\libc_nano.a(lib_a-nano-svfprintf.o)
                0x0800ce78                _svfiprintf_r
                0x0800ce78                _svfprintf_r
 .text.__ascii_mbtowc
                0x0800d060       0x24 c:/program files (x86)/atollic/truestudio for stm32 9.0.1/armtools/bin/../lib/gcc/arm-atollic-eabi/6.3.1/../../../../arm-atollic-eabi/lib/armv7e-m/fpu\libc_nano.a(lib_a-mbtowc_r.o)
                0x0800d060                __ascii_mbtowc
 .text.memmove  0x0800d084       0x34 c:/program files (x86)/atollic/truestudio for stm32 9.0.1/armtools/bin/../lib/gcc/arm-atollic-eabi/6.3.1/../../../../arm-atollic-eabi/lib/armv7e-m/fpu\libc_nano.a(lib_a-memmove.o)
                0x0800d084                memmove
 .text._realloc_r
                0x0800d0b8       0x4c c:/program files (x86)/atollic/truestudio for stm32 9.0.1/armtools/bin/../lib/gcc/arm-atollic-eabi/6.3.1/../../../../arm-atollic-eabi/lib/armv7e-m/fpu\libc_nano.a(lib_a-nano-reallocr.o)
                0x0800d0b8                _realloc_r
 .text.__ascii_wctomb
                0x0800d104       0x1a c:/program files (x86)/atollic/truestudio for stm32 9.0.1/armtools/bin/../lib/gcc/arm-atollic-eabi/6.3.1/../../../../arm-atollic-eabi/lib/armv7e-m/fpu\libc_nano.a(lib_a-wctomb_r.o)
                0x0800d104                __ascii_wctomb
 .text._malloc_usable_size_r
                0x0800d11e       0x12 c:/program files (x86)/atollic/truestudio for stm32 9.0.1/armtools/bin/../lib/gcc/arm-atollic-eabi/6.3.1/../../../../arm-atollic-eabi/lib/armv7e-m/fpu\libc_nano.a(lib_a-nano-msizer.o)
                0x0800d11e                _malloc_usable_size_r
 .text.asin     0x0800d130       0xb0 c:/program files (x86)/atollic/truestudio for stm32 9.0.1/armtools/bin/../lib/gcc/arm-atollic-eabi/6.3.1/../../../../arm-atollic-eabi/lib/armv7e-m/fpu\libm.a(lib_a-w_asin.o)
                0x0800d130                asin
 .text.atan2    0x0800d1e0        0x4 c:/program files (x86)/atollic/truestudio for stm32 9.0.1/armtools/bin/../lib/gcc/arm-atollic-eabi/6.3.1/../../../../arm-atollic-eabi/lib/armv7e-m/fpu\libm.a(lib_a-w_atan2.o)
                0x0800d1e0                atan2
 .text.pow      0x0800d1e4      0x2f0 c:/program files (x86)/atollic/truestudio for stm32 9.0.1/armtools/bin/../lib/gcc/arm-atollic-eabi/6.3.1/../../../../arm-atollic-eabi/lib/armv7e-m/fpu\libm.a(lib_a-w_pow.o)
                0x0800d1e4                pow
 *fill*         0x0800d4d4        0x4 
 .text.__ieee754_asin
                0x0800d4d8      0x418 c:/program files (x86)/atollic/truestudio for stm32 9.0.1/armtools/bin/../lib/gcc/arm-atollic-eabi/6.3.1/../../../../arm-atollic-eabi/lib/armv7e-m/fpu\libm.a(lib_a-e_asin.o)
                0x0800d4d8                __ieee754_asin
 .text.__ieee754_atan2
                0x0800d8f0      0x1b4 c:/program files (x86)/atollic/truestudio for stm32 9.0.1/armtools/bin/../lib/gcc/arm-atollic-eabi/6.3.1/../../../../arm-atollic-eabi/lib/armv7e-m/fpu\libm.a(lib_a-e_atan2.o)
                0x0800d8f0                __ieee754_atan2
 *fill*         0x0800daa4        0x4 
 .text.__ieee754_pow
                0x0800daa8      0xa24 c:/program files (x86)/atollic/truestudio for stm32 9.0.1/armtools/bin/../lib/gcc/arm-atollic-eabi/6.3.1/../../../../arm-atollic-eabi/lib/armv7e-m/fpu\libm.a(lib_a-e_pow.o)
                0x0800daa8                __ieee754_pow
 .text.__ieee754_sqrt
                0x0800e4cc      0x160 c:/program files (x86)/atollic/truestudio for stm32 9.0.1/armtools/bin/../lib/gcc/arm-atollic-eabi/6.3.1/../../../../arm-atollic-eabi/lib/armv7e-m/fpu\libm.a(lib_a-e_sqrt.o)
                0x0800e4cc                __ieee754_sqrt
 *fill*         0x0800e62c        0x4 
 .text.atan     0x0800e630      0x350 c:/program files (x86)/atollic/truestudio for stm32 9.0.1/armtools/bin/../lib/gcc/arm-atollic-eabi/6.3.1/../../../../arm-atollic-eabi/lib/armv7e-m/fpu\libm.a(lib_a-s_atan.o)
                0x0800e630                atan
 .text.fabs     0x0800e980        0xe c:/program files (x86)/atollic/truestudio for stm32 9.0.1/armtools/bin/../lib/gcc/arm-atollic-eabi/6.3.1/../../../../arm-atollic-eabi/lib/armv7e-m/fpu\libm.a(lib_a-s_fabs.o)
                0x0800e980                fabs
 .text.finite   0x0800e98e       0x10 c:/program files (x86)/atollic/truestudio for stm32 9.0.1/armtools/bin/../lib/gcc/arm-atollic-eabi/6.3.1/../../../../arm-atollic-eabi/lib/armv7e-m/fpu\libm.a(lib_a-s_finite.o)
                0x0800e98e                finite
 .text.matherr  0x0800e99e        0x4 c:/program files (x86)/atollic/truestudio for stm32 9.0.1/armtools/bin/../lib/gcc/arm-atollic-eabi/6.3.1/../../../../arm-atollic-eabi/lib/armv7e-m/fpu\libm.a(lib_a-s_matherr.o)
                0x0800e99e                matherr
 *fill*         0x0800e9a2        0x6 
 .text.nan      0x0800e9a8       0x10 c:/program files (x86)/atollic/truestudio for stm32 9.0.1/armtools/bin/../lib/gcc/arm-atollic-eabi/6.3.1/../../../../arm-atollic-eabi/lib/armv7e-m/fpu\libm.a(lib_a-s_nan.o)
                0x0800e9a8                nan
 .text.rint     0x0800e9b8      0x110 c:/program files (x86)/atollic/truestudio for stm32 9.0.1/armtools/bin/../lib/gcc/arm-atollic-eabi/6.3.1/../../../../arm-atollic-eabi/lib/armv7e-m/fpu\libm.a(lib_a-s_rint.o)
                0x0800e9b8                rint
 .text.scalbn   0x0800eac8       0xf4 c:/program files (x86)/atollic/truestudio for stm32 9.0.1/armtools/bin/../lib/gcc/arm-atollic-eabi/6.3.1/../../../../arm-atollic-eabi/lib/armv7e-m/fpu\libm.a(lib_a-s_scalbn.o)
                0x0800eac8                scalbn
 .text.copysign
                0x0800ebbc       0x1a c:/program files (x86)/atollic/truestudio for stm32 9.0.1/armtools/bin/../lib/gcc/arm-atollic-eabi/6.3.1/../../../../arm-atollic-eabi/lib/armv7e-m/fpu\libm.a(lib_a-s_copysign.o)
                0x0800ebbc                copysign
 *fill*         0x0800ebd6        0x2 
 .text.__errno  0x0800ebd8        0xc c:/program files (x86)/atollic/truestudio for stm32 9.0.1/armtools/bin/../lib/gcc/arm-atollic-eabi/6.3.1/../../../../arm-atollic-eabi/lib/armv7e-m/fpu\libc_nano.a(lib_a-errno.o)
                0x0800ebd8                __errno
 .text._sbrk    0x0800ebe4       0x1c c:/program files (x86)/atollic/truestudio for stm32 9.0.1/armtools/bin/../lib/gcc/arm-atollic-eabi/6.3.1/../../../../arm-atollic-eabi/lib/armv7e-m/fpu\libnosys.a(sbrk.o)
                0x0800ebe4                _sbrk
 *(.glue_7)
 .glue_7        0x0800ec00        0x0 linker stubs
 *(.glue_7t)
 .glue_7t       0x0800ec00        0x0 linker stubs
 *(.eh_frame)
 .eh_frame      0x0800ec00        0x0 c:/program files (x86)/atollic/truestudio for stm32 9.0.1/armtools/bin/../lib/gcc/arm-atollic-eabi/6.3.1/armv7e-m/fpu/crtbegin.o
 *(.init)
 .init          0x0800ec00        0x4 c:/program files (x86)/atollic/truestudio for stm32 9.0.1/armtools/bin/../lib/gcc/arm-atollic-eabi/6.3.1/armv7e-m/fpu/crti.o
                0x0800ec00                _init
 .init          0x0800ec04        0x8 c:/program files (x86)/atollic/truestudio for stm32 9.0.1/armtools/bin/../lib/gcc/arm-atollic-eabi/6.3.1/armv7e-m/fpu/crtn.o
 *(.fini)
 .fini          0x0800ec0c        0x4 c:/program files (x86)/atollic/truestudio for stm32 9.0.1/armtools/bin/../lib/gcc/arm-atollic-eabi/6.3.1/armv7e-m/fpu/crti.o
                0x0800ec0c                _fini
 .fini          0x0800ec10        0x8 c:/program files (x86)/atollic/truestudio for stm32 9.0.1/armtools/bin/../lib/gcc/arm-atollic-eabi/6.3.1/armv7e-m/fpu/crtn.o
                0x0800ec18                . = ALIGN (0x4)
                0x0800ec18                _etext = .

.vfp11_veneer   0x0800ec18        0x0
 .vfp11_veneer  0x0800ec18        0x0 linker stubs

.v4_bx          0x0800ec18        0x0
 .v4_bx         0x0800ec18        0x0 linker stubs

.iplt           0x0800ec18        0x0
 .iplt          0x0800ec18        0x0 c:/program files (x86)/atollic/truestudio for stm32 9.0.1/armtools/bin/../lib/gcc/arm-atollic-eabi/6.3.1/armv7e-m/fpu/crtbegin.o

.rodata         0x0800ec18      0x5b0
                0x0800ec18                . = ALIGN (0x4)
 *(.rodata)
 .rodata        0x0800ec18       0x14 Core\Src\bmp180.o
 .rodata        0x0800ec2c       0x14 Core\Src\main.o
 .rodata        0x0800ec40       0x14 Core\Src\skif.o