Archive member included to satisfy reference by file (symbol)

c:/program files (x86)/atollic/truestudio for stm32 9.0.1/armtools/bin/../lib/gcc/arm-atollic-eabi/6.3.1/../../../../arm-atollic-eabi/lib/armv7e-m/fpu\libc_nano.a(lib_a-init.o)
                              startup\startup_stm32f429xx.o (__libc_init_array)
c:/program files (x86)/atollic/truestudio for stm32 9.0.1/armtools/bin/../lib/gcc/arm-atollic-eabi/6.3.1/../../../../arm-atollic-eabi/lib/armv7e-m/fpu\libc_nano.a(lib_a-malloc.o)
                              Middlewares\ST\STM32_USB_Device_Library\Class\CDC\Src\usbd_cdc.o (malloc)
c:/program files (x86)/atollic/truestudio for stm32 9.0.1/armtools/bin/../lib/gcc/arm-atollic-eabi/6.3.1/../../../../arm-atollic-eabi/lib/armv7e-m/fpu\libc_nano.a(lib_a-memcpy-stub.o)
                              Core\Src\nmea.o (memcpy)
c:/program files (x86)/atollic/truestudio for stm32 9.0.1/armtools/bin/../lib/gcc/arm-atollic-eabi/6.3.1/../../../../arm-atollic-eabi/lib/armv7e-m/fpu\libc_nano.a(lib_a-memset.o)
                              Core\Src\bmp180.o (memset)
c:/program files (x86)/atollic/truestudio for stm32 9.0.1/armtools/bin/../lib/gcc/arm-atollic-eabi/6.3.1/../../../../arm-atollic-eabi/lib/armv7e-m/fpu\libc_nano.a(lib_a-nano-freer.o)
                              c:/program files (x86)/atollic/truestudio for stm32 9.0.1/armtools/bin/../lib/gcc/arm-atollic-eabi/6.3.1/../../../../arm-atollic-eabi/lib/armv7e-m/fpu\libc_nano.a(lib_a-malloc.o) (_free_r)
c:/program files (x86)/atollic/truestudio for stm32 9.0.1/armtools/bin/../lib/gcc/arm-atollic-eabi/6.3.1/../../../../arm-atollic-eabi/lib/armv7e-m/fpu\libc_nano.a(lib_a-nano-mallocr.o)
                              c:/program files (x86)/atollic/truestudio for stm32 9.0.1/armtools/bin/../lib/gcc/arm-atollic-eabi/6.3.1/../../../../arm-atollic-eabi/lib/armv7e-m/fpu\libc_nano.a(lib_a-malloc.o) (_malloc_r)
c:/program files (x86)/atollic/truestudio for stm32 9.0.1/armtools/bin/../lib/gcc/arm-atollic-eabi/6.3.1/../../../../arm-atollic-eabi/lib/armv7e-m/fpu\libc_nano.a(lib_a-nano-vfprintf_float.o)
                              (_printf_float)
c:/program files (x86)/atollic/truestudio for stm32 9.0.1/armtools/bin/../lib/gcc/arm-atollic-eabi/6.3.1/../../../../arm-atollic-eabi/lib/armv7e-m/fpu\libc_nano.a(lib_a-nano-vfprintf_i.o)
                              c:/program files (x86)/atollic/truestudio for stm32 9.0.1/armtools/bin/../lib/gcc/arm-atollic-eabi/6.3.1/../../../../arm-atollic-eabi/lib/armv7e-m/fpu\libc_nano.a(lib_a-nano-vfprintf_float.o) (_printf_common)
c:/program files (x86)/atollic/truestudio for stm32 9.0.1/armtools/bin/../lib/gcc/arm-atollic-eabi/6.3.1/../../../../arm-atollic-eabi/lib/armv7e-m/fpu\libc_nano.a(lib_a-printf.o)
                              Core\Src\devices\radar.o (printf)
c:/program files (x86)/atollic/truestudio for stm32 9.0.1/armtools/bin/../lib/gcc/arm-atollic-eabi/6.3.1/../../../../arm-atollic-eabi/lib/armv7e-m/fpu\libc_nano.a(lib_a-puts.o)
                              Core\Src\devices\radar.o (puts)
c:/program files (x86)/atollic/truestudio for stm32 9.0.1/armtools/bin/../lib/gcc/arm-atollic-eabi/6.3.1/../../../../arm-atollic-eabi/lib/armv7e-m/fpu\libc_nano.a(lib_a-reent.o)
                              Core\Src\syscalls.o (errno)
c:/program files (x86)/atollic/truestudio for stm32 9.0.1/armtools/bin/../lib/gcc/arm-atollic-eabi/6.3.1/../../../../arm-atollic-eabi/lib/armv7e-m/fpu\libc_nano.a(lib_a-sbrkr.o)
                              c:/program files (x86)/atollic/truestudio for stm32 9.0.1/armtools/bin/../lib/gcc/arm-atollic-eabi/6.3.1/../../../../arm-atollic-eabi/lib/armv7e-m/fpu\libc_nano.a(lib_a-nano-mallocr.o) (_sbrk_r)
c:/program files (x86)/atollic/truestudio for stm32 9.0.1/armtools/bin/../lib/gcc/arm-atollic-eabi/6.3.1/../../../../arm-atollic-eabi/lib/armv7e-m/fpu\libc_nano.a(lib_a-sprintf.o)
                              Core\Src\main.o (sprintf)
c:/program files (x86)/atollic/truestudio for stm32 9.0.1/armtools/bin/../lib/gcc/arm-atollic-eabi/6.3.1/../../../../arm-atollic-eabi/lib/armv7e-m/fpu\libc_nano.a(lib_a-strcpy.o)
                              Core\Src\skif.o (strcpy)
c:/program files (x86)/atollic/truestudio for stm32 9.0.1/armtools/bin/../lib/gcc/arm-atollic-eabi/6.3.1/../../../../arm-atollic-eabi/lib/armv7e-m/fpu\libc_nano.a(lib_a-strlen.o)
                              Core\Src\main.o (strlen)
c:/program files (x86)/atollic/truestudio for stm32 9.0.1/armtools/bin/../lib/gcc/arm-atollic-eabi/6.3.1/../../../../arm-atollic-eabi/lib/armv7e-m/fpu\libc_nano.a(lib_a-strncpy.o)
                              Core\Src\nmea.o (strncpy)
c:/program files (x86)/atollic/truestudio for stm32 9.0.1/armtools/bin/../lib/gcc/arm-atollic-eabi/6.3.1/../../../../arm-atollic-eabi/lib/armv7e-m/fpu\libc_nano.a(lib_a-wbuf.o)
[...]
Memory Configuration

Name             Origin             Length             Attributes
RAM              0x20000000         0x00030000         xrw
CCMRAM           0x10000000         0x00010000         rw
FLASH            0x08000000         0x00100000         xr
*default*        0x00000000         0xffffffff

Linker script and memory map

LOAD c:/program files (x86)/atollic/truestudio for stm32 9.0.1/armtools/bin/../lib/gcc/arm-atollic-eabi/6.3.1/armv7e-m/fpu/crti.o
LOAD c:/program files (x86)/atollic/truestudio for stm32 9.0.1/armtools/bin/../lib/gcc/arm-atollic-eabi/6.3.1/armv7e-m/fpu/crtbegin.o
LOAD Core\Src\MadgwickAHRS.o
LOAD Core\Src\bmp180.o
LOAD Core\Src\devices\radar.o
LOAD Core\Src\devices.o
LOAD Core\Src\main.o
LOAD Core\Src\nmea.o
LOAD Core\Src\skif.o
LOAD Core\Src\stm32f4xx_hal_msp.o
LOAD Core\Src\stm32f4xx_hal_timebase_TIM.o
LOAD Core\Src\stm32f4xx_it.o
LOAD Core\Src\syscalls.o
LOAD Core\Src\system_stm32f4xx.o
LOAD Drivers\BSP\src\bsp_exti.o
LOAD Drivers\BSP\src\bsp_iic.o
LOAD Drivers\BSP\src\bsp_manchester.o
LOAD Drivers\BSP\src\bsp_rtc.o
LOAD Drivers\BSP\src\bsp_sdcard.o
LOAD Drivers\BSP\src\bsp_timers.o
LOAD Drivers\BSP\src\bsp_usart.o
LOAD Drivers\BSP\src\bsp_usb.o
LOAD Drivers\STM32F4xx_HAL_Driver\Src\stm32f4xx_hal.o
LOAD Drivers\STM32F4xx_HAL_Driver\Src\stm32f4xx_hal_can.o
LOAD Drivers\STM32F4xx_HAL_Driver\Src\stm32f4xx_hal_cortex.o
LOAD Drivers\STM32F4xx_HAL_Driver\Src\stm32f4xx_hal_dma.o
LOAD Drivers\STM32F4xx_HAL_Driver\Src\stm32f4xx_hal_dma_ex.o
LOAD Drivers\STM32F4xx_HAL_Driver\Src\stm32f4xx_hal_flash.o
LOAD Drivers\STM32F4xx_HAL_Driver\Src\stm32f4xx_hal_flash_ex.o
LOAD Drivers\STM32F4xx_HAL_Driver\Src\stm32f4xx_hal_flash_ramfunc.o
LOAD Drivers\STM32F4xx_HAL_Driver\Src\stm32f4xx_hal_gpio.o
LOAD Drivers\STM32F4xx_HAL_Driver\Src\stm32f4xx_hal_i2c.o
LOAD Drivers\STM32F4xx_HAL_Driver\Src\stm32f4xx_hal_i2c_ex.o
LOAD Drivers\STM32F4xx_HAL_Driver\Src\stm32f4xx_hal_pcd.o
LOAD Drivers\STM32F4xx_HAL_Driver\Src\stm32f4xx_hal_pcd_ex.o
LOAD Drivers\STM32F4xx_HAL_Driver\Src\stm32f4xx_hal_pwr.o
LOAD Drivers\STM32F4xx_HAL_Driver\Src\stm32f4xx_hal_pwr_ex.o
LOAD Drivers\STM32F4xx_HAL_Driver\Src\stm32f4xx_hal_rcc.o
LOAD Drivers\STM32F4xx_HAL_Driver\Src\stm32f4xx_hal_rcc_ex.o
LOAD Drivers\STM32F4xx_HAL_Driver\Src\stm32f4xx_hal_rtc.o
LOAD Drivers\STM32F4xx_HAL_Driver\Src\stm32f4xx_hal_rtc_ex.o
LOAD Drivers\STM32F4xx_HAL_Driver\Src\stm32f4xx_hal_spi.o
LOAD Drivers\STM32F4xx_HAL_Driver\Src\stm32f4xx_hal_tim.o
LOAD Drivers\STM32F4xx_HAL_Driver\Src\stm32f4xx_hal_tim_ex.o
LOAD Drivers\STM32F4xx_HAL_Driver\Src\stm32f4xx_hal_uart.o
LOAD Drivers\STM32F4xx_HAL_Driver\Src\stm32f4xx_hal_usart.o
LOAD Drivers\STM32F4xx_HAL_Driver\Src\stm32f4xx_ll_rtc.o
LOAD Drivers\STM32F4xx_HAL_Driver\Src\stm32f4xx_ll_usart.o
LOAD Drivers\STM32F4xx_HAL_Driver\Src\stm32f4xx_ll_usb.o
LOAD Middlewares\ST\STM32_USB_Device_Library\Class\CDC\Src\usbd_cdc.o
LOAD Middlewares\ST\STM32_USB_Device_Library\Core\Src\usb_device.o
LOAD Middlewares\ST\STM32_USB_Device_Library\Core\Src\usbd_cdc_if.o
LOAD Middlewares\ST\STM32_USB_Device_Library\Core\Src\usbd_conf.o
LOAD Middlewares\ST\STM32_USB_Device_Library\Core\Src\usbd_core.o
LOAD Middlewares\ST\STM32_USB_Device_Library\Core\Src\usbd_ctlreq.o
LOAD Middlewares\ST\STM32_USB_Device_Library\Core\Src\usbd_desc.o
LOAD Middlewares\ST\STM32_USB_Device_Library\Core\Src\usbd_ioreq.o
LOAD Middlewares\Third_Party\FatFs\src\diskio.o
LOAD Middlewares\Third_Party\FatFs\src\fatfs.o
LOAD Middlewares\Third_Party\FatFs\src\ff.o
LOAD Middlewares\Third_Party\FatFs\src\ff_gen_drv.o
LOAD Middlewares\Third_Party\FatFs\src\option\syscall.o
LOAD Middlewares\Third_Party\FatFs\src\sd_diskio.o
LOAD Middlewares\Third_Party\FatFs\src\stm32_adafruit_sd.o
LOAD Middlewares\Third_Party\FreeRTOS\Source\CMSIS_RTOS\cmsis_os.o
LOAD Middlewares\Third_Party\FreeRTOS\Source\croutine.o
LOAD Middlewares\Third_Party\FreeRTOS\Source\event_groups.o
LOAD Middlewares\Third_Party\FreeRTOS\Source\freertos.o
LOAD Middlewares\Third_Party\FreeRTOS\Source\list.o
LOAD Middlewares\Third_Party\FreeRTOS\Source\portable\MemMang\heap_4.o
LOAD Middlewares\Third_Party\FreeRTOS\Source\portable\RVDS\ARM_CM4F\port.o
LOAD Middlewares\Third_Party\FreeRTOS\Source\queue.o
LOAD Middlewares\Third_Party\FreeRTOS\Source\tasks.o
LOAD Middlewares\Third_Party\FreeRTOS\Source\timers.o
LOAD startup\startup_stm32f429xx.o
                0x00000080                malloc_getpagesize_P = 0x80
START GROUP
LOAD c:/program files (x86)/atollic/truestudio for stm32 9.0.1/armtools/bin/../lib/gcc/arm-atollic-eabi/6.3.1/../../../../arm-atollic-eabi/lib/armv7e-m/fpu\libc_nano.a
LOAD c:/program files (x86)/atollic/truestudio for stm32 9.0.1/armtools/bin/../lib/gcc/arm-atollic-eabi/6.3.1/../../../../arm-atollic-eabi/lib/armv7e-m/fpu\libm.a
END GROUP
START GROUP
LOAD c:/program files (x86)/atollic/truestudio for stm32 9.0.1/armtools/bin/../lib/gcc/arm-atollic-eabi/6.3.1/armv7e-m/fpu\libgcc.a
LOAD c:/program files (x86)/atollic/truestudio for stm32 9.0.1/armtools/bin/../lib/gcc/arm-atollic-eabi/6.3.1/../../../../arm-atollic-eabi/lib/armv7e-m/fpu\libc_nano.a
END GROUP
START GROUP
LOAD c:/program files (x86)/atollic/truestudio for stm32 9.0.1/armtools/bin/../lib/gcc/arm-atollic-eabi/6.3.1/armv7e-m/fpu\libgcc.a
LOAD c:/program files (x86)/atollic/truestudio for stm32 9.0.1/armtools/bin/../lib/gcc/arm-atollic-eabi/6.3.1/../../../../arm-atollic-eabi/lib/armv7e-m/fpu\libc_nano.a
LOAD c:/program files (x86)/atollic/truestudio for stm32 9.0.1/armtools/bin/../lib/gcc/arm-atollic-eabi/6.3.1/../../../../arm-atollic-eabi/lib/armv7e-m/fpu\libnosys.a
END GROUP
START GROUP
LOAD c:/program files (x86)/atollic/truestudio for stm32 9.0.1/armtools/bin/../lib/gcc/arm-atollic-eabi/6.3.1/armv7e-m/fpu\libgcc.a
LOAD c:/program files (x86)/atollic/truestudio for stm32 9.0.1/armtools/bin/../lib/gcc/arm-atollic-eabi/6.3.1/../../../../arm-atollic-eabi/lib/armv7e-m/fpu\libc_nano.a
LOAD c:/program files (x86)/atollic/truestudio for stm32 9.0.1/armtools/bin/../lib/gcc/arm-atollic-eabi/6.3.1/../../../../arm-atollic-eabi/lib/armv7e-m/fpu\libnosys.a
END GROUP
LOAD c:/program files (x86)/atollic/truestudio for stm32 9.0.1/armtools/bin/../lib/gcc/arm-atollic-eabi/6.3.1/armv7e-m/fpu/crtend.o
LOAD c:/program files (x86)/atollic/truestudio for stm32 9.0.1/armtools/bin/../lib/gcc/arm-atollic-eabi/6.3.1/armv7e-m/fpu/crtn.o
                0x20030000                _estack = 0x20030000
                0x00000000                _Min_Heap_Size = 0x0
                0x00000400                _Min_Stack_Size = 0x400

.isr_vector     0x08000000      0x1ac
                0x08000000                . = ALIGN (0x4)
 *(.isr_vector)
 .isr_vector    0x08000000      0x1ac startup\startup_stm32f429xx.o
                0x08000000                g_pfnVectors
                0x080001ac                . = ALIGN (0x4)

.text           0x080001b0     0xf94c
                0x080001b0                . = ALIGN (0x4)
 *(.text)
 .text          0x080001b0       0x40 c:/program files (x86)/atollic/truestudio for stm32 9.0.1/armtools/bin/../lib/gcc/arm-atollic-eabi/6.3.1/armv7e-m/fpu/crtbegin.o
 .text          0x080001f0       0x10 c:/program files (x86)/atollic/truestudio for stm32 9.0.1/armtools/bin/../lib/gcc/arm-atollic-eabi/6.3.1/../../../../arm-atollic-eabi/lib/armv7e-m/fpu\libc_nano.a(lib_a-strlen.o)
                0x080001f0                strlen
 .text          0x08000200       0xa0 c:/program files (x86)/atollic/truestudio for stm32 9.0.1/armtools/bin/../lib/gcc/arm-atollic-eabi/6.3.1/../../../../arm-atollic-eabi/lib/armv7e-m/fpu\libc_nano.a(lib_a-memchr.o)
                0x08000200                memchr
 .text          0x080002a0      0x370 c:/program files (x86)/atollic/truestudio for stm32 9.0.1/armtools/bin/../lib/gcc/arm-atollic-eabi/6.3.1/armv7e-m/fpu\libgcc.a(_arm_addsubdf3.o)
                0x080002a0                __aeabi_drsub
                0x080002a8                __aeabi_dsub
                0x080002a8                __subdf3
                0x080002ac                __aeabi_dadd
                0x080002ac                __adddf3
                0x08000524                __floatunsidf
                0x08000524                __aeabi_ui2d
                0x08000544                __floatsidf
                0x08000544                __aeabi_i2d
                0x08000568                __aeabi_f2d
                0x08000568                __extendsfdf2
                0x080005a4                __floatundidf
                0x080005a4                __aeabi_ul2d
                0x080005b4                __floatdidf
                0x080005b4                __aeabi_l2d
 .text          0x08000610      0x424 c:/program files (x86)/atollic/truestudio for stm32 9.0.1/armtools/bin/../lib/gcc/arm-atollic-eabi/6.3.1/armv7e-m/fpu\libgcc.a(_arm_muldivdf3.o)
                0x08000610                __aeabi_dmul
                0x08000610                __muldf3
                0x08000864                __divdf3
                0x08000864                __aeabi_ddiv
 .text          0x08000a34      0x110 c:/program files (x86)/atollic/truestudio for stm32 9.0.1/armtools/bin/../lib/gcc/arm-atollic-eabi/6.3.1/armv7e-m/fpu\libgcc.a(_arm_cmpdf2.o)
                0x08000a34                __gtdf2
                0x08000a34                __gedf2
                0x08000a3c                __ltdf2
                0x08000a3c                __ledf2
                0x08000a44                __nedf2
                0x08000a44                __eqdf2
                0x08000a44                __cmpdf2
                0x08000ac0                __aeabi_cdrcmple
                0x08000ad0                __aeabi_cdcmpeq
                0x08000ad0                __aeabi_cdcmple
                0x08000ae0                __aeabi_dcmpeq
                0x08000af4                __aeabi_dcmplt
                0x08000b08                __aeabi_dcmple
                0x08000b1c                __aeabi_dcmpge
                0x08000b30                __aeabi_dcmpgt
 .text          0x08000b44       0x2c c:/program files (x86)/atollic/truestudio for stm32 9.0.1/armtools/bin/../lib/gcc/arm-atollic-eabi/6.3.1/armv7e-m/fpu\libgcc.a(_arm_unorddf2.o)
                0x08000b44                __unorddf2
                0x08000b44                __aeabi_dcmpun
 .text          0x08000b70       0x50 c:/program files (x86)/atollic/truestudio for stm32 9.0.1/armtools/bin/../lib/gcc/arm-atollic-eabi/6.3.1/armv7e-m/fpu\libgcc.a(_arm_fixdfsi.o)
                0x08000b70                __aeabi_d2iz
                0x08000b70                __fixdfsi
 .text          0x08000bc0       0xa0 c:/program files (x86)/atollic/truestudio for stm32 9.0.1/armtools/bin/../lib/gcc/arm-atollic-eabi/6.3.1/armv7e-m/fpu\libgcc.a(_arm_truncdfsf2.o)
                0x08000bc0                __truncdfsf2
                0x08000bc0                __aeabi_d2f
 .text          0x08000c60       0x30 c:/program files (x86)/atollic/truestudio for stm32 9.0.1/armtools/bin/../lib/gcc/arm-atollic-eabi/6.3.1/armv7e-m/fpu\libgcc.a(_aeabi_uldivmod.o)
                0x08000c60                __aeabi_uldivmod
 .text          0x08000c90      0x2dc c:/program files (x86)/atollic/truestudio for stm32 9.0.1/armtools/bin/../lib/gcc/arm-atollic-eabi/6.3.1/armv7e-m/fpu\libgcc.a(_udivmoddi4.o)
                0x08000c90                __udivmoddi4
 .text          0x08000f6c        0x4 c:/program files (x86)/atollic/truestudio for stm32 9.0.1/armtools/bin/../lib/gcc/arm-atollic-eabi/6.3.1/armv7e-m/fpu\libgcc.a(_dvmd_tls.o)
                0x08000f6c                __aeabi_idiv0
                0x08000f6c                __aeabi_ldiv0
 *(.text*)
 .text.invSqrt  0x08000f70       0x2c Core\Src\MadgwickAHRS.o
                0x08000f70                invSqrt
 .text.MadgwickAHRSupdateIMU
                0x08000f9c      0x2b8 Core\Src\MadgwickAHRS.o
                0x08000f9c                MadgwickAHRSupdateIMU
 .text.BMP180_Init
                0x08001254       0x54 Core\Src\bmp180.o
                0x08001254                BMP180_Init
 .text.BMP180_StartMeasure
                0x080012a8       0x14 Core\Src\bmp180.o
                0x080012a8                BMP180_StartMeasure
 .text.BMP180_MeasureT
                0x080012bc       0x68 Core\Src\bmp180.o
                0x080012bc                BMP180_MeasureT
 .text.BMP180_MeasureP
                0x08001324       0xa4 Core\Src\bmp180.o
                0x08001324                BMP180_MeasureP
 .text.BMP180_GetAltitude
                0x080013c8       0x14 Core\Src\bmp180.o
                0x080013c8                BMP180_GetAltitude
 *fill*         0x080013dc        0x4 
 .text.BMP180_CalibrateData
                0x080013e0      0x1fc Core\Src\bmp180.o
                0x080013e0                BMP180_CalibrateData
 .text.BMP180Task
                0x080015dc      0x17c Core\Src\bmp180.o
                0x080015dc                BMP180Task
 .text.radar_init
                0x08001758       0x68 Core\Src\devices\radar.o
                0x08001758                radar_init
 .text.radar_package_analysis
                0x080017c0       0xa8 Core\Src\devices\radar.o
                0x080017c0                radar_package_analysis
 .text.radar_task
                0x08001868       0x34 Core\Src\devices\radar.o
                0x08001868                radar_task
 .text.radar_rx_callback
                0x0800189c       0x3c Core\Src\devices\radar.o
                0x0800189c                radar_rx_callback
 .text.Devices_Init
                0x080018d8       0x3c Core\Src\devices.o
                0x080018d8                Devices_Init
 .text.Devices_GetDataPointer
                0x08001914       0x28 Core\Src\devices.o
                0x08001914                Devices_GetDataPointer
 .text.BSP_EXTI0_Callback
                0x0800193c       0x3c Core\Src\devices.o
                0x0800193c                BSP_EXTI0_Callback
 .text.BSP_EXTI1_Callback
                0x08001978       0x3c Core\Src\devices.o
                0x08001978                BSP_EXTI1_Callback
 .text.BSP_EXTI2_Callback
                0x080019b4       0x3c Core\Src\devices.o
                0x080019b4                BSP_EXTI2_Callback
 .text.BSP_EXTI3_Callback
                0x080019f0       0x3c Core\Src\devices.o
                0x080019f0                BSP_EXTI3_Callback
 .text.BSP_EXTI4_Callback
                0x08001a2c       0x3c Core\Src\devices.o
                0x08001a2c                BSP_EXTI4_Callback
 .text.Devices_LedToggle
                0x08001a68        0xc Core\Src\devices.o
                0x08001a68                Devices_LedToggle
 .text.Devices_IMUOn
                0x08001a74       0x10 Core\Src\devices.o
                0x08001a74                Devices_IMUOn
 .text.Devices_IMUOff
                0x08001a84       0x10 Core\Src\devices.o
                0x08001a84                Devices_IMUOff
 .text.mainTask
                0x08001a94       0xb4 Core\Src\main.o
                0x08001a94                mainTask
 .text.systemClock_Config
                0x08001b48       0xc0 Core\Src\main.o
                0x08001b48                systemClock_Config
 .text.portClkInit
                0x08001c08       0xc8 Core\Src\main.o
                0x08001c08                portClkInit
 .text.startup.main
                0x08001cd0       0x58 Core\Src\main.o
                0x08001cd0                main
 .text.mainGiveSemaphore
                0x08001d28       0x14 Core\Src\main.o
                0x08001d28                mainGiveSemaphore
 .text.HAL_TIM_PeriodElapsedCallback
                0x08001d3c       0x30 Core\Src\main.o
                0x08001d3c                HAL_TIM_PeriodElapsedCallback
 .text.GetRunTimeStatsValue
                0x08001d6c        0xc Core\Src\main.o
                0x08001d6c                GetRunTimeStatsValue
 .text.SetupRunTimeStatsTimer
                0x08001d78       0x78 Core\Src\main.o
                0x08001d78                SetupRunTimeStatsTimer
 .text._Error_Handler
                0x08001df0        0xe Core\Src\main.o
                0x08001df0                _Error_Handler
 *fill*         0x08001dfe        0x2 
 .text.NMEA_RcvByteCallback
                0x08001e00       0x1c Core\Src\nmea.o
                0x08001e00                NMEA_RcvByteCallback
 .text.NMEA_Parse
                0x08001e1c      0x154 Core\Src\nmea.o
                0x08001e1c                NMEA_Parse
 .text.NMEA_GetPositionString
                0x08001f70        0x8 Core\Src\nmea.o
                0x08001f70                NMEA_GetPositionString
 .text.NMEA_GetVelocityString
                0x08001f78        0x8 Core\Src\nmea.o
                0x08001f78                NMEA_GetVelocityString
 .text.NMEA_GetGPSBuffer
                0x08001f80        0x8 Core\Src\nmea.o
                0x08001f80                NMEA_GetGPSBuffer
 .text.IMU_Init
                0x08001f88       0x58 Core\Src\skif.o
                0x08001f88                IMU_Init
 .text.IMU_Calcualte
                0x08001fe0      0x324 Core\Src\skif.o
                0x08001fe0                IMU_Calcualte
 .text.IMU_Task
                0x08002304       0xc8 Core\Src\skif.o
                0x08002304                IMU_Task
 *fill*         0x080023cc        0x4 
 .text.BSP_EXTI5_Callback
                0x080023d0      0x264 Core\Src\skif.o
                0x080023d0                BSP_EXTI5_Callback
 .text.IMU_GetSkifCurrentData
                0x08002634        0x8 Core\Src\skif.o
                0x08002634                IMU_GetSkifCurrentData
 .text.HAL_MspInit
                0x0800263c       0x60 Core\Src\stm32f4xx_hal_msp.o
                0x0800263c                HAL_MspInit
 .text.HAL_SPI_MspInit
                0x0800269c       0x8c Core\Src\stm32f4xx_hal_msp.o
                0x0800269c                HAL_SPI_MspInit
 .text.HAL_I2C_MspInit
                0x08002728      0x118 Core\Src\stm32f4xx_hal_msp.o
                0x08002728                HAL_I2C_MspInit
 .text.HAL_UART_MspInit
                0x08002840      0x1d4 Core\Src\stm32f4xx_hal_msp.o
                0x08002840                HAL_UART_MspInit
 .text.HAL_I2C_MspDeInit
                0x08002a14       0x74 Core\Src\stm32f4xx_hal_msp.o
                0x08002a14                HAL_I2C_MspDeInit
 .text.HAL_InitTick
                0x08002a88       0x7c Core\Src\stm32f4xx_hal_timebase_TIM.o
                0x08002a88                HAL_InitTick
 .text.NMI_Handler
                0x08002b04        0x2 Core\Src\stm32f4xx_it.o
                0x08002b04                NMI_Handler
 .text.HardFault_Handler
                0x08002b06        0x2 Core\Src\stm32f4xx_it.o
                0x08002b06                HardFault_Handler
 .text.MemManage_Handler
                0x08002b08        0x2 Core\Src\stm32f4xx_it.o
                0x08002b08                MemManage_Handler
 .text.BusFault_Handler
                0x08002b0a        0x2 Core\Src\stm32f4xx_it.o
                0x08002b0a                BusFault_Handler
 .text.UsageFault_Handler
                0x08002b0c        0x2 Core\Src\stm32f4xx_it.o
                0x08002b0c                UsageFault_Handler
 .text.DebugMon_Handler
                0x08002b0e        0x2 Core\Src\stm32f4xx_it.o
                0x08002b0e                DebugMon_Handler
 .text.SysTick_Handler
                0x08002b10        0x4 Core\Src\stm32f4xx_it.o
                0x08002b10                SysTick_Handler
 .text.TIM1_UP_TIM10_IRQHandler
                0x08002b14        0xc Core\Src\stm32f4xx_it.o
                0x08002b14                TIM1_UP_TIM10_IRQHandler
 .text.OTG_FS_IRQHandler
                0x08002b20        0xc Core\Src\stm32f4xx_it.o
                0x08002b20                OTG_FS_IRQHandler
 .text.TIM7_IRQHandler
                0x08002b2c        0xc Core\Src\stm32f4xx_it.o
                0x08002b2c                TIM7_IRQHandler
 .text.I2C1_EV_IRQHandler
                0x08002b38        0xc Core\Src\stm32f4xx_it.o
                0x08002b38                I2C1_EV_IRQHandler
 .text.I2C2_ER_IRQHandler
                0x08002b44        0xc Core\Src\stm32f4xx_it.o
                0x08002b44                I2C2_ER_IRQHandler
 .text.I2C2_EV_IRQHandler
                0x08002b50        0xc Core\Src\stm32f4xx_it.o
                0x08002b50                I2C2_EV_IRQHandler
 .text.I2C1_ER_IRQHandler
                0x08002b5c        0xc Core\Src\stm32f4xx_it.o
                0x08002b5c                I2C1_ER_IRQHandler
 .text.EXTI9_5_IRQHandler
                0x08002b68        0x6 Core\Src\stm32f4xx_it.o
                0x08002b68                EXTI9_5_IRQHandler
 *fill*         0x08002b6e        0x2 
 .text.EXTI4_IRQHandler
                0x08002b70       0x18 Core\Src\stm32f4xx_it.o
                0x08002b70                EXTI4_IRQHandler
 .text.EXTI3_IRQHandler
                0x08002b88       0x18 Core\Src\stm32f4xx_it.o
                0x08002b88                EXTI3_IRQHandler
 .text.EXTI2_IRQHandler
                0x08002ba0       0x18 Core\Src\stm32f4xx_it.o
                0x08002ba0                EXTI2_IRQHandler
 .text.EXTI1_IRQHandler
                0x08002bb8       0x18 Core\Src\stm32f4xx_it.o
                0x08002bb8                EXTI1_IRQHandler
 .text.EXTI0_IRQHandler
                0x08002bd0       0x18 Core\Src\stm32f4xx_it.o
                0x08002bd0                EXTI0_IRQHandler
 .text.USART1_IRQHandler
                0x08002be8        0x2 Core\Src\stm32f4xx_it.o
                0x08002be8                USART1_IRQHandler
 *fill*         0x08002bea        0x2 
 .text.UART7_IRQHandler
                0x08002bec       0x20 Core\Src\stm32f4xx_it.o
                0x08002bec                UART7_IRQHandler
 .text.DMA2_Stream2_IRQHandler
                0x08002c0c        0xc Core\Src\stm32f4xx_it.o
                0x08002c0c                DMA2_Stream2_IRQHandler
 .text._write   0x08002c18       0x40 Core\Src\syscalls.o
                0x08002c18                _write
 .text._sbrk    0x08002c58       0x1c Core\Src\syscalls.o
                0x08002c58                _sbrk
 .text._close   0x08002c74       0x10 Core\Src\syscalls.o
                0x08002c74                _close
 .text._fstat   0x08002c84       0x10 Core\Src\syscalls.o
                0x08002c84                _fstat
 .text._isatty  0x08002c94       0x10 Core\Src\syscalls.o
                0x08002c94                _isatty
 .text._lseek   0x08002ca4       0x10 Core\Src\syscalls.o
                0x08002ca4                _lseek
 .text._read    0x08002cb4       0x10 Core\Src\syscalls.o
                0x08002cb4                _read
 .text.SystemInit
                0x08002cc4       0x4c Core\Src\system_stm32f4xx.o
                0x08002cc4                SystemInit
 .text.BSP_EXTI_Init
                0x08002d10       0xd4 Drivers\BSP\src\bsp_exti.o
                0x08002d10                BSP_EXTI_Init
 .text.HAL_GPIO_EXTI_Callback
                0x08002de4        0xc Drivers\BSP\src\bsp_exti.o
                0x08002de4                HAL_GPIO_EXTI_Callback
 .text.BSP_I2C_Init
                0x08002df0       0x44 Drivers\BSP\src\bsp_iic.o
                0x08002df0                BSP_I2C_Init
 .text.BSP_I2C_DeInit
                0x08002e34       0x20 Drivers\BSP\src\bsp_iic.o
                0x08002e34                BSP_I2C_DeInit
 .text.BSP_I2C_Read_Byte
                0x08002e54       0x60 Drivers\BSP\src\bsp_iic.o
                0x08002e54                BSP_I2C_Read_Byte
 .text.BSP_I2C_Read_Bytes
                0x08002eb4       0x54 Drivers\BSP\src\bsp_iic.o
                0x08002eb4                BSP_I2C_Read_Bytes
 .text.BSP_I2C_Write_Byte
                0x08002f08       0x30 Drivers\BSP\src\bsp_iic.o
                0x08002f08                BSP_I2C_Write_Byte
 .text.I2C_ClearBusyFlagErratum
                0x08002f38      0x140 Drivers\BSP\src\bsp_iic.o
                0x08002f38                I2C_ClearBusyFlagErratum
 .text.BSP_I2C2_Init
                0x08003078       0x44 Drivers\BSP\src\bsp_iic.o
                0x08003078                BSP_I2C2_Init
 .text.BSP_I2C2_DeInit
                0x080030bc       0x20 Drivers\BSP\src\bsp_iic.o
                0x080030bc                BSP_I2C2_DeInit
 .text.BSP_I2C2_Read_Byte
                0x080030dc       0x60 Drivers\BSP\src\bsp_iic.o
                0x080030dc                BSP_I2C2_Read_Byte
 .text.BSP_I2C2_Read_Bytes
                0x0800313c       0x54 Drivers\BSP\src\bsp_iic.o
                0x0800313c                BSP_I2C2_Read_Bytes
 .text.BSP_I2C2_Write_Byte
                0x08003190       0x30 Drivers\BSP\src\bsp_iic.o
                0x08003190                BSP_I2C2_Write_Byte
 .text.BSP_Manchester_SendByte
                0x080031c0       0x20 Drivers\BSP\src\bsp_manchester.o
                0x080031c0                BSP_Manchester_SendByte
 .text.BSP_Manchester_TxEnd_Callback
                0x080031e0       0x38 Drivers\BSP\src\bsp_manchester.o
                0x080031e0                BSP_Manchester_TxEnd_Callback
 .text.BSP_ByteToManEncode
                0x08003218       0x30 Drivers\BSP\src\bsp_manchester.o
                0x08003218                BSP_ByteToManEncode
 .text.BSP_ManToByteDecode
                0x08003248       0x28 Drivers\BSP\src\bsp_manchester.o
                0x08003248                BSP_ManToByteDecode
 .text.BSP_Manchester_RxEndCallback
                0x08003270       0x2c Drivers\BSP\src\bsp_manchester.o
                0x08003270                BSP_Manchester_RxEndCallback
 .text.TIM6_DAC_IRQHandler
                0x0800329c       0x6c Drivers\BSP\src\bsp_manchester.o
                0x0800329c                TIM6_DAC_IRQHandler
 .text.TIM5_IRQHandler
                0x08003308       0x78 Drivers\BSP\src\bsp_manchester.o
                0x08003308                TIM5_IRQHandler
 .text.BSP_SDCard_Init
                0x08003380       0x64 Drivers\BSP\src\bsp_sdcard.o
                0x08003380                BSP_SDCard_Init
 .text.BSP_SDCard_SPIInit
                0x080033e4       0x4c Drivers\BSP\src\bsp_sdcard.o
                0x080033e4                BSP_SDCard_SPIInit
 .text.BSP_SDCard_StartWrite
                0x08003430       0x14 Drivers\BSP\src\bsp_sdcard.o
                0x08003430                BSP_SDCard_StartWrite
 .text.BSP_SDCard_GetFileNumbers
                0x08003444       0x36 Drivers\BSP\src\bsp_sdcard.o
                0x08003444                BSP_SDCard_GetFileNumbers
 *fill*         0x0800347a        0x2 
 .text.BSP_SDCard_GetNewFileName
                0x0800347c       0x24 Drivers\BSP\src\bsp_sdcard.o
                0x0800347c                BSP_SDCard_GetNewFileName
 .text.BSP_SDCard_Task
                0x080034a0      0x14c Drivers\BSP\src\bsp_sdcard.o
                0x080034a0                BSP_SDCard_Task
 .text.SD_IO_CSState
                0x080035ec       0x14 Drivers\BSP\src\bsp_sdcard.o
                0x080035ec                SD_IO_CSState
 .text.SD_IO_WriteReadData
                0x08003600       0x20 Drivers\BSP\src\bsp_sdcard.o
                0x08003600                SD_IO_WriteReadData
 .text.SD_IO_WriteByte
                0x08003620       0x2c Drivers\BSP\src\bsp_sdcard.o
                0x08003620                SD_IO_WriteByte
 .text.SD_IO_Init
                0x0800364c       0x1e Drivers\BSP\src\bsp_sdcard.o
                0x0800364c                SD_IO_Init
 *fill*         0x0800366a        0x2 
 .text.BSP_Timers_TIM3Init
                0x0800366c       0x64 Drivers\BSP\src\bsp_timers.o
                0x0800366c                BSP_Timers_TIM3Init
 .text.BSP_Timers_TIM5Init
                0x080036d0       0x64 Drivers\BSP\src\bsp_timers.o
                0x080036d0                BSP_Timers_TIM5Init
 .text.BSP_Timers_TIM6Init
                0x08003734       0x64 Drivers\BSP\src\bsp_timers.o
                0x08003734                BSP_Timers_TIM6Init
 .text.BSP_Timers_TIM2Init
                0x08003798       0x60 Drivers\BSP\src\bsp_timers.o
                0x08003798                BSP_Timers_TIM2Init
 .text.BSP_Timers_TIM4Init
                0x080037f8       0x64 Drivers\BSP\src\bsp_timers.o
                0x080037f8                BSP_Timers_TIM4Init
 .text.BSP_USART_Init
                0x0800385c       0x44 Drivers\BSP\src\bsp_usart.o
                0x0800385c                BSP_USART_Init
 .text.BSP_WIFI_Init
                0x080038a0       0x40 Drivers\BSP\src\bsp_usart.o
                0x080038a0                BSP_WIFI_Init
 .text.BSP_GPS_UART_Init
                0x080038e0       0x5c Drivers\BSP\src\bsp_usart.o
                0x080038e0                BSP_GPS_UART_Init
 .text.BSP_WIFI_UARTSend
                0x0800393c       0x14 Drivers\BSP\src\bsp_usart.o
                0x0800393c                BSP_WIFI_UARTSend
 .text.HAL_UART_RxCpltCallback
                0x08003950       0x14 Drivers\BSP\src\bsp_usart.o
                0x08003950                HAL_UART_RxCpltCallback
 .text.HAL_Init
                0x08003964       0x34 Drivers\STM32F4xx_HAL_Driver\Src\stm32f4xx_hal.o
                0x08003964                HAL_Init
 .text.HAL_IncTick
                0x08003998       0x18 Drivers\STM32F4xx_HAL_Driver\Src\stm32f4xx_hal.o
                0x08003998                HAL_IncTick
 .text.HAL_GetTick
                0x080039b0        0xc Drivers\STM32F4xx_HAL_Driver\Src\stm32f4xx_hal.o
                0x080039b0                HAL_GetTick
 .text.HAL_Delay
                0x080039bc       0x28 Drivers\STM32F4xx_HAL_Driver\Src\stm32f4xx_hal.o
                0x080039bc                HAL_Delay
 .text.HAL_NVIC_SetPriorityGrouping
                0x080039e4       0x24 Drivers\STM32F4xx_HAL_Driver\Src\stm32f4xx_hal_cortex.o
                0x080039e4                HAL_NVIC_SetPriorityGrouping
 .text.HAL_NVIC_SetPriority
                0x08003a08       0x68 Drivers\STM32F4xx_HAL_Driver\Src\stm32f4xx_hal_cortex.o
                0x08003a08                HAL_NVIC_SetPriority
 .text.HAL_NVIC_EnableIRQ
                0x08003a70       0x18 Drivers\STM32F4xx_HAL_Driver\Src\stm32f4xx_hal_cortex.o
                0x08003a70                HAL_NVIC_EnableIRQ
 .text.HAL_SYSTICK_Config
                0x08003a88       0x2c Drivers\STM32F4xx_HAL_Driver\Src\stm32f4xx_hal_cortex.o
                0x08003a88                HAL_SYSTICK_Config
 .text.HAL_SYSTICK_CLKSourceConfig
                0x08003ab4       0x18 Drivers\STM32F4xx_HAL_Driver\Src\stm32f4xx_hal_cortex.o
                0x08003ab4                HAL_SYSTICK_CLKSourceConfig
 .text.DMA_CalcBaseAndBitshift
                0x08003acc       0x2c Drivers\STM32F4xx_HAL_Driver\Src\stm32f4xx_hal_dma.o
 .text.HAL_DMA_Init
                0x08003af8       0xfc Drivers\STM32F4xx_HAL_Driver\Src\stm32f4xx_hal_dma.o
                0x08003af8                HAL_DMA_Init
 .text.HAL_DMA_Start_IT
                0x08003bf4       0x7c Drivers\STM32F4xx_HAL_Driver\Src\stm32f4xx_hal_dma.o
                0x08003bf4                HAL_DMA_Start_IT
 .text.HAL_DMA_Abort_IT
                0x08003c70       0x24 Drivers\STM32F4xx_HAL_Driver\Src\stm32f4xx_hal_dma.o
                0x08003c70                HAL_DMA_Abort_IT
 .text.HAL_DMA_IRQHandler
                0x08003c94      0x174 Drivers\STM32F4xx_HAL_Driver\Src\stm32f4xx_hal_dma.o
                0x08003c94                HAL_DMA_IRQHandler
 .text.HAL_GPIO_Init
                0x08003e08      0x1d8 Drivers\STM32F4xx_HAL_Driver\Src\stm32f4xx_hal_gpio.o
                0x08003e08                HAL_GPIO_Init
 .text.HAL_GPIO_DeInit
                0x08003fe0      0x148 Drivers\STM32F4xx_HAL_Driver\Src\stm32f4xx_hal_gpio.o
                0x08003fe0                HAL_GPIO_DeInit
 .text.HAL_GPIO_ReadPin
                0x08004128        0xc Drivers\STM32F4xx_HAL_Driver\Src\stm32f4xx_hal_gpio.o
                0x08004128                HAL_GPIO_ReadPin
 .text.HAL_GPIO_WritePin
                0x08004134        0xa Drivers\STM32F4xx_HAL_Driver\Src\stm32f4xx_hal_gpio.o
                0x08004134                HAL_GPIO_WritePin
 .text.HAL_GPIO_TogglePin
                0x0800413e        0x8 Drivers\STM32F4xx_HAL_Driver\Src\stm32f4xx_hal_gpio.o
                0x0800413e                HAL_GPIO_TogglePin
 *fill*         0x08004146        0x2 
 .text.HAL_GPIO_EXTI_IRQHandler
                0x08004148       0x18 Drivers\STM32F4xx_HAL_Driver\Src\stm32f4xx_hal_gpio.o
                0x08004148                HAL_GPIO_EXTI_IRQHandler
 .text.I2C_IsAcknowledgeFailed
                0x08004160       0x2a Drivers\STM32F4xx_HAL_Driver\Src\stm32f4xx_hal_i2c.o
 .text.I2C_WaitOnMasterAddressFlagUntilTimeout
                0x0800418a       0x80 Drivers\STM32F4xx_HAL_Driver\Src\stm32f4xx_hal_i2c.o
 .text.I2C_WaitOnFlagUntilTimeout
                0x0800420a       0x5c Drivers\STM32F4xx_HAL_Driver\Src\stm32f4xx_hal_i2c.o
 .text.I2C_WaitOnTXEFlagUntilTimeout
                0x08004266       0x4c Drivers\STM32F4xx_HAL_Driver\Src\stm32f4xx_hal_i2c.o
 *fill*         0x080042b2        0x2 
 .text.I2C_RequestMemoryRead
                0x080042b4       0xf4 Drivers\STM32F4xx_HAL_Driver\Src\stm32f4xx_hal_i2c.o
 .text.I2C_WaitOnRXNEFlagUntilTimeout
                0x080043a8       0x5a Drivers\STM32F4xx_HAL_Driver\Src\stm32f4xx_hal_i2c.o
 .text.I2C_WaitOnBTFFlagUntilTimeout
                0x08004402       0x4c Drivers\STM32F4xx_HAL_Driver\Src\stm32f4xx_hal_i2c.o
 *fill*         0x0800444e        0x2 
 .text.HAL_I2C_Init
                0x08004450       0xdc Drivers\STM32F4xx_HAL_Driver\Src\stm32f4xx_hal_i2c.o
                0x08004450                HAL_I2C_Init
 .text.HAL_I2C_DeInit
                0x0800452c       0x32 Drivers\STM32F4xx_HAL_Driver\Src\stm32f4xx_hal_i2c.o
                0x0800452c                HAL_I2C_DeInit
 *fill*         0x0800455e        0x2 
 .text.HAL_I2C_Master_Transmit
                0x08004560      0x1ac Drivers\STM32F4xx_HAL_Driver\Src\stm32f4xx_hal_i2c.o
                0x08004560                HAL_I2C_Master_Transmit
 .text.HAL_I2C_Master_Receive
                0x0800470c      0x2ec Drivers\STM32F4xx_HAL_Driver\Src\stm32f4xx_hal_i2c.o
                0x0800470c                HAL_I2C_Master_Receive
 .text.HAL_I2C_Mem_Read
                0x080049f8      0x220 Drivers\STM32F4xx_HAL_Driver\Src\stm32f4xx_hal_i2c.o
                0x080049f8                HAL_I2C_Mem_Read
 .text.HAL_I2C_MasterTxCpltCallback
                0x08004c18        0x2 Drivers\STM32F4xx_HAL_Driver\Src\stm32f4xx_hal_i2c.o
                0x08004c18                HAL_I2C_MasterTxCpltCallback
 .text.HAL_I2C_MasterRxCpltCallback
                0x08004c1a        0x2 Drivers\STM32F4xx_HAL_Driver\Src\stm32f4xx_hal_i2c.o
                0x08004c1a                HAL_I2C_MasterRxCpltCallback
 .text.HAL_I2C_SlaveTxCpltCallback
                0x08004c1c        0x2 Drivers\STM32F4xx_HAL_Driver\Src\stm32f4xx_hal_i2c.o
                0x08004c1c                HAL_I2C_SlaveTxCpltCallback
 .text.HAL_I2C_SlaveRxCpltCallback
                0x08004c1e        0x2 Drivers\STM32F4xx_HAL_Driver\Src\stm32f4xx_hal_i2c.o
                0x08004c1e                HAL_I2C_SlaveRxCpltCallback
 .text.HAL_I2C_AddrCallback
                0x08004c20        0x2 Drivers\STM32F4xx_HAL_Driver\Src\stm32f4xx_hal_i2c.o
                0x08004c20                HAL_I2C_AddrCallback
 .text.HAL_I2C_ListenCpltCallback
                0x08004c22        0x2 Drivers\STM32F4xx_HAL_Driver\Src\stm32f4xx_hal_i2c.o
                0x08004c22                HAL_I2C_ListenCpltCallback
 .text.HAL_I2C_MemTxCpltCallback
                0x08004c24        0x2 Drivers\STM32F4xx_HAL_Driver\Src\stm32f4xx_hal_i2c.o
                0x08004c24                HAL_I2C_MemTxCpltCallback
 .text.HAL_I2C_MemRxCpltCallback
                0x08004c26        0x2 Drivers\STM32F4xx_HAL_Driver\Src\stm32f4xx_hal_i2c.o
                0x08004c26                HAL_I2C_MemRxCpltCallback
 .text.HAL_I2C_ErrorCallback
                0x08004c28        0x2 Drivers\STM32F4xx_HAL_Driver\Src\stm32f4xx_hal_i2c.o
                0x08004c28                HAL_I2C_ErrorCallback
 .text.HAL_I2C_AbortCpltCallback
                0x08004c2a        0x2 Drivers\STM32F4xx_HAL_Driver\Src\stm32f4xx_hal_i2c.o
                0x08004c2a                HAL_I2C_AbortCpltCallback
 .text.I2C_ITError
                0x08004c2c      0x128 Drivers\STM32F4xx_HAL_Driver\Src\stm32f4xx_hal_i2c.o
 .text.HAL_I2C_EV_IRQHandler
                0x08004d54      0x6d4 Drivers\STM32F4xx_HAL_Driver\Src\stm32f4xx_hal_i2c.o
                0x08004d54                HAL_I2C_EV_IRQHandler
 .text.HAL_I2C_ER_IRQHandler
                0x08005428      0x134 Drivers\STM32F4xx_HAL_Driver\Src\stm32f4xx_hal_i2c.o
                0x08005428                HAL_I2C_ER_IRQHandler
 .text.I2C_DMAAbort
                0x0800555c       0x4c Drivers\STM32F4xx_HAL_Driver\Src\stm32f4xx_hal_i2c.o
 .text.HAL_I2C_GetState
                0x080055a8        0x6 Drivers\STM32F4xx_HAL_Driver\Src\stm32f4xx_hal_i2c.o
                0x080055a8                HAL_I2C_GetState
 *fill*         0x080055ae        0x2 
 .text.HAL_PCD_IRQHandler
                0x080055b0      0x558 Drivers\STM32F4xx_HAL_Driver\Src\stm32f4xx_hal_pcd.o
                0x080055b0                HAL_PCD_IRQHandler
 .text.HAL_PCD_SetAddress
                0x08005b08       0x24 Drivers\STM32F4xx_HAL_Driver\Src\stm32f4xx_hal_pcd.o
                0x08005b08                HAL_PCD_SetAddress
 .text.HAL_PCD_EP_Open
                0x08005b2c       0x5c Drivers\STM32F4xx_HAL_Driver\Src\stm32f4xx_hal_pcd.o
                0x08005b2c                HAL_PCD_EP_Open
 .text.HAL_PCD_EP_Receive
                0x08005b88       0x48 Drivers\STM32F4xx_HAL_Driver\Src\stm32f4xx_hal_pcd.o
                0x08005b88                HAL_PCD_EP_Receive
 .text.HAL_PCD_EP_Transmit
                0x08005bd0       0x40 Drivers\STM32F4xx_HAL_Driver\Src\stm32f4xx_hal_pcd.o
                0x08005bd0                HAL_PCD_EP_Transmit
 .text.HAL_PCD_EP_SetStall
                0x08005c10       0x58 Drivers\STM32F4xx_HAL_Driver\Src\stm32f4xx_hal_pcd.o
                0x08005c10                HAL_PCD_EP_SetStall
 .text.HAL_PCD_EP_ClrStall
                0x08005c68       0x4a Drivers\STM32F4xx_HAL_Driver\Src\stm32f4xx_hal_pcd.o
                0x08005c68                HAL_PCD_EP_ClrStall
 *fill*         0x08005cb2        0x2 
 .text.HAL_RCC_OscConfig
                0x08005cb4      0x304 Drivers\STM32F4xx_HAL_Driver\Src\stm32f4xx_hal_rcc.o
                0x08005cb4                HAL_RCC_OscConfig
 .text.HAL_RCC_GetSysClockFreq
                0x08005fb8       0x5c Drivers\STM32F4xx_HAL_Driver\Src\stm32f4xx_hal_rcc.o
                0x08005fb8                HAL_RCC_GetSysClockFreq
 .text.HAL_RCC_ClockConfig
                0x08006014      0x134 Drivers\STM32F4xx_HAL_Driver\Src\stm32f4xx_hal_rcc.o
                0x08006014                HAL_RCC_ClockConfig
 .text.HAL_RCC_GetHCLKFreq
                0x08006148        0xc Drivers\STM32F4xx_HAL_Driver\Src\stm32f4xx_hal_rcc.o
                0x08006148                HAL_RCC_GetHCLKFreq
 .text.HAL_RCC_GetPCLK1Freq
                0x08006154       0x20 Drivers\STM32F4xx_HAL_Driver\Src\stm32f4xx_hal_rcc.o
                0x08006154                HAL_RCC_GetPCLK1Freq
 .text.HAL_RCC_GetPCLK2Freq
                0x08006174       0x20 Drivers\STM32F4xx_HAL_Driver\Src\stm32f4xx_hal_rcc.o
                0x08006174                HAL_RCC_GetPCLK2Freq
 .text.HAL_RCC_GetClockConfig
                0x08006194       0x3c Drivers\STM32F4xx_HAL_Driver\Src\stm32f4xx_hal_rcc.o
                0x08006194                HAL_RCC_GetClockConfig
 .text.SPI_WaitFlagStateUntilTimeout
                0x080061d0       0x8e Drivers\STM32F4xx_HAL_Driver\Src\stm32f4xx_hal_spi.o
 .text.SPI_CheckFlag_BSY
                0x0800625e       0x20 Drivers\STM32F4xx_HAL_Driver\Src\stm32f4xx_hal_spi.o
 .text.HAL_SPI_Init
                0x0800627e       0x7a Drivers\STM32F4xx_HAL_Driver\Src\stm32f4xx_hal_spi.o
                0x0800627e                HAL_SPI_Init
 .text.HAL_SPI_TransmitReceive
                0x080062f8      0x1f8 Drivers\STM32F4xx_HAL_Driver\Src\stm32f4xx_hal_spi.o
                0x080062f8                HAL_SPI_TransmitReceive
 .text.HAL_TIM_Base_MspInit
                0x080064f0        0x2 Drivers\STM32F4xx_HAL_Driver\Src\stm32f4xx_hal_tim.o
                0x080064f0                HAL_TIM_Base_MspInit
 .text.HAL_TIM_Base_Start
                0x080064f2       0x1a Drivers\STM32F4xx_HAL_Driver\Src\stm32f4xx_hal_tim.o
                0x080064f2                HAL_TIM_Base_Start
 .text.HAL_TIM_Base_Start_IT
                0x0800650c       0x16 Drivers\STM32F4xx_HAL_Driver\Src\stm32f4xx_hal_tim.o
                0x0800650c                HAL_TIM_Base_Start_IT
 .text.HAL_TIM_OC_DelayElapsedCallback
                0x08006522        0x2 Drivers\STM32F4xx_HAL_Driver\Src\stm32f4xx_hal_tim.o
                0x08006522                HAL_TIM_OC_DelayElapsedCallback
 .text.HAL_TIM_IC_CaptureCallback
                0x08006524        0x2 Drivers\STM32F4xx_HAL_Driver\Src\stm32f4xx_hal_tim.o
                0x08006524                HAL_TIM_IC_CaptureCallback
 .text.HAL_TIM_PWM_PulseFinishedCallback
                0x08006526        0x2 Drivers\STM32F4xx_HAL_Driver\Src\stm32f4xx_hal_tim.o
                0x08006526                HAL_TIM_PWM_PulseFinishedCallback
 .text.HAL_TIM_TriggerCallback
                0x08006528        0x2 Drivers\STM32F4xx_HAL_Driver\Src\stm32f4xx_hal_tim.o
                0x08006528                HAL_TIM_TriggerCallback
 .text.HAL_TIM_IRQHandler
                0x0800652a      0x144 Drivers\STM32F4xx_HAL_Driver\Src\stm32f4xx_hal_tim.o
                0x0800652a                HAL_TIM_IRQHandler
 *fill*         0x0800666e        0x2 
 .text.TIM_Base_SetConfig
                0x08006670       0xc8 Drivers\STM32F4xx_HAL_Driver\Src\stm32f4xx_hal_tim.o
                0x08006670                TIM_Base_SetConfig
 .text.HAL_TIM_Base_Init
                0x08006738       0x34 Drivers\STM32F4xx_HAL_Driver\Src\stm32f4xx_hal_tim.o
                0x08006738                HAL_TIM_Base_Init
 .text.HAL_TIMEx_CommutationCallback
                0x0800676c        0x2 Drivers\STM32F4xx_HAL_Driver\Src\stm32f4xx_hal_tim_ex.o
                0x0800676c                HAL_TIMEx_CommutationCallback
 .text.HAL_TIMEx_BreakCallback
                0x0800676e        0x2 Drivers\STM32F4xx_HAL_Driver\Src\stm32f4xx_hal_tim_ex.o
                0x0800676e                HAL_TIMEx_BreakCallback
 .text.UART_EndRxTransfer
                0x08006770       0x1a Drivers\STM32F4xx_HAL_Driver\Src\stm32f4xx_hal_uart.o
 *fill*         0x0800678a        0x2 
 .text.UART_SetConfig
                0x0800678c      0x234 Drivers\STM32F4xx_HAL_Driver\Src\stm32f4xx_hal_uart.o
 .text.UART_WaitOnFlagUntilTimeout.constprop.3
                0x080069c0       0x50 Drivers\STM32F4xx_HAL_Driver\Src\stm32f4xx_hal_uart.o
 .text.HAL_UART_Init
                0x08006a10       0x5c Drivers\STM32F4xx_HAL_Driver\Src\stm32f4xx_hal_uart.o
                0x08006a10                HAL_UART_Init
 .text.HAL_UART_Transmit
                0x08006a6c       0xba Drivers\STM32F4xx_HAL_Driver\Src\stm32f4xx_hal_uart.o
                0x08006a6c                HAL_UART_Transmit
 .text.HAL_UART_Receive_IT
                0x08006b26       0x46 Drivers\STM32F4xx_HAL_Driver\Src\stm32f4xx_hal_uart.o
                0x08006b26                HAL_UART_Receive_IT
 .text.HAL_UART_Receive_DMA
                0x08006b6c       0x90 Drivers\STM32F4xx_HAL_Driver\Src\stm32f4xx_hal_uart.o
                0x08006b6c                HAL_UART_Receive_DMA
 .text.UART_DMAReceiveCplt
                0x08006bfc       0x38 Drivers\STM32F4xx_HAL_Driver\Src\stm32f4xx_hal_uart.o
 .text.HAL_UART_RxHalfCpltCallback
                0x08006c34        0x2 Drivers\STM32F4xx_HAL_Driver\Src\stm32f4xx_hal_uart.o
                0x08006c34                HAL_UART_RxHalfCpltCallback
 .text.UART_DMARxHalfCplt
                0x08006c36        0xa Drivers\STM32F4xx_HAL_Driver\Src\stm32f4xx_hal_uart.o
 .text.HAL_UART_ErrorCallback
                0x08006c40        0x2 Drivers\STM32F4xx_HAL_Driver\Src\stm32f4xx_hal_uart.o
                0x08006c40                HAL_UART_ErrorCallback
 .text.UART_DMAError
                0x08006c42       0x4e Drivers\STM32F4xx_HAL_Driver\Src\stm32f4xx_hal_uart.o
 .text.USB_FlushTxFifo
                0x08006c90       0x24 Drivers\STM32F4xx_HAL_Driver\Src\stm32f4xx_ll_usb.o
                0x08006c90                USB_FlushTxFifo
 .text.USB_GetDevSpeed
                0x08006cb4       0x36 Drivers\STM32F4xx_HAL_Driver\Src\stm32f4xx_ll_usb.o
                0x08006cb4                USB_GetDevSpeed
 .text.USB_ActivateEndpoint
                0x08006cea       0x7e Drivers\STM32F4xx_HAL_Driver\Src\stm32f4xx_ll_usb.o
                0x08006cea                USB_ActivateEndpoint
 .text.USB_EPStartXfer
                0x08006d68      0x18c Drivers\STM32F4xx_HAL_Driver\Src\stm32f4xx_ll_usb.o
                0x08006d68                USB_EPStartXfer
 .text.USB_EP0StartXfer
                0x08006ef4       0xda Drivers\STM32F4xx_HAL_Driver\Src\stm32f4xx_ll_usb.o
                0x08006ef4                USB_EP0StartXfer
 .text.USB_WritePacket
                0x08006fce       0x28 Drivers\STM32F4xx_HAL_Driver\Src\stm32f4xx_ll_usb.o
                0x08006fce                USB_WritePacket
 .text.USB_ReadPacket
                0x08006ff6       0x1c Drivers\STM32F4xx_HAL_Driver\Src\stm32f4xx_ll_usb.o
                0x08006ff6                USB_ReadPacket
 .text.USB_EPSetStall
                0x08007012       0x3e Drivers\STM32F4xx_HAL_Driver\Src\stm32f4xx_ll_usb.o
                0x08007012                USB_EPSetStall
 .text.USB_EPClearStall
                0x08007050       0x32 Drivers\STM32F4xx_HAL_Driver\Src\stm32f4xx_ll_usb.o
                0x08007050                USB_EPClearStall
 .text.USB_SetDevAddress
                0x08007082       0x20 Drivers\STM32F4xx_HAL_Driver\Src\stm32f4xx_ll_usb.o
                0x08007082                USB_SetDevAddress
 .text.USB_ReadInterrupts
                0x080070a2        0x8 Drivers\STM32F4xx_HAL_Driver\Src\stm32f4xx_ll_usb.o
                0x080070a2                USB_ReadInterrupts
 .text.USB_ReadDevAllOutEpInterrupt
                0x080070aa       0x10 Drivers\STM32F4xx_HAL_Driver\Src\stm32f4xx_ll_usb.o
                0x080070aa                USB_ReadDevAllOutEpInterrupt
 .text.USB_ReadDevAllInEpInterrupt
                0x080070ba       0x10 Drivers\STM32F4xx_HAL_Driver\Src\stm32f4xx_ll_usb.o
                0x080070ba                USB_ReadDevAllInEpInterrupt
 .text.USB_ReadDevOutEPInterrupt
                0x080070ca       0x14 Drivers\STM32F4xx_HAL_Driver\Src\stm32f4xx_ll_usb.o
                0x080070ca                USB_ReadDevOutEPInterrupt
 .text.USB_ReadDevInEPInterrupt
                0x080070de       0x20 Drivers\STM32F4xx_HAL_Driver\Src\stm32f4xx_ll_usb.o
                0x080070de                USB_ReadDevInEPInterrupt
 .text.USB_GetMode
                0x080070fe        0x8 Drivers\STM32F4xx_HAL_Driver\Src\stm32f4xx_ll_usb.o
                0x080070fe                USB_GetMode
 .text.USB_ActivateSetup
                0x08007106       0x36 Drivers\STM32F4xx_HAL_Driver\Src\stm32f4xx_ll_usb.o
                0x08007106                USB_ActivateSetup
 .text.USB_EP0_OutStart
                0x0800713c       0x46 Drivers\STM32F4xx_HAL_Driver\Src\stm32f4xx_ll_usb.o
                0x0800713c                USB_EP0_OutStart
 .text.HAL_PCD_SetupStageCallback
                0x08007182        0xc Middlewares\ST\STM32_USB_Device_Library\Core\Src\usbd_conf.o
                0x08007182                HAL_PCD_SetupStageCallback
 .text.HAL_PCD_DataOutStageCallback
                0x0800718e       0x12 Middlewares\ST\STM32_USB_Device_Library\Core\Src\usbd_conf.o
                0x0800718e                HAL_PCD_DataOutStageCallback
 .text.HAL_PCD_DataInStageCallback
                0x080071a0       0x10 Middlewares\ST\STM32_USB_Device_Library\Core\Src\usbd_conf.o
                0x080071a0                HAL_PCD_DataInStageCallback
 .text.HAL_PCD_SOFCallback
                0x080071b0        0x8 Middlewares\ST\STM32_USB_Device_Library\Core\Src\usbd_conf.o
                0x080071b0                HAL_PCD_SOFCallback
 .text.HAL_PCD_ResetCallback
                0x080071b8       0x20 Middlewares\ST\STM32_USB_Device_Library\Core\Src\usbd_conf.o
                0x080071b8                HAL_PCD_ResetCallback
 .text.HAL_PCD_SuspendCallback
                0x080071d8       0x30 Middlewares\ST\STM32_USB_Device_Library\Core\Src\usbd_conf.o
                0x080071d8                HAL_PCD_SuspendCallback
 .text.HAL_PCD_ResumeCallback
                0x08007208        0x8 Middlewares\ST\STM32_USB_Device_Library\Core\Src\usbd_conf.o
                0x08007208                HAL_PCD_ResumeCallback
 .text.HAL_PCD_ISOOUTIncompleteCallback
                0x08007210        0x8 Middlewares\ST\STM32_USB_Device_Library\Core\Src\usbd_conf.o
                0x08007210                HAL_PCD_ISOOUTIncompleteCallback
 .text.HAL_PCD_ISOINIncompleteCallback
                0x08007218        0x8 Middlewares\ST\STM32_USB_Device_Library\Core\Src\usbd_conf.o
                0x08007218                HAL_PCD_ISOINIncompleteCallback
 .text.HAL_PCD_ConnectCallback
                0x08007220        0x8 Middlewares\ST\STM32_USB_Device_Library\Core\Src\usbd_conf.o
                0x08007220                HAL_PCD_ConnectCallback
 .text.HAL_PCD_DisconnectCallback
                0x08007228        0x8 Middlewares\ST\STM32_USB_Device_Library\Core\Src\usbd_conf.o
                0x08007228                HAL_PCD_DisconnectCallback
 .text.USBD_LL_OpenEP
                0x08007230       0x20 Middlewares\ST\STM32_USB_Device_Library\Core\Src\usbd_conf.o
                0x08007230                USBD_LL_OpenEP
 .text.USBD_LL_StallEP
                0x08007250       0x1c Middlewares\ST\STM32_USB_Device_Library\Core\Src\usbd_conf.o
                0x08007250                USBD_LL_StallEP
 .text.USBD_LL_ClearStallEP
                0x0800726c       0x1c Middlewares\ST\STM32_USB_Device_Library\Core\Src\usbd_conf.o
                0x0800726c                USBD_LL_ClearStallEP
 .text.USBD_LL_IsStallEP
                0x08007288       0x26 Middlewares\ST\STM32_USB_Device_Library\Core\Src\usbd_conf.o
                0x08007288                USBD_LL_IsStallEP
 *fill*         0x080072ae        0x2 
 .text.USBD_LL_SetUSBAddress
                0x080072b0       0x1c Middlewares\ST\STM32_USB_Device_Library\Core\Src\usbd_conf.o
                0x080072b0                USBD_LL_SetUSBAddress
 .text.USBD_LL_Transmit
                0x080072cc       0x1c Middlewares\ST\STM32_USB_Device_Library\Core\Src\usbd_conf.o
                0x080072cc                USBD_LL_Transmit
 .text.USBD_LL_PrepareReceive
                0x080072e8       0x1c Middlewares\ST\STM32_USB_Device_Library\Core\Src\usbd_conf.o
                0x080072e8                USBD_LL_PrepareReceive
 .text.USBD_SetClassConfig
                0x08007304       0x16 Middlewares\ST\STM32_USB_Device_Library\Core\Src\usbd_core.o
                0x08007304                USBD_SetClassConfig
 .text.USBD_ClrClassConfig
                0x0800731a        0xe Middlewares\ST\STM32_USB_Device_Library\Core\Src\usbd_core.o
                0x0800731a                USBD_ClrClassConfig
 .text.USBD_LL_SetupStage
                0x08007328       0x5a Middlewares\ST\STM32_USB_Device_Library\Core\Src\usbd_core.o
                0x08007328                USBD_LL_SetupStage
 .text.USBD_LL_DataOutStage
                0x08007382       0x64 Middlewares\ST\STM32_USB_Device_Library\Core\Src\usbd_core.o
                0x08007382                USBD_LL_DataOutStage
 .text.USBD_LL_DataInStage
                0x080073e6       0x9e Middlewares\ST\STM32_USB_Device_Library\Core\Src\usbd_core.o
                0x080073e6                USBD_LL_DataInStage
 .text.USBD_LL_Reset
                0x08007484       0x3e Middlewares\ST\STM32_USB_Device_Library\Core\Src\usbd_core.o
                0x08007484                USBD_LL_Reset
 .text.USBD_LL_SetSpeed
                0x080074c2        0x6 Middlewares\ST\STM32_USB_Device_Library\Core\Src\usbd_core.o
                0x080074c2                USBD_LL_SetSpeed
 .text.USBD_LL_Suspend
                0x080074c8       0x12 Middlewares\ST\STM32_USB_Device_Library\Core\Src\usbd_core.o
                0x080074c8                USBD_LL_Suspend
 .text.USBD_LL_Resume
                0x080074da        0xc Middlewares\ST\STM32_USB_Device_Library\Core\Src\usbd_core.o
                0x080074da                USBD_LL_Resume
 .text.USBD_LL_SOF
                0x080074e6       0x18 Middlewares\ST\STM32_USB_Device_Library\Core\Src\usbd_core.o
                0x080074e6                USBD_LL_SOF
 .text.USBD_LL_IsoINIncomplete
                0x080074fe        0x4 Middlewares\ST\STM32_USB_Device_Library\Core\Src\usbd_core.o
                0x080074fe                USBD_LL_IsoINIncomplete
 .text.USBD_LL_IsoOUTIncomplete
                0x08007502        0x4 Middlewares\ST\STM32_USB_Device_Library\Core\Src\usbd_core.o
                0x08007502                USBD_LL_IsoOUTIncomplete
 .text.USBD_LL_DevConnected
                0x08007506        0x4 Middlewares\ST\STM32_USB_Device_Library\Core\Src\usbd_core.o
                0x08007506                USBD_LL_DevConnected
 .text.USBD_LL_DevDisconnected
                0x0800750a       0x16 Middlewares\ST\STM32_USB_Device_Library\Core\Src\usbd_core.o
                0x0800750a                USBD_LL_DevDisconnected
 .text.USBD_CtlError.constprop.0
                0x08007520       0x16 Middlewares\ST\STM32_USB_Device_Library\Core\Src\usbd_ctlreq.o
 *fill*         0x08007536        0x2 
 .text.USBD_StdDevReq
                0x08007538      0x1f4 Middlewares\ST\STM32_USB_Device_Library\Core\Src\usbd_ctlreq.o
                0x08007538                USBD_StdDevReq
 .text.USBD_StdItfReq
                0x0800772c       0x30 Middlewares\ST\STM32_USB_Device_Library\Core\Src\usbd_ctlreq.o
                0x0800772c                USBD_StdItfReq
 .text.USBD_StdEPReq
                0x0800775c       0xc6 Middlewares\ST\STM32_USB_Device_Library\Core\Src\usbd_ctlreq.o
                0x0800775c                USBD_StdEPReq
 .text.USBD_ParseSetupRequest
                0x08007822       0x28 Middlewares\ST\STM32_USB_Device_Library\Core\Src\usbd_ctlreq.o
                0x08007822                USBD_ParseSetupRequest
 .text.USBD_CtlSendData
                0x0800784a       0x1a Middlewares\ST\STM32_USB_Device_Library\Core\Src\usbd_ioreq.o
                0x0800784a                USBD_CtlSendData
 .text.USBD_CtlContinueSendData
                0x08007864       0x10 Middlewares\ST\STM32_USB_Device_Library\Core\Src\usbd_ioreq.o
                0x08007864                USBD_CtlContinueSendData
 .text.USBD_CtlContinueRx
                0x08007874       0x10 Middlewares\ST\STM32_USB_Device_Library\Core\Src\usbd_ioreq.o
                0x08007874                USBD_CtlContinueRx
 .text.USBD_CtlSendStatus
                0x08007884       0x16 Middlewares\ST\STM32_USB_Device_Library\Core\Src\usbd_ioreq.o
                0x08007884                USBD_CtlSendStatus
 .text.USBD_CtlReceiveStatus
                0x0800789a       0x16 Middlewares\ST\STM32_USB_Device_Library\Core\Src\usbd_ioreq.o
                0x0800789a                USBD_CtlReceiveStatus
 .text.disk_status
                0x080078b0       0x14 Middlewares\Third_Party\FatFs\src\diskio.o
                0x080078b0                disk_status
 .text.disk_initialize
                0x080078c4       0x20 Middlewares\Third_Party\FatFs\src\diskio.o
                0x080078c4                disk_initialize
 .text.disk_read
                0x080078e4       0x1c Middlewares\Third_Party\FatFs\src\diskio.o
                0x080078e4                disk_read
 .text.disk_write
                0x08007900       0x1c Middlewares\Third_Party\FatFs\src\diskio.o
                0x08007900                disk_write
 .text.disk_ioctl
                0x0800791c       0x1c Middlewares\Third_Party\FatFs\src\diskio.o
                0x0800791c                disk_ioctl
 .text.get_fattime
                0x08007938        0x4 Middlewares\Third_Party\FatFs\src\fatfs.o
                0x08007938                get_fattime
 .text.ld_dword
                0x0800793c       0x10 Middlewares\Third_Party\FatFs\src\ff.o
 .text.st_dword
                0x0800794c       0x10 Middlewares\Third_Party\FatFs\src\ff.o
 .text.mem_set  0x0800795c        0xc Middlewares\Third_Party\FatFs\src\ff.o
 .text.chk_lock
                0x08007968       0x5c Middlewares\Third_Party\FatFs\src\ff.o
 .text.inc_lock
                0x080079c4       0x78 Middlewares\Third_Party\FatFs\src\ff.o
 .text.dec_lock
                0x08007a3c       0x30 Middlewares\Third_Party\FatFs\src\ff.o
 .text.clust2sect
                0x08007a6c       0x16 Middlewares\Third_Party\FatFs\src\ff.o
 .text.clmt_clust
                0x08007a82       0x22 Middlewares\Third_Party\FatFs\src\ff.o
 .text.get_ldnumber
                0x08007aa4       0x30 Middlewares\Third_Party\FatFs\src\ff.o
 .text.mem_cpy.part.0
                0x08007ad4       0x12 Middlewares\Third_Party\FatFs\src\ff.o
 .text.ld_clust.isra.1
                0x08007ae6       0x1c Middlewares\Third_Party\FatFs\src\ff.o
 .text.st_clust.isra.2
                0x08007b02       0x18 Middlewares\Third_Party\FatFs\src\ff.o
 .text.get_fileinfo.part.3
                0x08007b1a       0x56 Middlewares\Third_Party\FatFs\src\ff.o
 .text.sync_window.part.5
                0x08007b70       0x46 Middlewares\Third_Party\FatFs\src\ff.o
 .text.sync_window
                0x08007bb6        0xc Middlewares\Third_Party\FatFs\src\ff.o
 .text.sync_fs  0x08007bc2       0x96 Middlewares\Third_Party\FatFs\src\ff.o
 .text.move_window
                0x08007c58       0x36 Middlewares\Third_Party\FatFs\src\ff.o
 *fill*         0x08007c8e        0x2 
 .text.check_fs
                0x08007c90       0x80 Middlewares\Third_Party\FatFs\src\ff.o
 .text.find_volume
                0x08007d10      0x2b8 Middlewares\Third_Party\FatFs\src\ff.o
 .text.put_fat  0x08007fc8       0xf8 Middlewares\Third_Party\FatFs\src\ff.o
 .text.get_fat.isra.9
                0x080080c0       0xb4 Middlewares\Third_Party\FatFs\src\ff.o
 .text.create_chain
                0x08008174       0xb0 Middlewares\Third_Party\FatFs\src\ff.o
 .text.remove_chain
                0x08008224       0x6c Middlewares\Third_Party\FatFs\src\ff.o
 .text.unlock_fs
                0x08008290       0x16 Middlewares\Third_Party\FatFs\src\ff.o
 .text.dir_sdi.constprop.13
                0x080082a6       0x66 Middlewares\Third_Party\FatFs\src\ff.o
 .text.dir_next
                0x0800830c       0xf2 Middlewares\Third_Party\FatFs\src\ff.o
 *fill*         0x080083fe        0x2 
 .text.follow_path
                0x08008400      0x188 Middlewares\Third_Party\FatFs\src\ff.o
 .text.dir_read.constprop.11
                0x08008588       0x54 Middlewares\Third_Party\FatFs\src\ff.o
 .text.dir_register
                0x080085dc       0x62 Middlewares\Third_Party\FatFs\src\ff.o
 .text.validate
                0x0800863e       0x48 Middlewares\Third_Party\FatFs\src\ff.o
 *fill*         0x08008686        0x2 
 .text.f_mount  0x08008688       0x94 Middlewares\Third_Party\FatFs\src\ff.o
                0x08008688                f_mount
 .text.f_open   0x0800871c      0x22c Middlewares\Third_Party\FatFs\src\ff.o
                0x0800871c                f_open
 .text.f_write  0x08008948      0x1a6 Middlewares\Third_Party\FatFs\src\ff.o
                0x08008948                f_write
 .text.putc_bfd
                0x08008aee       0x44 Middlewares\Third_Party\FatFs\src\ff.o
 .text.putc_flush
                0x08008b32       0x2e Middlewares\Third_Party\FatFs\src\ff.o
 .text.f_sync   0x08008b60       0xa0 Middlewares\Third_Party\FatFs\src\ff.o
                0x08008b60                f_sync
 .text.f_close  0x08008c00       0x32 Middlewares\Third_Party\FatFs\src\ff.o
                0x08008c00                f_close
 .text.f_opendir
                0x08008c32       0x8e Middlewares\Third_Party\FatFs\src\ff.o
                0x08008c32                f_opendir
 .text.f_closedir
                0x08008cc0       0x2e Middlewares\Third_Party\FatFs\src\ff.o
                0x08008cc0                f_closedir
 .text.f_readdir
                0x08008cee       0x54 Middlewares\Third_Party\FatFs\src\ff.o
                0x08008cee                f_readdir
 .text.f_printf
                0x08008d42      0x1f2 Middlewares\Third_Party\FatFs\src\ff.o
                0x08008d42                f_printf
 .text.FATFS_LinkDriverEx
                0x08008f34       0x44 Middlewares\Third_Party\FatFs\src\ff_gen_drv.o
                0x08008f34                FATFS_LinkDriverEx
 .text.FATFS_LinkDriver
                0x08008f78        0x6 Middlewares\Third_Party\FatFs\src\ff_gen_drv.o
                0x08008f78                FATFS_LinkDriver
 .text.ff_cre_syncobj
                0x08008f7e       0x1e Middlewares\Third_Party\FatFs\src\option\syscall.o
                0x08008f7e                ff_cre_syncobj
 .text.ff_del_syncobj
                0x08008f9c        0xa Middlewares\Third_Party\FatFs\src\option\syscall.o
                0x08008f9c                ff_del_syncobj
 .text.ff_req_grant
                0x08008fa6       0x12 Middlewares\Third_Party\FatFs\src\option\syscall.o
                0x08008fa6                ff_req_grant
 .text.ff_rel_grant
                0x08008fb8        0x4 Middlewares\Third_Party\FatFs\src\option\syscall.o
                0x08008fb8                ff_rel_grant
 .text.SD_CheckStatus.isra.0
                0x08008fbc       0x20 Middlewares\Third_Party\FatFs\src\sd_diskio.o
 .text.SD_initialize
                0x08008fdc       0x1c Middlewares\Third_Party\FatFs\src\sd_diskio.o
                0x08008fdc                SD_initialize
 .text.SD_status
                0x08008ff8        0x4 Middlewares\Third_Party\FatFs\src\sd_diskio.o
                0x08008ff8                SD_status
 .text.SD_read  0x08008ffc       0x24 Middlewares\Third_Party\FatFs\src\sd_diskio.o
                0x08008ffc                SD_read
 .text.SD_ioctl
                0x08009020       0x50 Middlewares\Third_Party\FatFs\src\sd_diskio.o
                0x08009020                SD_ioctl
 .text.SD_write
                0x08009070       0x24 Middlewares\Third_Party\FatFs\src\sd_diskio.o
                0x08009070                SD_write
 .text.SD_ReadData
                0x08009094       0x18 Middlewares\Third_Party\FatFs\src\stm32_adafruit_sd.o
 .text.SD_SendCmd
                0x080090ac       0xe4 Middlewares\Third_Party\FatFs\src\stm32_adafruit_sd.o
 .text.SD_WaitData.constprop.0
                0x08009190       0x26 Middlewares\Third_Party\FatFs\src\stm32_adafruit_sd.o
 *fill*         0x080091b6        0x2 
 .text.BSP_SD_Init
                0x080091b8      0x18c Middlewares\Third_Party\FatFs\src\stm32_adafruit_sd.o
                0x080091b8                BSP_SD_Init
 .text.BSP_SD_GetCardInfo
                0x08009344      0x350 Middlewares\Third_Party\FatFs\src\stm32_adafruit_sd.o
                0x08009344                BSP_SD_GetCardInfo
 .text.BSP_SD_ReadBlocks
                0x08009694       0xd8 Middlewares\Third_Party\FatFs\src\stm32_adafruit_sd.o
                0x08009694                BSP_SD_ReadBlocks
 .text.BSP_SD_WriteBlocks
                0x0800976c      0x104 Middlewares\Third_Party\FatFs\src\stm32_adafruit_sd.o
                0x0800976c                BSP_SD_WriteBlocks
 .text.BSP_SD_GetCardState
                0x08009870       0x38 Middlewares\Third_Party\FatFs\src\stm32_adafruit_sd.o
                0x08009870                BSP_SD_GetCardState
 .text.osKernelStart
                0x080098a8        0xa Middlewares\Third_Party\FreeRTOS\Source\CMSIS_RTOS\cmsis_os.o
                0x080098a8                osKernelStart
 .text.osThreadCreate
                0x080098b2       0x30 Middlewares\Third_Party\FreeRTOS\Source\CMSIS_RTOS\cmsis_os.o
                0x080098b2                osThreadCreate
 .text.osDelay  0x080098e2       0x10 Middlewares\Third_Party\FreeRTOS\Source\CMSIS_RTOS\cmsis_os.o
                0x080098e2                osDelay
 .text.osSemaphoreCreate
                0x080098f2       0x26 Middlewares\Third_Party\FreeRTOS\Source\CMSIS_RTOS\cmsis_os.o
                0x080098f2                osSemaphoreCreate
 .text.osSemaphoreWait
                0x08009918       0x50 Middlewares\Third_Party\FreeRTOS\Source\CMSIS_RTOS\cmsis_os.o
                0x08009918                osSemaphoreWait
 .text.osSemaphoreRelease
                0x08009968       0x48 Middlewares\Third_Party\FreeRTOS\Source\CMSIS_RTOS\cmsis_os.o
                0x08009968                osSemaphoreRelease
 .text.osSystickHandler
                0x080099b0       0x14 Middlewares\Third_Party\FreeRTOS\Source\CMSIS_RTOS\cmsis_os.o
                0x080099b0                osSystickHandler
 .text.osMessageDelete
                0x080099c4       0x14 Middlewares\Third_Party\FreeRTOS\Source\CMSIS_RTOS\cmsis_os.o
                0x080099c4                osMessageDelete
 .text.osSemaphoreDelete
                0x080099d8        0x4 Middlewares\Third_Party\FreeRTOS\Source\CMSIS_RTOS\cmsis_os.o
                0x080099d8                osSemaphoreDelete
 .text.vListInitialise
                0x080099dc       0x16 Middlewares\Third_Party\FreeRTOS\Source\list.o
                0x080099dc                vListInitialise
 .text.vListInitialiseItem
                0x080099f2        0x6 Middlewares\Third_Party\FreeRTOS\Source\list.o
                0x080099f2                vListInitialiseItem
 .text.vListInsertEnd
                0x080099f8       0x18 Middlewares\Third_Party\FreeRTOS\Source\list.o
                0x080099f8                vListInsertEnd
 .text.vListInsert
                0x08009a10       0x2e Middlewares\Third_Party\FreeRTOS\Source\list.o
                0x08009a10                vListInsert
 .text.uxListRemove
                0x08009a3e       0x20 Middlewares\Third_Party\FreeRTOS\Source\list.o
                0x08009a3e                uxListRemove
 *fill*         0x08009a5e        0x2 
 .text.unlikely.prvInsertBlockIntoFreeList
                0x08009a60       0x48 Middlewares\Third_Party\FreeRTOS\Source\portable\MemMang\heap_4.o
 .text.pvPortMalloc
                0x08009aa8      0x11c Middlewares\Third_Party\FreeRTOS\Source\portable\MemMang\heap_4.o
                0x08009aa8                pvPortMalloc
 .text.vPortFree
                0x08009bc4       0x70 Middlewares\Third_Party\FreeRTOS\Source\portable\MemMang\heap_4.o
                0x08009bc4                vPortFree
 .text.prvTaskExitError
                0x08009c34       0x30 Middlewares\Third_Party\FreeRTOS\Source\portable\RVDS\ARM_CM4F\port.o
 .text.prvPortStartFirstTask
                0x08009c64       0x20 Middlewares\Third_Party\FreeRTOS\Source\portable\RVDS\ARM_CM4F\port.o
 .text.vPortEnableVFP
                0x08009c84       0x14 Middlewares\Third_Party\FreeRTOS\Source\portable\RVDS\ARM_CM4F\port.o
 .text.pxPortInitialiseStack
                0x08009c98       0x2c Middlewares\Third_Party\FreeRTOS\Source\portable\RVDS\ARM_CM4F\port.o
                0x08009c98                pxPortInitialiseStack
 *fill*         0x08009cc4        0xc 
 .text.SVC_Handler
                0x08009cd0       0x24 Middlewares\Third_Party\FreeRTOS\Source\portable\RVDS\ARM_CM4F\port.o
                0x08009cd0                SVC_Handler
 .text.vPortEnterCritical
                0x08009cf4       0x44 Middlewares\Third_Party\FreeRTOS\Source\portable\RVDS\ARM_CM4F\port.o
                0x08009cf4                vPortEnterCritical
 .text.vPortExitCritical
                0x08009d38       0x28 Middlewares\Third_Party\FreeRTOS\Source\portable\RVDS\ARM_CM4F\port.o
                0x08009d38                vPortExitCritical
 .text.PendSV_Handler
                0x08009d60       0x64 Middlewares\Third_Party\FreeRTOS\Source\portable\RVDS\ARM_CM4F\port.o
                0x08009d60                PendSV_Handler
 .text.xPortSysTickHandler
                0x08009dc4       0x2c Middlewares\Third_Party\FreeRTOS\Source\portable\RVDS\ARM_CM4F\port.o
                0x08009dc4                xPortSysTickHandler
 .text.vPortSetupTimerInterrupt
                0x08009df0       0x28 Middlewares\Third_Party\FreeRTOS\Source\portable\RVDS\ARM_CM4F\port.o
                0x08009df0                vPortSetupTimerInterrupt
 .text.xPortStartScheduler
                0x08009e18       0xec Middlewares\Third_Party\FreeRTOS\Source\portable\RVDS\ARM_CM4F\port.o
                0x08009e18                xPortStartScheduler
 .text.vPortValidateInterruptPriority
                0x08009f04       0x5c Middlewares\Third_Party\FreeRTOS\Source\portable\RVDS\ARM_CM4F\port.o
                0x08009f04                vPortValidateInterruptPriority
 .text.unlikely.prvCopyDataToQueue
                0x08009f60       0x66 Middlewares\Third_Party\FreeRTOS\Source\queue.o
 .text.unlikely.prvCopyDataFromQueue
                0x08009fc6       0x2a Middlewares\Third_Party\FreeRTOS\Source\queue.o
 .text.prvUnlockQueue
                0x08009ff0       0x70 Middlewares\Third_Party\FreeRTOS\Source\queue.o
 .text.xQueueGenericReset
                0x0800a060       0x80 Middlewares\Third_Party\FreeRTOS\Source\queue.o
                0x0800a060                xQueueGenericReset
 .text.xQueueGenericCreate
                0x0800a0e0       0x48 Middlewares\Third_Party\FreeRTOS\Source\queue.o
                0x0800a0e0                xQueueGenericCreate
 .text.xQueueGenericSend
                0x0800a128      0x16c Middlewares\Third_Party\FreeRTOS\Source\queue.o
                0x0800a128                xQueueGenericSend
 .text.xQueueGenericSendFromISR
                0x0800a294       0xc4 Middlewares\Third_Party\FreeRTOS\Source\queue.o
                0x0800a294                xQueueGenericSendFromISR
 .text.xQueueGiveFromISR
                0x0800a358       0xa8 Middlewares\Third_Party\FreeRTOS\Source\queue.o
                0x0800a358                xQueueGiveFromISR
 .text.xQueueGenericReceive
                0x0800a400      0x188 Middlewares\Third_Party\FreeRTOS\Source\queue.o
                0x0800a400                xQueueGenericReceive
 .text.xQueueReceiveFromISR
                0x0800a588       0xa0 Middlewares\Third_Party\FreeRTOS\Source\queue.o
                0x0800a588                xQueueReceiveFromISR
 .text.vQueueUnregisterQueue
                0x0800a628       0x28 Middlewares\Third_Party\FreeRTOS\Source\queue.o
                0x0800a628                vQueueUnregisterQueue
 .text.vQueueDelete
                0x0800a650       0x26 Middlewares\Third_Party\FreeRTOS\Source\queue.o
                0x0800a650                vQueueDelete
 .text.xTaskCreate
                0x0800a676       0x82 Middlewares\Third_Party\FreeRTOS\Source\tasks.o
                0x0800a676                xTaskCreate
 .text.prvInitialiseNewTask
                0x0800a6f8      0x112 Middlewares\Third_Party\FreeRTOS\Source\tasks.o
 *fill*         0x0800a80a        0x2 
 .text.prvAddNewTaskToReadyList
                0x0800a80c       0xdc Middlewares\Third_Party\FreeRTOS\Source\tasks.o
 .text.vTaskDelay
                0x0800a8e8       0x68 Middlewares\Third_Party\FreeRTOS\Source\tasks.o
                0x0800a8e8                vTaskDelay
 .text.vTaskStartScheduler
                0x0800a950       0x90 Middlewares\Third_Party\FreeRTOS\Source\tasks.o
                0x0800a950                vTaskStartScheduler
 .text.vTaskSuspendAll
                0x0800a9e0       0x1c Middlewares\Third_Party\FreeRTOS\Source\tasks.o
                0x0800a9e0                vTaskSuspendAll
 .text.xTaskResumeAll
                0x0800a9fc      0x138 Middlewares\Third_Party\FreeRTOS\Source\tasks.o
                0x0800a9fc                xTaskResumeAll
 .text.xTaskIncrementTick
                0x0800ab34      0x178 Middlewares\Third_Party\FreeRTOS\Source\tasks.o
                0x0800ab34                xTaskIncrementTick
 .text.vTaskSwitchContext
                0x0800acac       0xec Middlewares\Third_Party\FreeRTOS\Source\tasks.o
                0x0800acac                vTaskSwitchContext
 .text.vTaskPlaceOnEventList
                0x0800ad98       0x48 Middlewares\Third_Party\FreeRTOS\Source\tasks.o
                0x0800ad98                vTaskPlaceOnEventList
 .text.xTaskRemoveFromEventList
                0x0800ade0       0xc4 Middlewares\Third_Party\FreeRTOS\Source\tasks.o
                0x0800ade0                xTaskRemoveFromEventList
 .text.vTaskSetTimeOutState
                0x0800aea4       0x48 Middlewares\Third_Party\FreeRTOS\Source\tasks.o
                0x0800aea4                vTaskSetTimeOutState
 .text.xTaskCheckForTimeOut
                0x0800aeec       0xbc Middlewares\Third_Party\FreeRTOS\Source\tasks.o
                0x0800aeec                xTaskCheckForTimeOut
 .text.vTaskMissedYield
                0x0800afa8       0x18 Middlewares\Third_Party\FreeRTOS\Source\tasks.o
                0x0800afa8                vTaskMissedYield
 .text.prvIdleTask
                0x0800afc0       0x30 Middlewares\Third_Party\FreeRTOS\Source\tasks.o
 .text.prvInitialiseTaskLists
                0x0800aff0       0x80 Middlewares\Third_Party\FreeRTOS\Source\tasks.o
 .text.prvCheckTasksWaitingTermination
                0x0800b070       0x78 Middlewares\Third_Party\FreeRTOS\Source\tasks.o
 .text.prvDeleteTCB
                0x0800b0e8       0x20 Middlewares\Third_Party\FreeRTOS\Source\tasks.o
 .text.prvResetNextTaskUnblockTime
                0x0800b108       0x4c Middlewares\Third_Party\FreeRTOS\Source\tasks.o
 .text.xTaskGetSchedulerState
                0x0800b154       0x3c Middlewares\Third_Party\FreeRTOS\Source\tasks.o
                0x0800b154                xTaskGetSchedulerState
 .text.vTaskPriorityInherit
                0x0800b190       0xec Middlewares\Third_Party\FreeRTOS\Source\tasks.o
                0x0800b190                vTaskPriorityInherit
 .text.xTaskPriorityDisinherit
                0x0800b27c      0x108 Middlewares\Third_Party\FreeRTOS\Source\tasks.o
                0x0800b27c                xTaskPriorityDisinherit
 .text.pvTaskIncrementMutexHeldCount
                0x0800b384       0x28 Middlewares\Third_Party\FreeRTOS\Source\tasks.o
                0x0800b384                pvTaskIncrementMutexHeldCount
 .text.prvAddCurrentTaskToDelayedList
                0x0800b3ac       0xcc Middlewares\Third_Party\FreeRTOS\Source\tasks.o
 .text.Reset_Handler
                0x0800b478       0x50 startup\startup_stm32f429xx.o
                0x0800b478                Reset_Handler
 .text.Default_Handler
                0x0800b4c8        0x2 startup\startup_stm32f429xx.o
                0x0800b4c8                RTC_Alarm_IRQHandler
                0x0800b4c8                HASH_RNG_IRQHandler
                0x0800b4c8                TIM8_CC_IRQHandler
                0x0800b4c8                UART8_IRQHandler
                0x0800b4c8                SPI4_IRQHandler
                0x0800b4c8                TIM1_CC_IRQHandler
                0x0800b4c8                DMA2_Stream5_IRQHandler
                0x0800b4c8                DMA1_Stream5_IRQHandler
                0x0800b4c8                PVD_IRQHandler
                0x0800b4c8                SDIO_IRQHandler
                0x0800b4c8                TAMP_STAMP_IRQHandler
                0x0800b4c8                CAN2_RX1_IRQHandler
                0x0800b4c8                TIM8_TRG_COM_TIM14_IRQHandler
                0x0800b4c8                TIM8_UP_TIM13_IRQHandler
                0x0800b4c8                I2C3_ER_IRQHandler
                0x0800b4c8                DMA1_Stream2_IRQHandler
                0x0800b4c8                CAN1_RX0_IRQHandler
                0x0800b4c8                FPU_IRQHandler
                0x0800b4c8                OTG_HS_WKUP_IRQHandler
                0x0800b4c8                LTDC_ER_IRQHandler
                0x0800b4c8                CAN2_SCE_IRQHandler
                0x0800b4c8                SPI1_IRQHandler
                0x0800b4c8                TIM1_BRK_TIM9_IRQHandler
                0x0800b4c8                DCMI_IRQHandler
                0x0800b4c8                CAN2_RX0_IRQHandler
                0x0800b4c8                DMA2_Stream3_IRQHandler
                0x0800b4c8                USART6_IRQHandler
                0x0800b4c8                USART3_IRQHandler
                0x0800b4c8                CAN1_RX1_IRQHandler
                0x0800b4c8                UART5_IRQHandler
                0x0800b4c8                DMA2_Stream0_IRQHandler
                0x0800b4c8                TIM4_IRQHandler
                0x0800b4c8                DMA1_Stream6_IRQHandler
                0x0800b4c8                DMA1_Stream1_IRQHandler
                0x0800b4c8                UART4_IRQHandler
                0x0800b4c8                TIM3_IRQHandler
                0x0800b4c8                RCC_IRQHandler
                0x0800b4c8                TIM8_BRK_TIM12_IRQHandler
                0x0800b4c8                Default_Handler
                0x0800b4c8                EXTI15_10_IRQHandler
                0x0800b4c8                ADC_IRQHandler
                0x0800b4c8                DMA1_Stream7_IRQHandler
                0x0800b4c8                SPI5_IRQHandler
                0x0800b4c8                CAN2_TX_IRQHandler
                0x0800b4c8                DMA2_Stream7_IRQHandler
                0x0800b4c8                I2C3_EV_IRQHandler
                0x0800b4c8                RTC_WKUP_IRQHandler
                0x0800b4c8                LTDC_IRQHandler
                0x0800b4c8                ETH_WKUP_IRQHandler
                0x0800b4c8                SPI2_IRQHandler
                0x0800b4c8                OTG_HS_EP1_IN_IRQHandler
                0x0800b4c8                DMA1_Stream0_IRQHandler
                0x0800b4c8                CAN1_TX_IRQHandler
                0x0800b4c8                ETH_IRQHandler
                0x0800b4c8                OTG_HS_EP1_OUT_IRQHandler
                0x0800b4c8                WWDG_IRQHandler
                0x0800b4c8                SPI6_IRQHandler
                0x0800b4c8                TIM2_IRQHandler
                0x0800b4c8                OTG_FS_WKUP_IRQHandler
                0x0800b4c8                TIM1_TRG_COM_TIM11_IRQHandler
                0x0800b4c8                OTG_HS_IRQHandler
                0x0800b4c8                DMA2D_IRQHandler
                0x0800b4c8                USART2_IRQHandler
                0x0800b4c8                DMA2_Stream1_IRQHandler
                0x0800b4c8                CAN1_SCE_IRQHandler
                0x0800b4c8                FLASH_IRQHandler
                0x0800b4c8                DMA2_Stream4_IRQHandler
                0x0800b4c8                SPI3_IRQHandler
                0x0800b4c8                DMA1_Stream4_IRQHandler
                0x0800b4c8                FMC_IRQHandler
                0x0800b4c8                DMA2_Stream6_IRQHandler
                0x0800b4c8                SAI1_IRQHandler
                0x0800b4c8                DMA1_Stream3_IRQHandler
 *fill*         0x0800b4ca        0x2 
 .text.__libc_init_array
                0x0800b4cc       0x48 c:/program files (x86)/atollic/truestudio for stm32 9.0.1/armtools/bin/../lib/gcc/arm-atollic-eabi/6.3.1/../../../../arm-atollic-eabi/lib/armv7e-m/fpu\libc_nano.a(lib_a-init.o)
                0x0800b4cc                __libc_init_array
 .text.malloc   0x0800b514       0x10 c:/program files (x86)/atollic/truestudio for stm32 9.0.1/armtools/bin/../lib/gcc/arm-atollic-eabi/6.3.1/../../../../arm-atollic-eabi/lib/armv7e-m/fpu\libc_nano.a(lib_a-malloc.o)
                0x0800b514                malloc
 .text.memcpy   0x0800b524       0x16 c:/program files (x86)/atollic/truestudio for stm32 9.0.1/armtools/bin/../lib/gcc/arm-atollic-eabi/6.3.1/../../../../arm-atollic-eabi/lib/armv7e-m/fpu\libc_nano.a(lib_a-memcpy-stub.o)
                0x0800b524                memcpy
 .text.memset   0x0800b53a       0x10 c:/program files (x86)/atollic/truestudio for stm32 9.0.1/armtools/bin/../lib/gcc/arm-atollic-eabi/6.3.1/../../../../arm-atollic-eabi/lib/armv7e-m/fpu\libc_nano.a(lib_a-memset.o)
                0x0800b53a                memset
 *fill*         0x0800b54a        0x2 
 .text._free_r  0x0800b54c       0x9c c:/program files (x86)/atollic/truestudio for stm32 9.0.1/armtools/bin/../lib/gcc/arm-atollic-eabi/6.3.1/../../../../arm-atollic-eabi/lib/armv7e-m/fpu\libc_nano.a(lib_a-nano-freer.o)
                0x0800b54c                _free_r
 .text._malloc_r
                0x0800b5e8       0xbc c:/program files (x86)/atollic/truestudio for stm32 9.0.1/armtools/bin/../lib/gcc/arm-atollic-eabi/6.3.1/../../../../arm-atollic-eabi/lib/armv7e-m/fpu\libc_nano.a(lib_a-nano-mallocr.o)
                0x0800b5e8                _malloc_r
 .text.__cvt    0x0800b6a4       0xc2 c:/program files (x86)/atollic/truestudio for stm32 9.0.1/armtools/bin/../lib/gcc/arm-atollic-eabi/6.3.1/../../../../arm-atollic-eabi/lib/armv7e-m/fpu\libc_nano.a(lib_a-nano-vfprintf_float.o)
                0x0800b6a4                __cvt
 .text.__exponent
                0x0800b766       0x6a c:/program files (x86)/atollic/truestudio for stm32 9.0.1/armtools/bin/../lib/gcc/arm-atollic-eabi/6.3.1/../../../../arm-atollic-eabi/lib/armv7e-m/fpu\libc_nano.a(lib_a-nano-vfprintf_float.o)
                0x0800b766                __exponent
 .text._printf_float
                0x0800b7d0      0x480 c:/program files (x86)/atollic/truestudio for stm32 9.0.1/armtools/bin/../lib/gcc/arm-atollic-eabi/6.3.1/../../../../arm-atollic-eabi/lib/armv7e-m/fpu\libc_nano.a(lib_a-nano-vfprintf_float.o)
                0x0800b7d0                _printf_float
 .text._printf_common
                0x0800bc50       0xec c:/program files (x86)/atollic/truestudio for stm32 9.0.1/armtools/bin/../lib/gcc/arm-atollic-eabi/6.3.1/../../../../arm-atollic-eabi/lib/armv7e-m/fpu\libc_nano.a(lib_a-nano-vfprintf_i.o)
                0x0800bc50                _printf_common
 .text._printf_i
                0x0800bd3c      0x240 c:/program files (x86)/atollic/truestudio for stm32 9.0.1/armtools/bin/../lib/gcc/arm-atollic-eabi/6.3.1/../../../../arm-atollic-eabi/lib/armv7e-m/fpu\libc_nano.a(lib_a-nano-vfprintf_i.o)
                0x0800bd3c                _printf_i
 .text.printf   0x0800bf7c       0x30 c:/program files (x86)/atollic/truestudio for stm32 9.0.1/armtools/bin/../lib/gcc/arm-atollic-eabi/6.3.1/../../../../arm-atollic-eabi/lib/armv7e-m/fpu\libc_nano.a(lib_a-printf.o)
                0x0800bf7c                iprintf
                0x0800bf7c                printf
 .text._puts_r  0x0800bfac       0xb8 c:/program files (x86)/atollic/truestudio for stm32 9.0.1/armtools/bin/../lib/gcc/arm-atollic-eabi/6.3.1/../../../../arm-atollic-eabi/lib/armv7e-m/fpu\libc_nano.a(lib_a-puts.o)
                0x0800bfac                _puts_r
 .text.puts     0x0800c064       0x10 c:/program files (x86)/atollic/truestudio for stm32 9.0.1/armtools/bin/../lib/gcc/arm-atollic-eabi/6.3.1/../../../../arm-atollic-eabi/lib/armv7e-m/fpu\libc_nano.a(lib_a-puts.o)
                0x0800c064                puts
 .text._sbrk_r  0x0800c074       0x20 c:/program files (x86)/atollic/truestudio for stm32 9.0.1/armtools/bin/../lib/gcc/arm-atollic-eabi/6.3.1/../../../../arm-atollic-eabi/lib/armv7e-m/fpu\libc_nano.a(lib_a-sbrkr.o)
                0x0800c074                _sbrk_r
 .text.sprintf  0x0800c094       0x48 c:/program files (x86)/atollic/truestudio for stm32 9.0.1/armtools/bin/../lib/gcc/arm-atollic-eabi/6.3.1/../../../../arm-atollic-eabi/lib/armv7e-m/fpu\libc_nano.a(lib_a-sprintf.o)
                0x0800c094                siprintf
                0x0800c094                sprintf
 .text.strcpy   0x0800c0dc       0x10 c:/program files (x86)/atollic/truestudio for stm32 9.0.1/armtools/bin/../lib/gcc/arm-atollic-eabi/6.3.1/../../../../arm-atollic-eabi/lib/armv7e-m/fpu\libc_nano.a(lib_a-strcpy.o)
                0x0800c0dc                strcpy
 .text.strncpy  0x0800c0ec       0x2a c:/program files (x86)/atollic/truestudio for stm32 9.0.1/armtools/bin/../lib/gcc/arm-atollic-eabi/6.3.1/../../../../arm-atollic-eabi/lib/armv7e-m/fpu\libc_nano.a(lib_a-strncpy.o)
                0x0800c0ec                strncpy
 *fill*         0x0800c116        0x2 
 .text.__swbuf_r
                0x0800c118       0xa4 c:/program files (x86)/atollic/truestudio for stm32 9.0.1/armtools/bin/../lib/gcc/arm-atollic-eabi/6.3.1/../../../../arm-atollic-eabi/lib/armv7e-m/fpu\libc_nano.a(lib_a-wbuf.o)
                0x0800c118                __swbuf_r
 .text.__swsetup_r
                0x0800c1bc       0xdc c:/program files (x86)/atollic/truestudio for stm32 9.0.1/armtools/bin/../lib/gcc/arm-atollic-eabi/6.3.1/../../../../arm-atollic-eabi/lib/armv7e-m/fpu\libc_nano.a(lib_a-wsetup.o)
                0x0800c1bc                __swsetup_r
 .text.quorem   0x0800c298      0x118 c:/program files (x86)/atollic/truestudio for stm32 9.0.1/armtools/bin/../lib/gcc/arm-atollic-eabi/6.3.1/../../../../arm-atollic-eabi/lib/armv7e-m/fpu\libc_nano.a(lib_a-dtoa.o)
 .text._dtoa_r  0x0800c3b0      0xb9c c:/program files (x86)/atollic/truestudio for stm32 9.0.1/armtools/bin/../lib/gcc/arm-atollic-eabi/6.3.1/../../../../arm-atollic-eabi/lib/armv7e-m/fpu\libc_nano.a(lib_a-dtoa.o)
                0x0800c3b0                _dtoa_r
 .text.__sflush_r
                0x0800cf4c      0x110 c:/program files (x86)/atollic/truestudio for stm32 9.0.1/armtools/bin/../lib/gcc/arm-atollic-eabi/6.3.1/../../../../arm-atollic-eabi/lib/armv7e-m/fpu\libc_nano.a(lib_a-fflush.o)
                0x0800cf4c                __sflush_r
 .text._fflush_r
                0x0800d05c       0x54 c:/program files (x86)/atollic/truestudio for stm32 9.0.1/armtools/bin/../lib/gcc/arm-atollic-eabi/6.3.1/../../../../arm-atollic-eabi/lib/armv7e-m/fpu\libc_nano.a(lib_a-fflush.o)
                0x0800d05c                _fflush_r
 .text._cleanup_r
                0x0800d0b0        0xc c:/program files (x86)/atollic/truestudio for stm32 9.0.1/armtools/bin/../lib/gcc/arm-atollic-eabi/6.3.1/../../../../arm-atollic-eabi/lib/armv7e-m/fpu\libc_nano.a(lib_a-findfp.o)
                0x0800d0b0                _cleanup_r
 .text.std.isra.0
                0x0800d0bc       0x48 c:/program files (x86)/atollic/truestudio for stm32 9.0.1/armtools/bin/../lib/gcc/arm-atollic-eabi/6.3.1/../../../../arm-atollic-eabi/lib/armv7e-m/fpu\libc_nano.a(lib_a-findfp.o)
 .text.__sfmoreglue
                0x0800d104       0x2c c:/program files (x86)/atollic/truestudio for stm32 9.0.1/armtools/bin/../lib/gcc/arm-atollic-eabi/6.3.1/../../../../arm-atollic-eabi/lib/armv7e-m/fpu\libc_nano.a(lib_a-findfp.o)
                0x0800d104                __sfmoreglue
 .text.__sinit  0x0800d130       0x60 c:/program files (x86)/atollic/truestudio for stm32 9.0.1/armtools/bin/../lib/gcc/arm-atollic-eabi/6.3.1/../../../../arm-atollic-eabi/lib/armv7e-m/fpu\libc_nano.a(lib_a-findfp.o)
                0x0800d130                __sinit
 .text.__sfp    0x0800d190       0x78 c:/program files (x86)/atollic/truestudio for stm32 9.0.1/armtools/bin/../lib/gcc/arm-atollic-eabi/6.3.1/../../../../arm-atollic-eabi/lib/armv7e-m/fpu\libc_nano.a(lib_a-findfp.o)
                0x0800d190                __sfp
 .text._fwalk_reent
                0x0800d208       0x3c c:/program files (x86)/atollic/truestudio for stm32 9.0.1/armtools/bin/../lib/gcc/arm-atollic-eabi/6.3.1/../../../../arm-atollic-eabi/lib/armv7e-m/fpu\libc_nano.a(lib_a-fwalk.o)
                0x0800d208                _fwalk_reent
 .text._localeconv_r
                0x0800d244       0x1c c:/program files (x86)/atollic/truestudio for stm32 9.0.1/armtools/bin/../lib/gcc/arm-atollic-eabi/6.3.1/../../../../arm-atollic-eabi/lib/armv7e-m/fpu\libc_nano.a(lib_a-localeconv.o)
                0x0800d244                _localeconv_r
 .text.__swhatbuf_r
                0x0800d260       0x48 c:/program files (x86)/atollic/truestudio for stm32 9.0.1/armtools/bin/../lib/gcc/arm-atollic-eabi/6.3.1/../../../../arm-atollic-eabi/lib/armv7e-m/fpu\libc_nano.a(lib_a-makebuf.o)
                0x0800d260                __swhatbuf_r
 .text.__smakebuf_r
                0x0800d2a8       0x80 c:/program files (x86)/atollic/truestudio for stm32 9.0.1/armtools/bin/../lib/gcc/arm-atollic-eabi/6.3.1/../../../../arm-atollic-eabi/lib/armv7e-m/fpu\libc_nano.a(lib_a-makebuf.o)
                0x0800d2a8                __smakebuf_r
 .text.__malloc_lock
                0x0800d328        0x2 c:/program files (x86)/atollic/truestudio for stm32 9.0.1/armtools/bin/../lib/gcc/arm-atollic-eabi/6.3.1/../../../../arm-atollic-eabi/lib/armv7e-m/fpu\libc_nano.a(lib_a-mlock.o)
                0x0800d328                __malloc_lock
 .text.__malloc_unlock
                0x0800d32a        0x2 c:/program files (x86)/atollic/truestudio for stm32 9.0.1/armtools/bin/../lib/gcc/arm-atollic-eabi/6.3.1/../../../../arm-atollic-eabi/lib/armv7e-m/fpu\libc_nano.a(lib_a-mlock.o)
                0x0800d32a                __malloc_unlock
 .text._Balloc  0x0800d32c       0x68 c:/program files (x86)/atollic/truestudio for stm32 9.0.1/armtools/bin/../lib/gcc/arm-atollic-eabi/6.3.1/../../../../arm-atollic-eabi/lib/armv7e-m/fpu\libc_nano.a(lib_a-mprec.o)
                0x0800d32c                _Balloc
 .text._Bfree   0x0800d394       0x2e c:/program files (x86)/atollic/truestudio for stm32 9.0.1/armtools/bin/../lib/gcc/arm-atollic-eabi/6.3.1/../../../../arm-atollic-eabi/lib/armv7e-m/fpu\libc_nano.a(lib_a-mprec.o)
                0x0800d394                _Bfree
 .text.__multadd
                0x0800d3c2       0x76 c:/program files (x86)/atollic/truestudio for stm32 9.0.1/armtools/bin/../lib/gcc/arm-atollic-eabi/6.3.1/../../../../arm-atollic-eabi/lib/armv7e-m/fpu\libc_nano.a(lib_a-mprec.o)
                0x0800d3c2                __multadd
 .text.__hi0bits
                0x0800d438       0x3e c:/program files (x86)/atollic/truestudio for stm32 9.0.1/armtools/bin/../lib/gcc/arm-atollic-eabi/6.3.1/../../../../arm-atollic-eabi/lib/armv7e-m/fpu\libc_nano.a(lib_a-mprec.o)
                0x0800d438                __hi0bits
 .text.__lo0bits
                0x0800d476       0x5e c:/program files (x86)/atollic/truestudio for stm32 9.0.1/armtools/bin/../lib/gcc/arm-atollic-eabi/6.3.1/../../../../arm-atollic-eabi/lib/armv7e-m/fpu\libc_nano.a(lib_a-mprec.o)
                0x0800d476                __lo0bits
 .text.__i2b    0x0800d4d4       0x12 c:/program files (x86)/atollic/truestudio for stm32 9.0.1/armtools/bin/../lib/gcc/arm-atollic-eabi/6.3.1/../../../../arm-atollic-eabi/lib/armv7e-m/fpu\libc_nano.a(lib_a-mprec.o)
                0x0800d4d4                __i2b
 .text.__multiply
                0x0800d4e6      0x11a c:/program files (x86)/atollic/truestudio for stm32 9.0.1/armtools/bin/../lib/gcc/arm-atollic-eabi/6.3.1/../../../../arm-atollic-eabi/lib/armv7e-m/fpu\libc_nano.a(lib_a-mprec.o)
                0x0800d4e6                __multiply
 .text.__pow5mult
                0x0800d600       0x9c c:/program files (x86)/atollic/truestudio for stm32 9.0.1/armtools/bin/../lib/gcc/arm-atollic-eabi/6.3.1/../../../../arm-atollic-eabi/lib/armv7e-m/fpu\libc_nano.a(lib_a-mprec.o)
                0x0800d600                __pow5mult
 .text.__lshift
                0x0800d69c       0xa2 c:/program files (x86)/atollic/truestudio for stm32 9.0.1/armtools/bin/../lib/gcc/arm-atollic-eabi/6.3.1/../../../../arm-atollic-eabi/lib/armv7e-m/fpu\libc_nano.a(lib_a-mprec.o)
                0x0800d69c                __lshift
 .text.__mcmp   0x0800d73e       0x34 c:/program files (x86)/atollic/truestudio for stm32 9.0.1/armtools/bin/../lib/gcc/arm-atollic-eabi/6.3.1/../../../../arm-atollic-eabi/lib/armv7e-m/fpu\libc_nano.a(lib_a-mprec.o)
                0x0800d73e                __mcmp
 .text.__mdiff  0x0800d772       0xbc c:/program files (x86)/atollic/truestudio for stm32 9.0.1/armtools/bin/../lib/gcc/arm-atollic-eabi/6.3.1/../../../../arm-atollic-eabi/lib/armv7e-m/fpu\libc_nano.a(lib_a-mprec.o)
                0x0800d772                __mdiff
 .text.__d2b    0x0800d82e       0x9e c:/program files (x86)/atollic/truestudio for stm32 9.0.1/armtools/bin/../lib/gcc/arm-atollic-eabi/6.3.1/../../../../arm-atollic-eabi/lib/armv7e-m/fpu\libc_nano.a(lib_a-mprec.o)
                0x0800d82e                __d2b
 .text._calloc_r
                0x0800d8cc       0x1c c:/program files (x86)/atollic/truestudio for stm32 9.0.1/armtools/bin/../lib/gcc/arm-atollic-eabi/6.3.1/../../../../arm-atollic-eabi/lib/armv7e-m/fpu\libc_nano.a(lib_a-nano-callocr.o)
                0x0800d8cc                _calloc_r
 .text.__ssputs_r
                0x0800d8e8       0xb6 c:/program files (x86)/atollic/truestudio for stm32 9.0.1/armtools/bin/../lib/gcc/arm-atollic-eabi/6.3.1/../../../../arm-atollic-eabi/lib/armv7e-m/fpu\libc_nano.a(lib_a-nano-svfprintf.o)
                0x0800d8e8                __ssputs_r
 *fill*         0x0800d99e        0x2 
 .text._svfprintf_r
                0x0800d9a0      0x1e8 c:/program files (x86)/atollic/truestudio for stm32 9.0.1/armtools/bin/../lib/gcc/arm-atollic-eabi/6.3.1/../../../../arm-atollic-eabi/lib/armv7e-m/fpu\libc_nano.a(lib_a-nano-svfprintf.o)
                0x0800d9a0                _svfiprintf_r
                0x0800d9a0                _svfprintf_r
 .text.__sfputc_r
                0x0800db88       0x30 c:/program files (x86)/atollic/truestudio for stm32 9.0.1/armtools/bin/../lib/gcc/arm-atollic-eabi/6.3.1/../../../../arm-atollic-eabi/lib/armv7e-m/fpu\libc_nano.a(lib_a-nano-vfprintf.o)
 .text.__sfputs_r
                0x0800dbb8       0x24 c:/program files (x86)/atollic/truestudio for stm32 9.0.1/armtools/bin/../lib/gcc/arm-atollic-eabi/6.3.1/../../../../arm-atollic-eabi/lib/armv7e-m/fpu\libc_nano.a(lib_a-nano-vfprintf.o)
                0x0800dbb8                __sfputs_r
 .text._vfprintf_r
                0x0800dbdc      0x22c c:/program files (x86)/atollic/truestudio for stm32 9.0.1/armtools/bin/../lib/gcc/arm-atollic-eabi/6.3.1/../../../../arm-atollic-eabi/lib/armv7e-m/fpu\libc_nano.a(lib_a-nano-vfprintf.o)
                0x0800dbdc                _vfprintf_r
                0x0800dbdc                _vfiprintf_r