bsp_sdcard.c:143:6:BSP_SDCard_Task	664	static
bsp_sdcard.c:35:6:BSP_SDCard_Init	40	static
bsp_sdcard.c:56:6:BSP_SDCard_SPIInit	8	static
bsp_sdcard.c:82:6:BSP_SDCardSPIDeInit	0	static
bsp_sdcard.c:92:6:BSP_SDCard_WriteSensorsData	0	static
bsp_sdcard.c:132:6:BSP_SDCard_StartWrite	0	static
bsp_sdcard.c:207:10:BSP_SDCard_GetFileNumbers	88	static
bsp_sdcard.c:104:19:BSP_SDCard_GetNewFileName	8	static
bsp_sdcard.c:236:6:BSP_SDCard_CreateDefaultFolders	32	static
bsp_sdcard.c:296:9:SD_IO_CSState	0	static
bsp_sdcard.c:311:8:SD_IO_WriteReadData	16	static
bsp_sdcard.c:321:11:SD_IO_WriteByte	32	static
bsp_sdcard.c:281:9:SD_IO_Init	8	static
