bsp_sdcard.c:35:6:BSP_SDCard_Init	40	static
bsp_sdcard.c:56:6:BSP_SDCard_SPIInit	8	static
bsp_sdcard.c:82:6:BSP_SDCardSPIDeInit	0	static
bsp_sdcard.c:92:6:BSP_SDCard_WriteSensorsData	0	static
bsp_sdcard.c:121:6:BSP_SDCard_StartWrite	0	static
bsp_sdcard.c:202:10:BSP_SDCard_GetFileNumbers	88	static
bsp_sdcard.c:104:7:BSP_SDCard_GetNewFileName	8	static
bsp_sdcard.c:132:6:BSP_SDCard_Task	664	static
bsp_sdcard.c:231:6:BSP_SDCard_CreateDefaultFolders	32	static
bsp_sdcard.c:286:9:SD_IO_CSState	0	static
bsp_sdcard.c:301:8:SD_IO_WriteReadData	16	static
bsp_sdcard.c:311:11:SD_IO_WriteByte	32	static
bsp_sdcard.c:271:9:SD_IO_Init	8	static
