bmp180.c:33:6:BMP180_Init	40	static
bmp180.c:206:6:BMP180_StartMeasure	0	static
bmp180.c:211:9:BMP180_MeasureT	8	static
bmp180.c:227:9:BMP180_MeasureP	16	static
bmp180.c:242:10:BMP180_GetPressure	0	static
bmp180.c:247:7:BMP180_GetAltitude	0	static
bmp180.c:252:6:BMP180_PressureAltitude	56	static
bmp180.c:301:9:BMP180_Measure2T	8	static
bmp180.c:317:9:BMP180_Measure2P	16	static
bmp180.c:332:10:BMP180_GetPressure2	0	static
bmp180.c:337:7:BMP180_GetAltitude2	0	static
bmp180.c:342:6:BMP180_PressureAltitude2	56	static
bmp180.c:53:6:BMP180Task	24	static
