bmp180.c:31:6:BMP180_Init	40	static
bmp180.c:188:6:BMP180_StartMeasure	0	static
bmp180.c:193:9:BMP180_MeasureT	8	static
bmp180.c:209:9:BMP180_MeasureP	16	static
bmp180.c:224:10:BMP180_GetPressure	0	static
bmp180.c:229:7:BMP180_GetAltitude	0	static
bmp180.c:234:6:BMP180_PressureAltitude	56	static
bmp180.c:283:9:BMP180_Measure2T	8	static
bmp180.c:299:9:BMP180_Measure2P	16	static
bmp180.c:314:10:BMP180_GetPressure2	0	static
bmp180.c:319:7:BMP180_GetAltitude2	0	static
bmp180.c:324:6:BMP180_PressureAltitude2	56	static
bmp180.c:51:6:BMP180Task	24	static
