devices.c:35:6:Devices_Init	8	static
devices.c:55:6:Devices_SensorsDataRequest	0	static
devices.c:70:11:Devices_GetDataPointer	0	static
devices.c:76:6:BSP_EXTI0_Callback	0	static
devices.c:90:6:BSP_EXTI1_Callback	0	static
devices.c:104:6:BSP_EXTI2_Callback	0	static
devices.c:118:6:BSP_EXTI3_Callback	0	static
devices.c:133:6:BSP_EXTI4_Callback	0	static
devices.c:148:6:BSP_USART_RxData	8	static
devices.c:183:6:Devices_LedToggle	0	static
devices.c:188:6:Devices_LedOn	0	static
devices.c:193:6:Devices_LedOff	0	static
devices.c:198:6:Devices_IMUOn	0	static
devices.c:203:6:Devices_IMUOff	0	static
