devices.c:32:6:Devices_Init	8	static
devices.c:52:6:Devices_SensorsDataRequest	0	static
devices.c:62:6:BSP_EXTI0_Callback	0	static
devices.c:75:6:BSP_EXTI1_Callback	0	static
devices.c:88:6:BSP_EXTI2_Callback	0	static
devices.c:101:6:BSP_EXTI3_Callback	0	static
devices.c:115:6:BSP_EXTI4_Callback	0	static
devices.c:129:6:BSP_USART_RxData	8	static
devices.c:164:6:Devices_LedToggle	0	static
devices.c:169:6:Devices_LedOn	0	static
devices.c:174:6:Devices_LedOff	0	static
devices.c:179:6:Devices_IMUOn	0	static
devices.c:184:6:Devices_IMUOff	0	static
