stm32f4xx_it.c:56:6:NMI_Handler	0	static
stm32f4xx_it.c:69:6:HardFault_Handler	0	static
stm32f4xx_it.c:87:6:MemManage_Handler	0	static
stm32f4xx_it.c:105:6:BusFault_Handler	0	static
stm32f4xx_it.c:123:6:UsageFault_Handler	0	static
stm32f4xx_it.c:141:6:DebugMon_Handler	0	static
stm32f4xx_it.c:154:6:SysTick_Handler	0	static
stm32f4xx_it.c:175:6:TIM1_UP_TIM10_IRQHandler	0	static
stm32f4xx_it.c:189:6:OTG_FS_IRQHandler	0	static
stm32f4xx_it.c:200:6:TIM7_IRQHandler	0	static
stm32f4xx_it.c:210:6:I2C1_EV_IRQHandler	0	static
stm32f4xx_it.c:221:6:I2C1_ER_IRQHandler	0	static
stm32f4xx_it.c:231:6:EXTI9_5_IRQHandler	0	static
stm32f4xx_it.c:241:6:EXTI4_IRQHandler	8	static
stm32f4xx_it.c:254:6:EXTI3_IRQHandler	8	static
stm32f4xx_it.c:266:6:EXTI2_IRQHandler	8	static
stm32f4xx_it.c:278:6:EXTI1_IRQHandler	8	static
stm32f4xx_it.c:290:6:EXTI0_IRQHandler	8	static
stm32f4xx_it.c:302:6:USART1_IRQHandler	8	static
